******************************************************************************
             TMS320C2000 Linker PC v22.6.0                     
******************************************************************************
>> Linked Tue Aug 27 14:40:57 2024

OUTPUT FILE NAME:   <ThreePhaseRectifier_CurCtl.out>
ENTRY POINT SYMBOL: "_c_int00"  address: 00083d4f


MEMORY CONFIGURATION

         name            origin    length      used     unused   attr    fill
----------------------  --------  ---------  --------  --------  ----  --------
PAGE 0:
  RAMM0                 00000122   000002de  00000000  000002de  RWIX
  RAMLS0                00008000   00000800  0000003f  000007c1  RWIX
  RAMLS1                00008800   00000800  00000000  00000800  RWIX
  RAMLS2                00009000   00000800  00000000  00000800  RWIX
  RAMLS3                00009800   00000800  00000000  00000800  RWIX
  RAMLS4                0000a000   00000800  00000000  00000800  RWIX
  RAMD0                 0000b000   00000800  00000000  00000800  RWIX
  RAMGS14               0001a000   00001000  00000000  00001000  RWIX
  RAMGS15               0001b000   00001000  00000000  00001000  RWIX
  BEGIN                 00080000   00000002  00000002  00000000  RWIX
  FLASHA                00080002   00001ffe  00000000  00001ffe  RWIX
  FLASHB                00082000   00002000  00001f0c  000000f4  RWIX
  FLASHC                00084000   00002000  00000000  00002000  RWIX
  FLASHD                00086000   00002000  0000003f  00001fc1  RWIX
  FLASHE                00088000   00008000  00000000  00008000  RWIX
  FLASHF                00090000   00008000  000001c0  00007e40  RWIX
  FLASHG                00098000   00008000  00000000  00008000  RWIX
  FLASHH                000a0000   00008000  00000000  00008000  RWIX
  FLASHI                000a8000   00008000  00000000  00008000  RWIX
  FLASHJ                000b0000   00008000  00000000  00008000  RWIX
  FLASHK                000b8000   00002000  00000000  00002000  RWIX
  FLASHL                000ba000   00002000  00000000  00002000  RWIX
  FLASHM                000bc000   00002000  00000000  00002000  RWIX
  FLASHN                000be000   00002000  00000000  00002000  RWIX
  RESET                 003fffc0   00000002  00000000  00000002  RWIX

PAGE 1:
  BOOT_RSVD             00000002   00000120  00000000  00000120  RWIX
  RAMM1                 00000400   00000400  00000200  00000200  RWIX
  ADCARESULT            00000b00   00000018  00000018  00000000  RWIX
  ADCBRESULT            00000b20   00000018  00000018  00000000  RWIX
  ADCCRESULT            00000b40   00000018  00000018  00000000  RWIX
  ADCDRESULT            00000b60   00000018  00000018  00000000  RWIX
  CPUTIMER0             00000c00   00000008  00000008  00000000  RWIX
  CPUTIMER1             00000c08   00000008  00000008  00000000  RWIX
  CPUTIMER2             00000c10   00000008  00000008  00000000  RWIX
  PIECTRL               00000ce0   0000001a  0000001a  00000000  RWIX
  PIEVECTTABLE          00000d00   00000200  000001c0  00000040  RWIX
  DMA                   00001000   00000200  000000e0  00000120  RWIX
  CLA1                  00001400   00000080  0000003e  00000042  RWIX
  CLB1LOGICCFG          00003000   00000052  0000003e  00000014  RWIX
  CLB1LOGICCTRL         00003100   00000040  00000040  00000000  RWIX
  CLB1DATAEXCH          00003200   00000200  00000108  000000f8  RWIX
  CLB2LOGICCFG          00003400   00000052  0000003e  00000014  RWIX
  CLB2LOGICCTRL         00003500   00000040  00000040  00000000  RWIX
  CLB2DATAEXCH          00003600   00000200  00000108  000000f8  RWIX
  CLB3LOGICCFG          00003800   00000052  0000003e  00000014  RWIX
  CLB3LOGICCTRL         00003900   00000040  00000040  00000000  RWIX
  CLB3DATAEXCH          00003a00   00000200  00000108  000000f8  RWIX
  CLB4LOGICCFG          00003c00   00000052  0000003e  00000014  RWIX
  CLB4LOGICCTRL         00003d00   00000040  00000040  00000000  RWIX
  CLB4DATAEXCH          00003e00   00000200  00000108  000000f8  RWIX
  EPWM1                 00004000   00000100  00000100  00000000  RWIX
  EPWM2                 00004100   00000100  00000100  00000000  RWIX
  EPWM3                 00004200   00000100  00000100  00000000  RWIX
  EPWM4                 00004300   00000100  00000100  00000000  RWIX
  EPWM5                 00004400   00000100  00000100  00000000  RWIX
  EPWM6                 00004500   00000100  00000100  00000000  RWIX
  EPWM7                 00004600   00000100  00000100  00000000  RWIX
  EPWM8                 00004700   00000100  00000100  00000000  RWIX
  EPWM9                 00004800   00000100  00000100  00000000  RWIX
  EPWM10                00004900   00000100  00000100  00000000  RWIX
  EPWM11                00004a00   00000100  00000100  00000000  RWIX
  EPWM12                00004b00   00000100  00000100  00000000  RWIX
  ECAP1                 00005000   00000020  0000001a  00000006  RWIX
  ECAP2                 00005020   00000020  0000001a  00000006  RWIX
  ECAP3                 00005040   00000020  0000001a  00000006  RWIX
  ECAP4                 00005060   00000020  0000001a  00000006  RWIX
  ECAP5                 00005080   00000020  0000001a  00000006  RWIX
  ECAP6                 000050a0   00000020  0000001a  00000006  RWIX
  EQEP1                 00005100   00000022  00000022  00000000  RWIX
  EQEP2                 00005140   00000022  00000022  00000000  RWIX
  EQEP3                 00005180   00000022  00000022  00000000  RWIX
  DACA                  00005c00   00000008  00000007  00000001  RWIX
  DACB                  00005c10   00000008  00000007  00000001  RWIX
  DACC                  00005c20   00000008  00000007  00000001  RWIX
  CMPSS1                00005c80   00000020  0000001b  00000005  RWIX
  CMPSS2                00005ca0   00000020  0000001b  00000005  RWIX
  CMPSS3                00005cc0   00000020  0000001b  00000005  RWIX
  CMPSS4                00005ce0   00000020  0000001b  00000005  RWIX
  CMPSS5                00005d00   00000020  0000001b  00000005  RWIX
  CMPSS6                00005d20   00000020  0000001b  00000005  RWIX
  CMPSS7                00005d40   00000020  0000001b  00000005  RWIX
  CMPSS8                00005d60   00000020  0000001b  00000005  RWIX
  SDFM1                 00005e00   00000080  00000048  00000038  RWIX
  SDFM2                 00005e80   00000080  00000048  00000038  RWIX
  MCBSPA                00006000   00000024  00000024  00000000  RWIX
  MCBSPB                00006040   00000024  00000024  00000000  RWIX
  SPIA                  00006100   00000010  00000010  00000000  RWIX
  SPIB                  00006110   00000010  00000010  00000000  RWIX
  SPIC                  00006120   00000010  00000010  00000000  RWIX
  UPP                   00006200   00000048  00000048  00000000  RWIX
  WD                    00007000   0000002b  0000002b  00000000  RWIX
  NMIINTRUPT            00007060   00000007  00000007  00000000  RWIX
  XINT                  00007070   0000000b  0000000b  00000000  RWIX
  SCIA                  00007200   00000010  00000010  00000000  RWIX
  SCIB                  00007210   00000010  00000010  00000000  RWIX
  SCIC                  00007220   00000010  00000010  00000000  RWIX
  SCID                  00007230   00000010  00000010  00000000  RWIX
  I2CA                  00007300   00000022  00000022  00000000  RWIX
  I2CB                  00007340   00000022  00000022  00000000  RWIX
  ADCA                  00007400   00000080  0000007c  00000004  RWIX
  ADCB                  00007480   00000080  0000007c  00000004  RWIX
  ADCC                  00007500   00000080  0000007c  00000004  RWIX
  ADCD                  00007580   00000080  0000007c  00000004  RWIX
  INPUTXBAR             00007900   00000020  00000020  00000000  RWIX
  XBAR                  00007920   00000020  0000000e  00000012  RWIX
  SYNCSOC               00007940   00000006  00000006  00000000  RWIX
  DMACLASRCSEL          00007980   0000001a  0000001a  00000000  RWIX
  EPWMXBAR              00007a00   00000040  00000040  00000000  RWIX
  CLBXBAR               00007a40   00000040  00000040  00000000  RWIX
  OUTPUTXBAR            00007a80   00000040  00000040  00000000  RWIX
  GPIOCTRL              00007c00   00000180  00000180  00000000  RWIX
  GPIODATA              00007f00   00000030  00000030  00000000  RWIX
  RAMLS5                0000a800   00000800  00000800  00000000  RWIX
  RAMD1                 0000b800   00000800  00000000  00000800  RWIX
  RAMGS0                0000c000   00001000  000001f3  00000e0d  RWIX
  RAMGS1                0000d000   00001000  00000000  00001000  RWIX
  RAMGS2                0000e000   00001000  00000000  00001000  RWIX
  RAMGS3                0000f000   00001000  00000000  00001000  RWIX
  RAMGS4                00010000   00001000  00000000  00001000  RWIX
  RAMGS5                00011000   00001000  00000000  00001000  RWIX
  RAMGS6                00012000   00001000  00000000  00001000  RWIX
  RAMGS7                00013000   00001000  00000000  00001000  RWIX
  RAMGS8                00014000   00001000  00000000  00001000  RWIX
  RAMGS9                00015000   00001000  00000000  00001000  RWIX
  RAMGS10               00016000   00001000  00000000  00001000  RWIX
  RAMGS11               00017000   00001000  00000000  00001000  RWIX
  RAMGS12               00018000   00001000  00000000  00001000  RWIX
  RAMGS13               00019000   00001000  00000000  00001000  RWIX
  CPU2TOCPU1RAM         0003f800   00000400  00000000  00000400  RWIX
  CPU1TOCPU2RAM         0003fc00   00000400  00000088  00000378  RWIX
  EMIF1                 00047000   00000070  00000028  00000048  RWIX
  EMIF2                 00047800   00000070  00000028  00000048  RWIX
  CANA                  00048000   00000200  00000164  0000009c  RWIX
  CANB                  0004a000   00000200  00000164  0000009c  RWIX
  IPC                   00050000   00000024  00000024  00000000  RWIX
  FLASHPUMPSEMAPHORE    00050024   00000002  00000002  00000000  RWIX
  DEVCFG                0005d000   0000012e  0000012e  00000000  RWIX
  ANALOGSUBSYS          0005d180   00000048  0000003e  0000000a  RWIX
  CLKCFG                0005d200   00000032  00000032  00000000  RWIX
  CPUSYS                0005d300   00000082  00000082  00000000  RWIX
  ROMPREFETCH           0005e608   00000002  00000002  00000000  RWIX
  DCSMZ1                0005f000   00000024  00000022  00000002  RWIX
  DCSMZ2                0005f040   00000024  00000022  00000002  RWIX
  DCSMCOMMON            0005f070   00000008  00000006  00000002  RWIX
  MEMCFG                0005f400   00000080  00000076  0000000a  RWIX
  EMIF1CONFIG           0005f480   00000020  0000000a  00000016  RWIX
  EMIF2CONFIG           0005f4a0   00000020  0000000a  00000016  RWIX
  ACCESSPROTECTION      0005f4c0   00000040  0000002e  00000012  RWIX
  MEMORYERROR           0005f500   00000040  0000003a  00000006  RWIX
  ROMWAITSTATE          0005f540   00000002  00000002  00000000  RWIX
  FLASH0CTRL            0005f800   00000182  00000182  00000000  RWIX
  FLASH0ECC             0005fb00   00000028  00000028  00000000  RWIX
  EMIF1_CS2n            00100000   00200000  00000000  00200000  RWIX
  EMIF1_CS3n            00300000   00080000  00000000  00080000  RWIX


SECTION ALLOCATION MAP

 output                                  attributes/
section   page    origin      length       input sections
--------  ----  ----------  ----------   ----------------
.cinit     0    00082000    000001ff     
                  00082000    00000115     main.obj (.cinit)
                  00082115    00000028     bsp_epwm.obj (.cinit)
                  0008213d    00000021     F2837xD_struct.obj (.cinit:_TRIP_SEL)
                  0008215e    0000001d     F2837xD_struct.obj (.cinit:_EPWM)
                  0008217b    00000011     F2837xD_struct.obj (.cinit:_ECAP)
                  0008218c    0000000f     device.obj (.cinit)
                  0008219b    0000000e     rts2800_fpu32.lib : exit.c.obj (.cinit)
                  000821a9    0000000d     F2837xD_struct.obj (.cinit:_ADC)
                  000821b6    0000000b     F2837xD_struct.obj (.cinit:_EQEP)
                  000821c1    0000000b     F2837xD_struct.obj (.cinit:_SPI)
                  000821cc    00000009     F2837xD_struct.obj (.cinit:_SDFM)
                  000821d5    00000007     F2837xD_struct.obj (.cinit:_I2C)
                  000821dc    00000007     F2837xD_struct.obj (.cinit:_MCBSP)
                  000821e3    00000007     F2837xD_struct.obj (.cinit:_SCI)
                  000821ea    00000005     main.obj (.cinit:_Vac)
                  000821ef    00000005     rts2800_fpu32.lib : _lock.c.obj (.cinit:__lock)
                  000821f4    00000005                       : _lock.c.obj (.cinit:__unlock)
                  000821f9    00000004     F2837xD_sci_io.obj (.cinit)
                  000821fd    00000002     --HOLE-- [fill = 0]

.pinit     0    00082000    00000000     UNINITIALIZED

codestart 
*          0    00080000    00000002     
                  00080000    00000002     F2837xD_CodeStartBranch.obj (codestart)

.TI.ramfunc 
*          0    00086000    0000003f     RUN ADDR = 00008000
                  00086000    00000037     F2837xD_SysCtrl.obj (.TI.ramfunc)
                  00086037    00000004     F2837xD_usDelay.obj (.TI.ramfunc)
                  0008603b    00000004     sysctl.obj (.TI.ramfunc)

.stack     1    00000400    00000200     UNINITIALIZED
                  00000400    00000200     --HOLE--

.reset     0    003fffc0    00000002     DSECT
                  003fffc0    00000002     rts2800_fpu32.lib : boot28.asm.obj (.reset)

.econst    0    00090000    000001c0     
                  00090000    000001c0     F2837xD_PieVect.obj (.econst:_PieVectTableInit)

AdcaResultRegsFile 
*          1    00000b00    00000018     UNINITIALIZED
                  00000b00    00000018     F2837xD_GlobalVariableDefs.obj (AdcaResultRegsFile)

AdcbResultRegsFile 
*          1    00000b20    00000018     UNINITIALIZED
                  00000b20    00000018     F2837xD_GlobalVariableDefs.obj (AdcbResultRegsFile)

AdccResultRegsFile 
*          1    00000b40    00000018     UNINITIALIZED
                  00000b40    00000018     F2837xD_GlobalVariableDefs.obj (AdccResultRegsFile)

AdcdResultRegsFile 
*          1    00000b60    00000018     UNINITIALIZED
                  00000b60    00000018     F2837xD_GlobalVariableDefs.obj (AdcdResultRegsFile)

CpuTimer0RegsFile 
*          1    00000c00    00000008     UNINITIALIZED
                  00000c00    00000008     F2837xD_GlobalVariableDefs.obj (CpuTimer0RegsFile)

CpuTimer1RegsFile 
*          1    00000c08    00000008     UNINITIALIZED
                  00000c08    00000008     F2837xD_GlobalVariableDefs.obj (CpuTimer1RegsFile)

CpuTimer2RegsFile 
*          1    00000c10    00000008     UNINITIALIZED
                  00000c10    00000008     F2837xD_GlobalVariableDefs.obj (CpuTimer2RegsFile)

PieCtrlRegsFile 
*          1    00000ce0    0000001a     UNINITIALIZED
                  00000ce0    0000001a     F2837xD_GlobalVariableDefs.obj (PieCtrlRegsFile)

DmaRegsFile 
*          1    00001000    000000e0     UNINITIALIZED
                  00001000    000000e0     F2837xD_GlobalVariableDefs.obj (DmaRegsFile)

Cla1RegsFile 
*          1    00001400    0000003e     UNINITIALIZED
                  00001400    0000003e     F2837xD_GlobalVariableDefs.obj (Cla1RegsFile)

Clb1LogicCfgRegsFile 
*          1    00003000    0000003e     UNINITIALIZED
                  00003000    0000003e     F2837xD_GlobalVariableDefs.obj (Clb1LogicCfgRegsFile)

Clb1LogicCtrlRegsFile 
*          1    00003100    00000040     UNINITIALIZED
                  00003100    00000040     F2837xD_GlobalVariableDefs.obj (Clb1LogicCtrlRegsFile)

Clb1DataExchRegsFile 
*          1    00003200    00000108     UNINITIALIZED
                  00003200    00000108     F2837xD_GlobalVariableDefs.obj (Clb1DataExchRegsFile)

Clb2LogicCfgRegsFile 
*          1    00003400    0000003e     UNINITIALIZED
                  00003400    0000003e     F2837xD_GlobalVariableDefs.obj (Clb2LogicCfgRegsFile)

Clb2LogicCtrlRegsFile 
*          1    00003500    00000040     UNINITIALIZED
                  00003500    00000040     F2837xD_GlobalVariableDefs.obj (Clb2LogicCtrlRegsFile)

Clb2DataExchRegsFile 
*          1    00003600    00000108     UNINITIALIZED
                  00003600    00000108     F2837xD_GlobalVariableDefs.obj (Clb2DataExchRegsFile)

Clb3LogicCfgRegsFile 
*          1    00003800    0000003e     UNINITIALIZED
                  00003800    0000003e     F2837xD_GlobalVariableDefs.obj (Clb3LogicCfgRegsFile)

Clb3LogicCtrlRegsFile 
*          1    00003900    00000040     UNINITIALIZED
                  00003900    00000040     F2837xD_GlobalVariableDefs.obj (Clb3LogicCtrlRegsFile)

Clb3DataExchRegsFile 
*          1    00003a00    00000108     UNINITIALIZED
                  00003a00    00000108     F2837xD_GlobalVariableDefs.obj (Clb3DataExchRegsFile)

Clb4LogicCfgRegsFile 
*          1    00003c00    0000003e     UNINITIALIZED
                  00003c00    0000003e     F2837xD_GlobalVariableDefs.obj (Clb4LogicCfgRegsFile)

Clb4LogicCtrlRegsFile 
*          1    00003d00    00000040     UNINITIALIZED
                  00003d00    00000040     F2837xD_GlobalVariableDefs.obj (Clb4LogicCtrlRegsFile)

Clb4DataExchRegsFile 
*          1    00003e00    00000108     UNINITIALIZED
                  00003e00    00000108     F2837xD_GlobalVariableDefs.obj (Clb4DataExchRegsFile)

EPwm1RegsFile 
*          1    00004000    00000100     UNINITIALIZED
                  00004000    00000100     F2837xD_GlobalVariableDefs.obj (EPwm1RegsFile)

EPwm2RegsFile 
*          1    00004100    00000100     UNINITIALIZED
                  00004100    00000100     F2837xD_GlobalVariableDefs.obj (EPwm2RegsFile)

EPwm3RegsFile 
*          1    00004200    00000100     UNINITIALIZED
                  00004200    00000100     F2837xD_GlobalVariableDefs.obj (EPwm3RegsFile)

EPwm4RegsFile 
*          1    00004300    00000100     UNINITIALIZED
                  00004300    00000100     F2837xD_GlobalVariableDefs.obj (EPwm4RegsFile)

EPwm5RegsFile 
*          1    00004400    00000100     UNINITIALIZED
                  00004400    00000100     F2837xD_GlobalVariableDefs.obj (EPwm5RegsFile)

EPwm6RegsFile 
*          1    00004500    00000100     UNINITIALIZED
                  00004500    00000100     F2837xD_GlobalVariableDefs.obj (EPwm6RegsFile)

EPwm7RegsFile 
*          1    00004600    00000100     UNINITIALIZED
                  00004600    00000100     F2837xD_GlobalVariableDefs.obj (EPwm7RegsFile)

EPwm8RegsFile 
*          1    00004700    00000100     UNINITIALIZED
                  00004700    00000100     F2837xD_GlobalVariableDefs.obj (EPwm8RegsFile)

EPwm9RegsFile 
*          1    00004800    00000100     UNINITIALIZED
                  00004800    00000100     F2837xD_GlobalVariableDefs.obj (EPwm9RegsFile)

EPwm10RegsFile 
*          1    00004900    00000100     UNINITIALIZED
                  00004900    00000100     F2837xD_GlobalVariableDefs.obj (EPwm10RegsFile)

EPwm11RegsFile 
*          1    00004a00    00000100     UNINITIALIZED
                  00004a00    00000100     F2837xD_GlobalVariableDefs.obj (EPwm11RegsFile)

EPwm12RegsFile 
*          1    00004b00    00000100     UNINITIALIZED
                  00004b00    00000100     F2837xD_GlobalVariableDefs.obj (EPwm12RegsFile)

ECap1RegsFile 
*          1    00005000    0000001a     UNINITIALIZED
                  00005000    0000001a     F2837xD_GlobalVariableDefs.obj (ECap1RegsFile)

ECap2RegsFile 
*          1    00005020    0000001a     UNINITIALIZED
                  00005020    0000001a     F2837xD_GlobalVariableDefs.obj (ECap2RegsFile)

ECap3RegsFile 
*          1    00005040    0000001a     UNINITIALIZED
                  00005040    0000001a     F2837xD_GlobalVariableDefs.obj (ECap3RegsFile)

ECap4RegsFile 
*          1    00005060    0000001a     UNINITIALIZED
                  00005060    0000001a     F2837xD_GlobalVariableDefs.obj (ECap4RegsFile)

ECap5RegsFile 
*          1    00005080    0000001a     UNINITIALIZED
                  00005080    0000001a     F2837xD_GlobalVariableDefs.obj (ECap5RegsFile)

ECap6RegsFile 
*          1    000050a0    0000001a     UNINITIALIZED
                  000050a0    0000001a     F2837xD_GlobalVariableDefs.obj (ECap6RegsFile)

EQep1RegsFile 
*          1    00005100    00000022     UNINITIALIZED
                  00005100    00000022     F2837xD_GlobalVariableDefs.obj (EQep1RegsFile)

EQep2RegsFile 
*          1    00005140    00000022     UNINITIALIZED
                  00005140    00000022     F2837xD_GlobalVariableDefs.obj (EQep2RegsFile)

EQep3RegsFile 
*          1    00005180    00000022     UNINITIALIZED
                  00005180    00000022     F2837xD_GlobalVariableDefs.obj (EQep3RegsFile)

DacaRegsFile 
*          1    00005c00    00000007     UNINITIALIZED
                  00005c00    00000007     F2837xD_GlobalVariableDefs.obj (DacaRegsFile)

DacbRegsFile 
*          1    00005c10    00000007     UNINITIALIZED
                  00005c10    00000007     F2837xD_GlobalVariableDefs.obj (DacbRegsFile)

DaccRegsFile 
*          1    00005c20    00000007     UNINITIALIZED
                  00005c20    00000007     F2837xD_GlobalVariableDefs.obj (DaccRegsFile)

Cmpss1RegsFile 
*          1    00005c80    0000001b     UNINITIALIZED
                  00005c80    0000001b     F2837xD_GlobalVariableDefs.obj (Cmpss1RegsFile)

Cmpss2RegsFile 
*          1    00005ca0    0000001b     UNINITIALIZED
                  00005ca0    0000001b     F2837xD_GlobalVariableDefs.obj (Cmpss2RegsFile)

Cmpss3RegsFile 
*          1    00005cc0    0000001b     UNINITIALIZED
                  00005cc0    0000001b     F2837xD_GlobalVariableDefs.obj (Cmpss3RegsFile)

Cmpss4RegsFile 
*          1    00005ce0    0000001b     UNINITIALIZED
                  00005ce0    0000001b     F2837xD_GlobalVariableDefs.obj (Cmpss4RegsFile)

Cmpss5RegsFile 
*          1    00005d00    0000001b     UNINITIALIZED
                  00005d00    0000001b     F2837xD_GlobalVariableDefs.obj (Cmpss5RegsFile)

Cmpss6RegsFile 
*          1    00005d20    0000001b     UNINITIALIZED
                  00005d20    0000001b     F2837xD_GlobalVariableDefs.obj (Cmpss6RegsFile)

Cmpss7RegsFile 
*          1    00005d40    0000001b     UNINITIALIZED
                  00005d40    0000001b     F2837xD_GlobalVariableDefs.obj (Cmpss7RegsFile)

Cmpss8RegsFile 
*          1    00005d60    0000001b     UNINITIALIZED
                  00005d60    0000001b     F2837xD_GlobalVariableDefs.obj (Cmpss8RegsFile)

Sdfm1RegsFile 
*          1    00005e00    00000048     UNINITIALIZED
                  00005e00    00000048     F2837xD_GlobalVariableDefs.obj (Sdfm1RegsFile)

Sdfm2RegsFile 
*          1    00005e80    00000048     UNINITIALIZED
                  00005e80    00000048     F2837xD_GlobalVariableDefs.obj (Sdfm2RegsFile)

McbspaRegsFile 
*          1    00006000    00000024     UNINITIALIZED
                  00006000    00000024     F2837xD_GlobalVariableDefs.obj (McbspaRegsFile)

McbspbRegsFile 
*          1    00006040    00000024     UNINITIALIZED
                  00006040    00000024     F2837xD_GlobalVariableDefs.obj (McbspbRegsFile)

SpiaRegsFile 
*          1    00006100    00000010     UNINITIALIZED
                  00006100    00000010     F2837xD_GlobalVariableDefs.obj (SpiaRegsFile)

SpibRegsFile 
*          1    00006110    00000010     UNINITIALIZED
                  00006110    00000010     F2837xD_GlobalVariableDefs.obj (SpibRegsFile)

SpicRegsFile 
*          1    00006120    00000010     UNINITIALIZED
                  00006120    00000010     F2837xD_GlobalVariableDefs.obj (SpicRegsFile)

UppRegsFile 
*          1    00006200    00000048     UNINITIALIZED
                  00006200    00000048     F2837xD_GlobalVariableDefs.obj (UppRegsFile)

WdRegsFile 
*          1    00007000    0000002b     UNINITIALIZED
                  00007000    0000002b     F2837xD_GlobalVariableDefs.obj (WdRegsFile)

NmiIntruptRegsFile 
*          1    00007060    00000007     UNINITIALIZED
                  00007060    00000007     F2837xD_GlobalVariableDefs.obj (NmiIntruptRegsFile)

XintRegsFile 
*          1    00007070    0000000b     UNINITIALIZED
                  00007070    0000000b     F2837xD_GlobalVariableDefs.obj (XintRegsFile)

SciaRegsFile 
*          1    00007200    00000010     UNINITIALIZED
                  00007200    00000010     F2837xD_GlobalVariableDefs.obj (SciaRegsFile)

ScibRegsFile 
*          1    00007210    00000010     UNINITIALIZED
                  00007210    00000010     F2837xD_GlobalVariableDefs.obj (ScibRegsFile)

ScicRegsFile 
*          1    00007220    00000010     UNINITIALIZED
                  00007220    00000010     F2837xD_GlobalVariableDefs.obj (ScicRegsFile)

ScidRegsFile 
*          1    00007230    00000010     UNINITIALIZED
                  00007230    00000010     F2837xD_GlobalVariableDefs.obj (ScidRegsFile)

I2caRegsFile 
*          1    00007300    00000022     UNINITIALIZED
                  00007300    00000022     F2837xD_GlobalVariableDefs.obj (I2caRegsFile)

I2cbRegsFile 
*          1    00007340    00000022     UNINITIALIZED
                  00007340    00000022     F2837xD_GlobalVariableDefs.obj (I2cbRegsFile)

AdcaRegsFile 
*          1    00007400    0000007c     UNINITIALIZED
                  00007400    0000007c     F2837xD_GlobalVariableDefs.obj (AdcaRegsFile)

AdcbRegsFile 
*          1    00007480    0000007c     UNINITIALIZED
                  00007480    0000007c     F2837xD_GlobalVariableDefs.obj (AdcbRegsFile)

AdccRegsFile 
*          1    00007500    0000007c     UNINITIALIZED
                  00007500    0000007c     F2837xD_GlobalVariableDefs.obj (AdccRegsFile)

AdcdRegsFile 
*          1    00007580    0000007c     UNINITIALIZED
                  00007580    0000007c     F2837xD_GlobalVariableDefs.obj (AdcdRegsFile)

InputXbarRegsFile 
*          1    00007900    00000020     UNINITIALIZED
                  00007900    00000020     F2837xD_GlobalVariableDefs.obj (InputXbarRegsFile)

XbarRegsFile 
*          1    00007920    0000000e     UNINITIALIZED
                  00007920    0000000e     F2837xD_GlobalVariableDefs.obj (XbarRegsFile)

SyncSocRegsFile 
*          1    00007940    00000006     UNINITIALIZED
                  00007940    00000006     F2837xD_GlobalVariableDefs.obj (SyncSocRegsFile)

DmaClaSrcSelRegsFile 
*          1    00007980    0000001a     UNINITIALIZED
                  00007980    0000001a     F2837xD_GlobalVariableDefs.obj (DmaClaSrcSelRegsFile)

EPwmXbarRegsFile 
*          1    00007a00    00000040     UNINITIALIZED
                  00007a00    00000040     F2837xD_GlobalVariableDefs.obj (EPwmXbarRegsFile)

ClbXbarRegsFile 
*          1    00007a40    00000040     UNINITIALIZED
                  00007a40    00000040     F2837xD_GlobalVariableDefs.obj (ClbXbarRegsFile)

OutputXbarRegsFile 
*          1    00007a80    00000040     UNINITIALIZED
                  00007a80    00000040     F2837xD_GlobalVariableDefs.obj (OutputXbarRegsFile)

GpioCtrlRegsFile 
*          1    00007c00    00000180     UNINITIALIZED
                  00007c00    00000180     F2837xD_GlobalVariableDefs.obj (GpioCtrlRegsFile)

GpioDataRegsFile 
*          1    00007f00    00000030     UNINITIALIZED
                  00007f00    00000030     F2837xD_GlobalVariableDefs.obj (GpioDataRegsFile)

PUTBUFFER 
*          1    0003fc00    00000080     UNINITIALIZED
                  0003fc00    00000080     F2837xD_Ipc_Driver.obj (PUTBUFFER)

PUTWRITEIDX 
*          1    0003fc80    00000004     UNINITIALIZED
                  0003fc80    00000004     F2837xD_Ipc_Driver.obj (PUTWRITEIDX)

GETREADIDX 
*          1    0003fc84    00000004     UNINITIALIZED
                  0003fc84    00000004     F2837xD_Ipc_Driver.obj (GETREADIDX)

GETBUFFER 
*          0    0003f800    00000080     DSECT
                  0003f800    00000080     F2837xD_Ipc_Driver.obj (GETBUFFER)

GETWRITEIDX 
*          0    0003f880    00000004     DSECT
                  0003f880    00000004     F2837xD_Ipc_Driver.obj (GETWRITEIDX)

PUTREADIDX 
*          0    0003f884    00000004     DSECT
                  0003f884    00000004     F2837xD_Ipc_Driver.obj (PUTREADIDX)

PieVectTableFile 
*          1    00000d00    000001c0     UNINITIALIZED
                  00000d00    000001c0     F2837xD_GlobalVariableDefs.obj (PieVectTableFile)

EmuKeyVar 
*          1    00000d00    00000000     UNINITIALIZED

EmuBModeVar 
*          1    00000d00    00000000     UNINITIALIZED

EmuBootPinsVar 
*          1    00000d00    00000000     UNINITIALIZED

FlashCallbackVar 
*          1    00000d00    00000000     UNINITIALIZED

FlashScalingVar 
*          1    00000d00    00000000     UNINITIALIZED

Emif1RegsFile 
*          1    00047000    00000028     UNINITIALIZED
                  00047000    00000028     F2837xD_GlobalVariableDefs.obj (Emif1RegsFile)

Emif2RegsFile 
*          1    00047800    00000028     UNINITIALIZED
                  00047800    00000028     F2837xD_GlobalVariableDefs.obj (Emif2RegsFile)

CanaRegsFile 
*          1    00048000    00000164     UNINITIALIZED
                  00048000    00000164     F2837xD_GlobalVariableDefs.obj (CanaRegsFile)

CanbRegsFile 
*          1    0004a000    00000164     UNINITIALIZED
                  0004a000    00000164     F2837xD_GlobalVariableDefs.obj (CanbRegsFile)

IpcRegsFile 
*          1    00050000    00000024     UNINITIALIZED
                  00050000    00000024     F2837xD_GlobalVariableDefs.obj (IpcRegsFile)

FlashPumpSemaphoreRegsFile 
*          1    00050024    00000002     UNINITIALIZED
                  00050024    00000002     F2837xD_GlobalVariableDefs.obj (FlashPumpSemaphoreRegsFile)

DevCfgRegsFile 
*          1    0005d000    0000012e     UNINITIALIZED
                  0005d000    0000012e     F2837xD_GlobalVariableDefs.obj (DevCfgRegsFile)

AnalogSubsysRegsFile 
*          1    0005d180    0000003e     UNINITIALIZED
                  0005d180    0000003e     F2837xD_GlobalVariableDefs.obj (AnalogSubsysRegsFile)

ClkCfgRegsFile 
*          1    0005d200    00000032     UNINITIALIZED
                  0005d200    00000032     F2837xD_GlobalVariableDefs.obj (ClkCfgRegsFile)

CpuSysRegsFile 
*          1    0005d300    00000082     UNINITIALIZED
                  0005d300    00000082     F2837xD_GlobalVariableDefs.obj (CpuSysRegsFile)

DcsmZ1RegsFile 
*          1    0005f000    00000022     UNINITIALIZED
                  0005f000    00000022     F2837xD_GlobalVariableDefs.obj (DcsmZ1RegsFile)

DcsmZ2RegsFile 
*          1    0005f040    00000022     UNINITIALIZED
                  0005f040    00000022     F2837xD_GlobalVariableDefs.obj (DcsmZ2RegsFile)

DcsmCommonRegsFile 
*          1    0005f070    00000006     UNINITIALIZED
                  0005f070    00000006     F2837xD_GlobalVariableDefs.obj (DcsmCommonRegsFile)

MemCfgRegsFile 
*          1    0005f400    00000076     UNINITIALIZED
                  0005f400    00000076     F2837xD_GlobalVariableDefs.obj (MemCfgRegsFile)

Emif1ConfigRegsFile 
*          1    0005f480    0000000a     UNINITIALIZED
                  0005f480    0000000a     F2837xD_GlobalVariableDefs.obj (Emif1ConfigRegsFile)

Emif2ConfigRegsFile 
*          1    0005f4a0    0000000a     UNINITIALIZED
                  0005f4a0    0000000a     F2837xD_GlobalVariableDefs.obj (Emif2ConfigRegsFile)

AccessProtectionRegsFile 
*          1    0005f4c0    0000002e     UNINITIALIZED
                  0005f4c0    0000002e     F2837xD_GlobalVariableDefs.obj (AccessProtectionRegsFile)

MemoryErrorRegsFile 
*          1    0005f500    0000003a     UNINITIALIZED
                  0005f500    0000003a     F2837xD_GlobalVariableDefs.obj (MemoryErrorRegsFile)

Flash0CtrlRegsFile 
*          1    0005f800    00000182     UNINITIALIZED
                  0005f800    00000182     F2837xD_GlobalVariableDefs.obj (Flash0CtrlRegsFile)

Flash0EccRegsFile 
*          1    0005fb00    00000028     UNINITIALIZED
                  0005fb00    00000028     F2837xD_GlobalVariableDefs.obj (Flash0EccRegsFile)

RomPrefetchRegsFile 
*          1    0005e608    00000002     UNINITIALIZED
                  0005e608    00000002     F2837xD_GlobalVariableDefs.obj (RomPrefetchRegsFile)

RomWaitStateRegsFile 
*          1    0005f540    00000002     UNINITIALIZED
                  0005f540    00000002     F2837xD_GlobalVariableDefs.obj (RomWaitStateRegsFile)

.text      0    00082200    00001d0d     
                  00082200    00000585     F2837xD_DefaultISR.obj (.text:retain)
                  00082785    000004b4     F2837xD_SysCtrl.obj (.text)
                  00082c39    00000400     main.obj (.text:retain)
                  00083039    00000318     main.obj (.text)
                  00083351    00000244     F2837xD_Gpio.obj (.text)
                  00083595    0000017b     bsp_epwm.obj (.text)
                  00083710    0000012a     bsp_pid_ctrl.obj (.text)
                  0008383a    00000127     bsp_adc.obj (.text)
                  00083961    000000fd     F2837xD_EPwm.obj (.text)
                  00083a5e    000000f0     F2837xD_Adc.obj (.text)
                  00083b4e    00000088     rts2800_fpu32.lib : fs_div28.asm.obj (.text)
                  00083bd6    00000066                       : s_sinf.c.obj (.text)
                  00083c3c    00000063                       : s_cosf.c.obj (.text)
                  00083c9f    00000059     Solar_Lib_Float.lib : ABC_DQ0_POS_F.obj (.text)
                  00083cf8    00000057                         : DQ0_ABC_F.obj (.text)
                  00083d4f    00000056     rts2800_fpu32.lib : boot28.asm.obj (.text)
                  00083da5    00000052     bsp_led.obj (.text)
                  00083df7    00000029     rts2800_fpu32.lib : exit.c.obj (.text)
                  00083e20    00000028     F2837xD_PieCtrl.obj (.text)
                  00083e48    00000026     F2837xD_PieVect.obj (.text)
                  00083e6e    00000024     rts2800_fpu32.lib : cpy_tbl.c.obj (.text)
                  00083e92    0000001d     bsp_relay.obj (.text)
                  00083eaf    0000001d     rts2800_fpu32.lib : memcpy.c.obj (.text)
                  00083ecc    00000018                       : ll_aox28.asm.obj (.text)
                  00083ee4    00000012                       : args_main.c.obj (.text)
                  00083ef6    00000009                       : _lock.c.obj (.text)
                  00083eff    00000008     F2837xD_CodeStartBranch.obj (.text)
                  00083f07    00000003     F2837xD_DBGIER.obj (.text)
                  00083f0a    00000002     rts2800_fpu32.lib : pre_init.c.obj (.text)
                  00083f0c    00000001                       : startup.c.obj (.text)

.ebss.1    1    0000a800    00000800     UNINITIALIZED
                  0000a800    000007d0     main.obj (.ebss:_Vac)
                  0000afd0    0000001e     F2837xD_struct.obj (.ebss:_TRIP_SEL)
                  0000afee    00000012     bsp_adc.obj (.ebss)

.ebss.2    1    0000c000    000001f3     UNINITIALIZED
                  0000c000    00000164     main.obj (.ebss)
                  0000c164    0000001a     F2837xD_struct.obj (.ebss:_EPWM)
                  0000c17e    00000002     rts2800_fpu32.lib : _lock.c.obj (.ebss:__lock)
                  0000c180    00000018     F2837xD_CpuTimers.obj (.ebss)
                  0000c198    0000000e     F2837xD_struct.obj (.ebss:_ECAP)
                  0000c1a6    0000000a     F2837xD_struct.obj (.ebss:_ADC)
                  0000c1b0    0000000a     bsp_epwm.obj (.ebss)
                  0000c1ba    00000006     F2837xD_TempSensorConv.obj (.ebss)
                  0000c1c0    00000008     F2837xD_struct.obj (.ebss:_EQEP)
                  0000c1c8    00000008     F2837xD_struct.obj (.ebss:_SPI)
                  0000c1d0    00000006     F2837xD_struct.obj (.ebss:_SDFM)
                  0000c1d6    00000006     device.obj (.ebss)
                  0000c1dc    00000006     rts2800_fpu32.lib : exit.c.obj (.ebss)
                  0000c1e2    00000004     F2837xD_struct.obj (.ebss:_I2C)
                  0000c1e6    00000004     F2837xD_struct.obj (.ebss:_MCBSP)
                  0000c1ea    00000004     F2837xD_struct.obj (.ebss:_SCI)
                  0000c1ee    00000002     rts2800_fpu32.lib : _lock.c.obj (.ebss:__unlock)
                  0000c1f0    00000002     bsp_led.obj (.ebss)
                  0000c1f2    00000001     F2837xD_sci_io.obj (.ebss)

MODULE SUMMARY

       Module                           code   initialized data   uninitialized data
       ------                           ----   ----------------   ------------------
    .\
       main.obj                         1816   282                2356              
    +--+--------------------------------+------+------------------+--------------------+
       Total:                           1816   282                2356              
                                                                                    
    .\BSP\ADC\
       bsp_adc.obj                      295    0                  18                
    +--+--------------------------------+------+------------------+--------------------+
       Total:                           295    0                  18                
                                                                                    
    .\BSP\EPWM\
       bsp_epwm.obj                     379    40                 10                
    +--+--------------------------------+------+------------------+--------------------+
       Total:                           379    40                 10                
                                                                                    
    .\BSP\LED\
       bsp_led.obj                      82     0                  2                 
    +--+--------------------------------+------+------------------+--------------------+
       Total:                           82     0                  2                 
                                                                                    
    .\BSP\PID\
       bsp_pid_ctrl.obj                 298    0                  0                 
    +--+--------------------------------+------+------------------+--------------------+
       Total:                           298    0                  0                 
                                                                                    
    .\BSP\RELAY\
       bsp_relay.obj                    29     0                  0                 
    +--+--------------------------------+------+------------------+--------------------+
       Total:                           29     0                  0                 
                                                                                    
    .\common\source\
       F2837xD_DefaultISR.obj           1413   0                  0                 
       F2837xD_SysCtrl.obj              1314   0                  0                 
       F2837xD_Gpio.obj                 580    0                  0                 
       F2837xD_PieVect.obj              38     448                0                 
       F2837xD_struct.obj               0      144                114               
       F2837xD_EPwm.obj                 253    0                  0                 
       F2837xD_Adc.obj                  240    0                  0                 
       F2837xD_Ipc_Driver.obj           0      0                  136               
       F2837xD_PieCtrl.obj              40     0                  0                 
       F2837xD_CpuTimers.obj            0      0                  24                
       device.obj                       0      15                 6                 
       F2837xD_CodeStartBranch.obj      10     0                  0                 
       F2837xD_usDelay.obj              8      0                  0                 
       F2837xD_TempSensorConv.obj       0      0                  6                 
       F2837xD_sci_io.obj               0      4                  1                 
       F2837xD_DBGIER.obj               3      0                  0                 
    +--+--------------------------------+------+------------------+--------------------+
       Total:                           3899   611                287               
                                                                                    
    .\driverlib\
       sysctl.obj                       8      0                  0                 
    +--+--------------------------------+------+------------------+--------------------+
       Total:                           8      0                  0                 
                                                                                    
    .\headers\source\
       F2837xD_GlobalVariableDefs.obj   0      0                  9854              
    +--+--------------------------------+------+------------------+--------------------+
       Total:                           0      0                  9854              
                                                                                    
    D:/controlSUITE/libs/app_libs/solar/v1.2/float/lib/Solar_Lib_Float.lib
       ABC_DQ0_POS_F.obj                89     0                  0                 
       DQ0_ABC_F.obj                    87     0                  0                 
    +--+--------------------------------+------+------------------+--------------------+
       Total:                           176    0                  0                 
                                                                                    
    D:\CCS12.3\ccs\tools\compiler\ti-cgt-c2000_22.6.0.LTS\lib\rts2800_fpu32.lib
       fs_div28.asm.obj                 136    0                  0                 
       s_sinf.c.obj                     102    0                  0                 
       s_cosf.c.obj                     99     0                  0                 
       boot28.asm.obj                   86     0                  0                 
       exit.c.obj                       41     14                 6                 
       cpy_tbl.c.obj                    36     0                  0                 
       memcpy.c.obj                     29     0                  0                 
       ll_aox28.asm.obj                 24     0                  0                 
       _lock.c.obj                      9      10                 4                 
       args_main.c.obj                  18     0                  0                 
       pre_init.c.obj                   2      0                  0                 
       startup.c.obj                    1      0                  0                 
    +--+--------------------------------+------+------------------+--------------------+
       Total:                           583    24                 10                
                                                                                    
       Stack:                           0      0                  512               
    +--+--------------------------------+------+------------------+--------------------+
       Grand Total:                     7565   957                13049             


GLOBAL DATA SYMBOLS: SORTED BY DATA PAGE

address     data page           name
--------    ----------------    ----
00000400      10 (00000400)     __stack

00000b00      2c (00000b00)     _AdcaResultRegs
00000b20      2c (00000b00)     _AdcbResultRegs

00000b40      2d (00000b40)     _AdccResultRegs
00000b60      2d (00000b40)     _AdcdResultRegs

00000c00      30 (00000c00)     _CpuTimer0Regs
00000c08      30 (00000c00)     _CpuTimer1Regs
00000c10      30 (00000c00)     _CpuTimer2Regs

00000ce0      33 (00000cc0)     _PieCtrlRegs

00000d00      34 (00000d00)     _PieVectTable

00001000      40 (00001000)     _DmaRegs

00001400      50 (00001400)     _Cla1Regs

00003000      c0 (00003000)     _Clb1LogicCfgRegs

00003100      c4 (00003100)     _Clb1LogicCtrlRegs

00003200      c8 (00003200)     _Clb1DataExchRegs

00003400      d0 (00003400)     _Clb2LogicCfgRegs

00003500      d4 (00003500)     _Clb2LogicCtrlRegs

00003600      d8 (00003600)     _Clb2DataExchRegs

00003800      e0 (00003800)     _Clb3LogicCfgRegs

00003900      e4 (00003900)     _Clb3LogicCtrlRegs

00003a00      e8 (00003a00)     _Clb3DataExchRegs

00003c00      f0 (00003c00)     _Clb4LogicCfgRegs

00003d00      f4 (00003d00)     _Clb4LogicCtrlRegs

00003e00      f8 (00003e00)     _Clb4DataExchRegs

00004000     100 (00004000)     _EPwm1Regs

00004100     104 (00004100)     _EPwm2Regs

00004200     108 (00004200)     _EPwm3Regs

00004300     10c (00004300)     _EPwm4Regs

00004400     110 (00004400)     _EPwm5Regs

00004500     114 (00004500)     _EPwm6Regs

00004600     118 (00004600)     _EPwm7Regs

00004700     11c (00004700)     _EPwm8Regs

00004800     120 (00004800)     _EPwm9Regs

00004900     124 (00004900)     _EPwm10Regs

00004a00     128 (00004a00)     _EPwm11Regs

00004b00     12c (00004b00)     _EPwm12Regs

00005000     140 (00005000)     _ECap1Regs
00005020     140 (00005000)     _ECap2Regs

00005040     141 (00005040)     _ECap3Regs
00005060     141 (00005040)     _ECap4Regs

00005080     142 (00005080)     _ECap5Regs
000050a0     142 (00005080)     _ECap6Regs

00005100     144 (00005100)     _EQep1Regs

00005140     145 (00005140)     _EQep2Regs

00005180     146 (00005180)     _EQep3Regs

00005c00     170 (00005c00)     _DacaRegs
00005c10     170 (00005c00)     _DacbRegs
00005c20     170 (00005c00)     _DaccRegs

00005c80     172 (00005c80)     _Cmpss1Regs
00005ca0     172 (00005c80)     _Cmpss2Regs

00005cc0     173 (00005cc0)     _Cmpss3Regs
00005ce0     173 (00005cc0)     _Cmpss4Regs

00005d00     174 (00005d00)     _Cmpss5Regs
00005d20     174 (00005d00)     _Cmpss6Regs

00005d40     175 (00005d40)     _Cmpss7Regs
00005d60     175 (00005d40)     _Cmpss8Regs

00005e00     178 (00005e00)     _Sdfm1Regs

00005e80     17a (00005e80)     _Sdfm2Regs

00006000     180 (00006000)     _McbspaRegs

00006040     181 (00006040)     _McbspbRegs

00006100     184 (00006100)     _SpiaRegs
00006110     184 (00006100)     _SpibRegs
00006120     184 (00006100)     _SpicRegs

00006200     188 (00006200)     _UppRegs

00007000     1c0 (00007000)     _WdRegs

00007060     1c1 (00007040)     _NmiIntruptRegs
00007070     1c1 (00007040)     _XintRegs

00007200     1c8 (00007200)     _SciaRegs
00007210     1c8 (00007200)     _ScibRegs
00007220     1c8 (00007200)     _ScicRegs
00007230     1c8 (00007200)     _ScidRegs

00007300     1cc (00007300)     _I2caRegs

00007340     1cd (00007340)     _I2cbRegs

00007400     1d0 (00007400)     _AdcaRegs

00007480     1d2 (00007480)     _AdcbRegs

00007500     1d4 (00007500)     _AdccRegs

00007580     1d6 (00007580)     _AdcdRegs

00007900     1e4 (00007900)     _InputXbarRegs
00007920     1e4 (00007900)     _XbarRegs

00007940     1e5 (00007940)     _SyncSocRegs

00007980     1e6 (00007980)     _DmaClaSrcSelRegs

00007a00     1e8 (00007a00)     _EPwmXbarRegs

00007a40     1e9 (00007a40)     _ClbXbarRegs

00007a80     1ea (00007a80)     _OutputXbarRegs

00007c00     1f0 (00007c00)     _GpioCtrlRegs

00007f00     1fc (00007f00)     _GpioDataRegs

0000a800     2a0 (0000a800)     _Vac

0000afd0     2bf (0000afc0)     _TRIP_SEL
0000afee     2bf (0000afc0)     _Vab_filte
0000aff4     2bf (0000afc0)     _VBus_filte
0000affa     2bf (0000afc0)     _temp_filte

0000c000     300 (0000c000)     _APhase_Current
0000c001     300 (0000c000)     _BPhase_Current
0000c002     300 (0000c000)     _CPhase_Current
0000c003     300 (0000c000)     _flag
0000c004     300 (0000c000)     _flag2
0000c005     300 (0000c000)     _Bus_Voltage_AD
0000c006     300 (0000c000)     _Bus_Current_AD
0000c007     300 (0000c000)     _Supercapacitor_Voltage_AD
0000c008     300 (0000c000)     _count_flag
0000c009     300 (0000c000)     _motorspeed_rpm
0000c00a     300 (0000c000)     _motorspeed_rpm_last
0000c00b     300 (0000c000)     _motorspeed_sum
0000c00c     300 (0000c000)     _F_flag
0000c00e     300 (0000c000)     _K_norm
0000c010     300 (0000c000)     _Ua_Voltage
0000c012     300 (0000c000)     _Ub_Voltage
0000c014     300 (0000c000)     _Uc_Voltage
0000c016     300 (0000c000)     _Ud_Voltage
0000c018     300 (0000c000)     _Uq_Voltage
0000c01a     300 (0000c000)     _Ia_Current
0000c01c     300 (0000c000)     _Ib_Current
0000c01e     300 (0000c000)     _Ic_Current
0000c020     300 (0000c000)     _Id_Current
0000c022     300 (0000c000)     _Iq_Current
0000c024     300 (0000c000)     _Ia_Current_norm
0000c026     300 (0000c000)     _Ib_Current_norm
0000c028     300 (0000c000)     _Ic_Current_norm
0000c02e     300 (0000c000)     _Supercapacitor_Voltage
0000c030     300 (0000c000)     _M
0000c032     300 (0000c000)     _Sin_the
0000c034     300 (0000c000)     _Cos_the
0000c036     300 (0000c000)     _Id_pid_kp
0000c038     300 (0000c000)     _Iq_pid_kp
0000c03a     300 (0000c000)     _Id_pid_ki
0000c03c     300 (0000c000)     _Iq_pid_ki
0000c03e     300 (0000c000)     _current_out_limit

0000c040     301 (0000c040)     _CurDc_pid_kp
0000c042     301 (0000c040)     _CurDc_pid_ki
0000c044     301 (0000c040)     _CurDc_out_limit
0000c046     301 (0000c040)     _CurDc_ref
0000c048     301 (0000c040)     _CurDc_ref_ctr
0000c04a     301 (0000c040)     _CurDc_normK
0000c04c     301 (0000c040)     _Ld
0000c04e     301 (0000c040)     _Lq
0000c050     301 (0000c040)     _Rs
0000c052     301 (0000c040)     _Pn
0000c054     301 (0000c040)     _flux
0000c056     301 (0000c040)     _w1_d
0000c058     301 (0000c040)     _w1_q
0000c05a     301 (0000c040)     _Id_out
0000c05c     301 (0000c040)     _Iq_out
0000c05e     301 (0000c040)     _Id_out_norm
0000c060     301 (0000c040)     _Iq_out_norm
0000c062     301 (0000c040)     _Varef
0000c064     301 (0000c040)     _Vbref
0000c066     301 (0000c040)     _Vcref
0000c068     301 (0000c040)     _abc_dq0_pos1_DCcur

0000c080     302 (0000c080)     _abc_dq0_pos1_cur
0000c094     302 (0000c080)     _dq0_abc1_cur
0000c0a8     302 (0000c080)     _motor

0000c0c0     303 (0000c0c0)     _current_pid_d

0000c100     304 (0000c100)     _current_pid_q

0000c140     305 (0000c140)     _CurDc_pid
0000c164     305 (0000c140)     _EPWM
0000c17e     305 (0000c140)     __lock

0000c180     306 (0000c180)     _CpuTimer0
0000c188     306 (0000c180)     _CpuTimer1
0000c190     306 (0000c180)     _CpuTimer2
0000c198     306 (0000c180)     _ECAP
0000c1a6     306 (0000c180)     _ADC
0000c1b0     306 (0000c180)     _EPWM1_TBPRD
0000c1b1     306 (0000c180)     _EPWM1_CMPA
0000c1b2     306 (0000c180)     _EPWM1_CMPB
0000c1b3     306 (0000c180)     _EPWM2_TBPRD
0000c1b4     306 (0000c180)     _EPWM2_CMPA
0000c1b5     306 (0000c180)     _EPWM2_CMPB
0000c1b6     306 (0000c180)     _EPWM3_TBPRD
0000c1b7     306 (0000c180)     _EPWM3_CMPA
0000c1b8     306 (0000c180)     _EPWM3_CMPB
0000c1b9     306 (0000c180)     _DEADTIME
0000c1ba     306 (0000c180)     _tempSensor_tempSlope
0000c1bc     306 (0000c180)     _tempSensor_tempOffset
0000c1be     306 (0000c180)     _tempSensor_scaleFactor

0000c1c0     307 (0000c1c0)     _EQEP
0000c1c8     307 (0000c1c0)     _SPI
0000c1d0     307 (0000c1c0)     _SDFM
0000c1d6     307 (0000c1c0)     _Example_Result
0000c1d8     307 (0000c1c0)     _Example_PassCount
0000c1da     307 (0000c1c0)     _Example_Fail
0000c1dc     307 (0000c1c0)     ___TI_enable_exit_profile_output
0000c1de     307 (0000c1c0)     ___TI_cleanup_ptr
0000c1e0     307 (0000c1c0)     ___TI_dtors_ptr
0000c1e2     307 (0000c1c0)     _I2C
0000c1e6     307 (0000c1c0)     _MCBSP
0000c1ea     307 (0000c1c0)     _SCI
0000c1ee     307 (0000c1c0)     __unlock
0000c1f2     307 (0000c1c0)     _deviceOpen

0003f800     fe0 (0003f800)     _g_asIPCCPU2toCPU1Buffers

0003f880     fe2 (0003f880)     _g_usGetWriteIndexes
0003f884     fe2 (0003f880)     _g_usPutReadIndexes

0003fc00     ff0 (0003fc00)     _g_asIPCCPU1toCPU2Buffers

0003fc80     ff2 (0003fc80)     _g_usPutWriteIndexes
0003fc84     ff2 (0003fc80)     _g_usGetReadIndexes

00047000    11c0 (00047000)     _Emif1Regs

00047800    11e0 (00047800)     _Emif2Regs

00048000    1200 (00048000)     _CanaRegs

0004a000    1280 (0004a000)     _CanbRegs

00050000    1400 (00050000)     _IpcRegs
00050024    1400 (00050000)     _FlashPumpSemaphoreRegs

0005d000    1740 (0005d000)     _DevCfgRegs

0005d180    1746 (0005d180)     _AnalogSubsysRegs

0005d200    1748 (0005d200)     _ClkCfgRegs

0005d300    174c (0005d300)     _CpuSysRegs

0005e608    1798 (0005e600)     _RomPrefetchRegs

0005f000    17c0 (0005f000)     _DcsmZ1Regs

0005f040    17c1 (0005f040)     _DcsmZ2Regs
0005f070    17c1 (0005f040)     _DcsmCommonRegs

0005f400    17d0 (0005f400)     _MemCfgRegs

0005f480    17d2 (0005f480)     _Emif1ConfigRegs
0005f4a0    17d2 (0005f480)     _Emif2ConfigRegs

0005f4c0    17d3 (0005f4c0)     _AccessProtectionRegs

0005f500    17d4 (0005f500)     _MemoryErrorRegs

0005f540    17d5 (0005f540)     _RomWaitStateRegs

0005f800    17e0 (0005f800)     _Flash0CtrlRegs

0005fb00    17ec (0005fb00)     _Flash0EccRegs

00090000    2400 (00090000)     _PieVectTableInit


GLOBAL SYMBOLS: SORTED ALPHABETICALLY BY Name 

page  address   name                                  
----  -------   ----                                  
abs   ffffffff  .text                                 
0     00083df7  C$$EXIT                               
0     00083b4e  FS$$DIV                               
0     00083ecc  LL$$AND                               
0     00083ed4  LL$$OR                                
0     00083edc  LL$$XOR                               
0     00083cb5  _ABC_DQ0_POS_F_FUNC                   
0     00083c9f  _ABC_DQ0_POS_F_init                   
1     0000c1a6  _ADC                                  
0     000822be  _ADCA1_ISR                            
0     0008253e  _ADCA2_ISR                            
0     00082548  _ADCA3_ISR                            
0     00082552  _ADCA4_ISR                            
0     00082534  _ADCA_EVT_ISR                         
0     000822c8  _ADCB1_ISR                            
0     00082566  _ADCB2_ISR                            
0     00082570  _ADCB3_ISR                            
0     0008257a  _ADCB4_ISR                            
0     0008255c  _ADCB_EVT_ISR                         
0     000822d2  _ADCC1_ISR                            
0     000826ce  _ADCC2_ISR                            
0     000826d8  _ADCC3_ISR                            
0     000826e2  _ADCC4_ISR                            
0     000826c4  _ADCC_EVT_ISR                         
0     000822f0  _ADCD1_ISR                            
0     000826f6  _ADCD2_ISR                            
0     00082700  _ADCD3_ISR                            
0     0008270a  _ADCD4_ISR                            
0     000826ec  _ADCD_EVT_ISR                         
1     0000c000  _APhase_Current                       
0     00082746  _AUX_PLL_SLIP_ISR                     
1     0005f4c0  _AccessProtectionRegs                 
0     00083a5e  _AdcSetMode                           
1     00007400  _AdcaRegs                             
1     00000b00  _AdcaResultRegs                       
1     00007480  _AdcbRegs                             
1     00000b20  _AdcbResultRegs                       
1     00007500  _AdccRegs                             
1     00000b40  _AdccResultRegs                       
1     00007580  _AdcdRegs                             
1     00000b60  _AdcdResultRegs                       
1     0005d180  _AnalogSubsysRegs                     
0     00082bc8  _AuxAuxClkSel                         
0     00082bb2  _AuxIntOsc2Sel                        
0     00082bbc  _AuxXtalOscSel                        
1     0000c001  _BPhase_Current                       
1     0000c006  _Bus_Current_AD                       
1     0000c005  _Bus_Voltage_AD                       
0     0008250c  _CANA0_ISR                            
0     00082516  _CANA1_ISR                            
0     00082520  _CANB0_ISR                            
0     0008252a  _CANB1_ISR                            
0     00082584  _CLA1_1_ISR                           
0     0008258e  _CLA1_2_ISR                           
0     00082598  _CLA1_3_ISR                           
0     000825a2  _CLA1_4_ISR                           
0     000825ac  _CLA1_5_ISR                           
0     000825b6  _CLA1_6_ISR                           
0     000825c0  _CLA1_7_ISR                           
0     000825ca  _CLA1_8_ISR                           
0     00082750  _CLA_OVERFLOW_ISR                     
0     0008275a  _CLA_UNDERFLOW_ISR                    
1     0000c002  _CPhase_Current                       
0     00083b14  _CalAdcINL                            
1     00048000  _CanaRegs                             
1     0004a000  _CanbRegs                             
1     00001400  _Cla1Regs                             
1     00003200  _Clb1DataExchRegs                     
1     00003000  _Clb1LogicCfgRegs                     
1     00003100  _Clb1LogicCtrlRegs                    
1     00003600  _Clb2DataExchRegs                     
1     00003400  _Clb2LogicCfgRegs                     
1     00003500  _Clb2LogicCtrlRegs                    
1     00003a00  _Clb3DataExchRegs                     
1     00003800  _Clb3LogicCfgRegs                     
1     00003900  _Clb3LogicCtrlRegs                    
1     00003e00  _Clb4DataExchRegs                     
1     00003c00  _Clb4LogicCfgRegs                     
1     00003d00  _Clb4LogicCtrlRegs                    
1     00007a40  _ClbXbarRegs                          
1     0005d200  _ClkCfgRegs                           
1     00005c80  _Cmpss1Regs                           
1     00005ca0  _Cmpss2Regs                           
1     00005cc0  _Cmpss3Regs                           
1     00005ce0  _Cmpss4Regs                           
1     00005d00  _Cmpss5Regs                           
1     00005d20  _Cmpss6Regs                           
1     00005d40  _Cmpss7Regs                           
1     00005d60  _Cmpss8Regs                           
0     00082c1c  _ConfigureTMXAnalogTrim               
1     0000c034  _Cos_the                              
1     0005d300  _CpuSysRegs                           
1     0000c180  _CpuTimer0                            
1     00000c00  _CpuTimer0Regs                        
1     0000c188  _CpuTimer1                            
1     00000c08  _CpuTimer1Regs                        
1     0000c190  _CpuTimer2                            
1     00000c10  _CpuTimer2Regs                        
0     00082b5d  _CsmUnlock                            
1     0000c04a  _CurDc_normK                          
1     0000c044  _CurDc_out_limit                      
1     0000c140  _CurDc_pid                            
1     0000c042  _CurDc_pid_ki                         
1     0000c040  _CurDc_pid_kp                         
1     0000c046  _CurDc_ref                            
1     0000c048  _CurDc_ref_ctr                        
0     00082214  _DATALOG_ISR                          
1     0000c1b9  _DEADTIME                             
0     00082458  _DMA_CH1_ISR                          
0     00082462  _DMA_CH2_ISR                          
0     0008246c  _DMA_CH3_ISR                          
0     00082476  _DMA_CH4_ISR                          
0     00082480  _DMA_CH5_ISR                          
0     0008248a  _DMA_CH6_ISR                          
0     00083d0e  _DQ0_ABC_F_FUNC                       
0     00083cf8  _DQ0_ABC_F_init                       
1     00005c00  _DacaRegs                             
1     00005c10  _DacbRegs                             
1     00005c20  _DaccRegs                             
1     0005f070  _DcsmCommonRegs                       
1     0005f000  _DcsmZ1Regs                           
1     0005f040  _DcsmZ2Regs                           
1     0005d000  _DevCfgRegs                           
0     00082871  _DisableDog                           
0     00082832  _DisablePeripheralClocks              
1     00007980  _DmaClaSrcSelRegs                     
1     00001000  _DmaRegs                              
1     0000c198  _ECAP                                 
0     000823ae  _ECAP1_ISR                            
0     000823b8  _ECAP2_ISR                            
0     000823c2  _ECAP3_ISR                            
0     000823cc  _ECAP4_ISR                            
0     000823d6  _ECAP5_ISR                            
0     000823e0  _ECAP6_ISR                            
1     00005000  _ECap1Regs                            
1     00005020  _ECap2Regs                            
1     00005040  _ECap3Regs                            
1     00005060  _ECap4Regs                            
1     00005080  _ECap5Regs                            
1     000050a0  _ECap6Regs                            
0     00082714  _EMIF_ERROR_ISR                       
0     0008276e  _EMPTY_ISR                            
0     00082228  _EMU_ISR                              
1     0000c164  _EPWM                                 
0     0008266a  _EPWM10_ISR                           
0     00082642  _EPWM10_TZ_ISR                        
0     00082674  _EPWM11_ISR                           
0     0008264c  _EPWM11_TZ_ISR                        
0     0008267e  _EPWM12_ISR                           
0     00082656  _EPWM12_TZ_ISR                        
1     0000c1b1  _EPWM1_CMPA                           
1     0000c1b2  _EPWM1_CMPB                           
0     0008235e  _EPWM1_ISR                            
1     0000c1b0  _EPWM1_TBPRD                          
0     0008230e  _EPWM1_TZ_ISR                         
1     0000c1b4  _EPWM2_CMPA                           
1     0000c1b5  _EPWM2_CMPB                           
0     00082368  _EPWM2_ISR                            
1     0000c1b3  _EPWM2_TBPRD                          
0     00082318  _EPWM2_TZ_ISR                         
1     0000c1b7  _EPWM3_CMPA                           
1     0000c1b8  _EPWM3_CMPB                           
0     00082372  _EPWM3_ISR                            
1     0000c1b6  _EPWM3_TBPRD                          
0     00082322  _EPWM3_TZ_ISR                         
0     0008237c  _EPWM4_ISR                            
0     0008232c  _EPWM4_TZ_ISR                         
0     00082386  _EPWM5_ISR                            
0     00082336  _EPWM5_TZ_ISR                         
0     00082390  _EPWM6_ISR                            
0     00082340  _EPWM6_TZ_ISR                         
0     0008239a  _EPWM7_ISR                            
0     0008234a  _EPWM7_TZ_ISR                         
0     000823a4  _EPWM8_ISR                            
0     00082354  _EPWM8_TZ_ISR                         
0     00082660  _EPWM9_ISR                            
0     00082638  _EPWM9_TZ_ISR                         
1     00004900  _EPwm10Regs                           
1     00004a00  _EPwm11Regs                           
1     00004b00  _EPwm12Regs                           
1     00004000  _EPwm1Regs                            
1     00004100  _EPwm2Regs                            
1     00004200  _EPwm3Regs                            
1     00004300  _EPwm4Regs                            
1     00004400  _EPwm5Regs                            
1     00004500  _EPwm6Regs                            
1     00004600  _EPwm7Regs                            
1     00004700  _EPwm8Regs                            
1     00004800  _EPwm9Regs                            
1     00007a00  _EPwmXbarRegs                         
1     0000c1c0  _EQEP                                 
0     000823ea  _EQEP1_ISR                            
0     000823f4  _EQEP2_ISR                            
0     000823fe  _EQEP3_ISR                            
1     00005100  _EQep1Regs                            
1     00005140  _EQep2Regs                            
1     00005180  _EQep3Regs                            
1     0005f480  _Emif1ConfigRegs                      
1     00047000  _Emif1Regs                            
1     0005f4a0  _Emif2ConfigRegs                      
1     00047800  _Emif2Regs                            
0     00083e3f  _EnableInterrupts                     
1     0000c1da  _Example_Fail                         
1     0000c1d8  _Example_PassCount                    
1     0000c1d6  _Example_Result                       
0     00008037  _F28x_usDelay                         
0     00082728  _FLASH_CORRECTABLE_ERROR_ISR          
0     000825fc  _FPU_OVERFLOW_ISR                     
0     00082606  _FPU_UNDERFLOW_ISR                    
1     0000c00c  _F_flag                               
1     0005f800  _Flash0CtrlRegs                       
1     0005fb00  _Flash0EccRegs                        
0     00008029  _FlashOff                             
1     00050024  _FlashPumpSemaphoreRegs               
0     0008354a  _GPIO_EnableUnbondedIOPullups         
0     00083525  _GPIO_EnableUnbondedIOPullupsFor100Pin
0     0008350c  _GPIO_EnableUnbondedIOPullupsFor176Pin
0     00083560  _GPIO_ReadPin                         
0     000834b1  _GPIO_SetupLock                       
0     00083391  _GPIO_SetupPinMux                     
0     0008341d  _GPIO_SetupPinOptions                 
0     000834da  _GPIO_SetupXINT1Gpio                  
0     000834e4  _GPIO_SetupXINT2Gpio                  
0     000834ee  _GPIO_SetupXINT3Gpio                  
0     000834f8  _GPIO_SetupXINT4Gpio                  
0     00083502  _GPIO_SetupXINT5Gpio                  
0     00083dcc  _GPIO_TogglePin                       
0     00083577  _GPIO_WritePin                        
1     00007c00  _GpioCtrlRegs                         
1     00007f00  _GpioDataRegs                         
0     00082be6  _HALT                                 
0     00082bff  _HIB                                  
1     0000c1e2  _I2C                                  
0     0008249e  _I2CA_FIFO_ISR                        
0     00082494  _I2CA_ISR                             
0     000824b2  _I2CB_FIFO_ISR                        
0     000824a8  _I2CB_ISR                             
1     00007300  _I2caRegs                             
1     00007340  _I2cbRegs                             
0     00082bd2  _IDLE                                 
0     0008223c  _ILLEGAL_ISR                          
0     00082610  _IPC0_ISR                             
0     0008261a  _IPC1_ISR                             
0     00082624  _IPC2_ISR                             
0     0008262e  _IPC3_ISR                             
1     0000c01a  _Ia_Current                           
1     0000c024  _Ia_Current_norm                      
1     0000c01c  _Ib_Current                           
1     0000c026  _Ib_Current_norm                      
1     0000c01e  _Ic_Current                           
1     0000c028  _Ic_Current_norm                      
1     0000c020  _Id_Current                           
1     0000c05a  _Id_out                               
1     0000c05e  _Id_out_norm                          
1     0000c03a  _Id_pid_ki                            
1     0000c036  _Id_pid_kp                            
0     00082a6e  _InitAuxPll                           
0     00083a24  _InitEPwm10Gpio                       
0     00083a37  _InitEPwm11Gpio                       
0     00083a4b  _InitEPwm12Gpio                       
0     000835b8  _InitEPwm1Example                     
0     0008397a  _InitEPwm1Gpio                        
0     0008362c  _InitEPwm2Example                     
0     0008398c  _InitEPwm2Gpio                        
0     000836a5  _InitEPwm3Example                     
0     0008399e  _InitEPwm3Gpio                        
0     000839b2  _InitEPwm4Gpio                        
0     000839c6  _InitEPwm5Gpio                        
0     000839d8  _InitEPwm6Gpio                        
0     000839ea  _InitEPwm7Gpio                        
0     000839fe  _InitEPwm8Gpio                        
0     00083a12  _InitEPwm9Gpio                        
0     00083961  _InitEPwmGpio                         
0     00008000  _InitFlash                            
0     00083351  _InitGpio                             
0     000827ae  _InitPeripheralClocks                 
0     00083e20  _InitPieCtrl                          
0     00083e48  _InitPieVectTable                     
0     00082785  _InitSysCtrl                          
0     0008287f  _InitSysPll                           
0     00083318  _Init_EQEP1                           
0     000832f5  _Init_EQEP1_Gpio                      
0     000832db  _Init_Variables                       
1     00007900  _InputXbarRegs                        
1     00050000  _IpcRegs                              
1     0000c022  _Iq_Current                           
1     0000c05c  _Iq_out                               
1     0000c060  _Iq_out_norm                          
1     0000c03c  _Iq_pid_ki                            
1     0000c038  _Iq_pid_kp                            
1     0000c00e  _K_norm                               
1     0000c04c  _Ld                                   
1     0000c04e  _Lq                                   
1     0000c030  _M                                    
1     0000c1e6  _MCBSP                                
0     00082430  _MCBSPA_RX_ISR                        
0     0008243a  _MCBSPA_TX_ISR                        
0     00082444  _MCBSPB_RX_ISR                        
0     0008244e  _MCBSPB_TX_ISR                        
1     00006000  _McbspaRegs                           
1     00006040  _McbspbRegs                           
1     0005f400  _MemCfgRegs                           
1     0005f500  _MemoryErrorRegs                      
0     00082232  _NMI_ISR                              
0     0008277b  _NOTUSED_ISR                          
1     00007060  _NmiIntruptRegs                       
1     00007a80  _OutputXbarRegs                       
0     00082764  _PIE_RESERVED_ISR                     
0     000831e3  _POSSPEED_Calc                        
1     00000ce0  _PieCtrlRegs                          
1     00000d00  _PieVectTable                         
0     00090000  _PieVectTableInit                     
1     0000c052  _Pn                                   
0     00082732  _RAM_ACCESS_VIOLATION_ISR             
0     0008271e  _RAM_CORRECTABLE_ERROR_ISR            
0     0008221e  _RTOS_ISR                             
0     0008603f  _RamfuncsLoadEnd                      
abs   0000003f  _RamfuncsLoadSize                     
0     00086000  _RamfuncsLoadStart                    
0     0000803f  _RamfuncsRunEnd                       
abs   0000003f  _RamfuncsRunSize                      
0     00008000  _RamfuncsRunStart                     
0     00082859  _ReleaseFlashPump                     
1     0005e608  _RomPrefetchRegs                      
1     0005f540  _RomWaitStateRegs                     
1     0000c050  _Rs                                   
1     0000c1ea  _SCI                                  
0     000824e4  _SCIA_RX_ISR                          
0     000824ee  _SCIA_TX_ISR                          
0     000824f8  _SCIB_RX_ISR                          
0     00082502  _SCIB_TX_ISR                          
0     000824bc  _SCIC_RX_ISR                          
0     000824c6  _SCIC_TX_ISR                          
0     000824d0  _SCID_RX_ISR                          
0     000824da  _SCID_TX_ISR                          
0     00082688  _SD1_ISR                              
0     00082692  _SD2_ISR                              
1     0000c1d0  _SDFM                                 
1     0000c1c8  _SPI                                  
0     00082408  _SPIA_RX_ISR                          
0     00082412  _SPIA_TX_ISR                          
0     0008241c  _SPIB_RX_ISR                          
0     00082426  _SPIB_TX_ISR                          
0     0008269c  _SPIC_RX_ISR                          
0     000826a6  _SPIC_TX_ISR                          
0     00083039  _SPLL_1ph_init                        
0     00082bdb  _STANDBY                              
0     0008273c  _SYS_PLL_SLIP_ISR                     
1     00007200  _SciaRegs                             
1     00007210  _ScibRegs                             
1     00007220  _ScicRegs                             
1     00007230  _ScidRegs                             
1     00005e00  _Sdfm1Regs                            
1     00005e80  _Sdfm2Regs                            
0     0008284a  _SeizeFlashPump                       
0     00082863  _ServiceDog                           
0     00083f07  _SetDBGIER                            
1     0000c032  _Sin_the                              
1     00006100  _SpiaRegs                             
1     00006110  _SpibRegs                             
1     00006120  _SpicRegs                             
1     0000c02e  _Supercapacitor_Voltage               
1     0000c007  _Supercapacitor_Voltage_AD            
1     00007940  _SyncSocRegs                          
0     0000803b  _SysCtl_delay                         
0     00082b7e  _SysIntOsc1Sel                        
0     00082b8e  _SysIntOsc2Sel                        
0     00082ba2  _SysXtalOscSel                        
0     000822fa  _TIMER0_ISR                           
0     00082200  _TIMER1_ISR                           
0     0008220a  _TIMER2_ISR                           
1     0000afd0  _TRIP_SEL                             
0     000826b0  _UPPA_ISR                             
0     000826ba  _USBA_ISR                             
0     000822a0  _USER10_ISR                           
0     000822aa  _USER11_ISR                           
0     000822b4  _USER12_ISR                           
0     00082246  _USER1_ISR                            
0     00082250  _USER2_ISR                            
0     0008225a  _USER3_ISR                            
0     00082264  _USER4_ISR                            
0     0008226e  _USER5_ISR                            
0     00082278  _USER6_ISR                            
0     00082282  _USER7_ISR                            
0     0008228c  _USER8_ISR                            
0     00082296  _USER9_ISR                            
1     0000c010  _Ua_Voltage                           
1     0000c012  _Ub_Voltage                           
1     0000c014  _Uc_Voltage                           
1     0000c016  _Ud_Voltage                           
1     00006200  _UppRegs                              
1     0000c018  _Uq_Voltage                           
1     0000aff4  _VBus_filte                           
0     000825f2  _VCU_ISR                              
1     0000afee  _Vab_filte                            
1     0000a800  _Vac                                  
1     0000c062  _Varef                                
1     0000c064  _Vbref                                
1     0000c066  _Vcref                                
0     00082304  _WAKE_ISR                             
1     00007000  _WdRegs                               
0     000822dc  _XINT1_ISR                            
0     000822e6  _XINT2_ISR                            
0     000825d4  _XINT3_ISR                            
0     000825de  _XINT4_ISR                            
0     000825e8  _XINT5_ISR                            
1     00007920  _XbarRegs                             
1     00007070  _XintRegs                             
1     00000600  __STACK_END                           
abs   00000200  __STACK_SIZE                          
1     0000c1de  ___TI_cleanup_ptr                     
1     0000c1e0  ___TI_dtors_ptr                       
1     0000c1dc  ___TI_enable_exit_profile_output      
abs   ffffffff  ___TI_pprof_out_hndl                  
abs   ffffffff  ___TI_prof_data_size                  
abs   ffffffff  ___TI_prof_data_start                 
abs   ffffffff  ___binit__                            
abs   ffffffff  ___c_args__                           
0     00082000  ___cinit__                            
abs   ffffffff  ___etext__                            
abs   ffffffff  ___pinit__                            
abs   ffffffff  ___text__                             
0     00083ee4  __args_main                           
1     0000c17e  __lock                                
0     00083efe  __nop                                 
0     00083efa  __register_lock                       
0     00083ef6  __register_unlock                     
1     00000400  __stack                               
0     00083f0c  __system_post_cinit                   
0     00083f0a  __system_pre_init                     
1     0000c1ee  __unlock                              
1     0000c068  _abc_dq0_pos1_DCcur                   
1     0000c080  _abc_dq0_pos1_cur                     
0     00083df7  _abort                                
0     00082c39  _adca1_isr                            
0     00082fa5  _adcd1_isr                            
0     0008385b  _bsp_adc_init                         
0     00083595  _bsp_epwm_init                        
0     00083da5  _bsp_led_init                         
0     00083710  _bsp_pid_ctrl                         
0     000837e4  _bsp_pid_init                         
0     00083e92  _bsp_relay_init                       
0     00083d4f  _c_int00                              
0     00083e6e  _copy_in                              
0     00083c3c  _cos                                  
0     00083c3c  _cosf                                 
1     0000c008  _count_flag                           
1     0000c03e  _current_out_limit                    
1     0000c0c0  _current_pid_d                        
1     0000c100  _current_pid_q                        
1     0000c1f2  _deviceOpen                           
1     0000c094  _dq0_abc1_cur                         
0     00083df9  _exit                                 
1     0000c003  _flag                                 
1     0000c004  _flag2                                
1     0000c054  _flux                                 
1     0003fc00  _g_asIPCCPU1toCPU2Buffers             
0     0003f800  _g_asIPCCPU2toCPU1Buffers             
1     0003fc84  _g_usGetReadIndexes                   
0     0003f880  _g_usGetWriteIndexes                  
0     0003f884  _g_usPutReadIndexes                   
1     0003fc80  _g_usPutWriteIndexes                  
0     00083119  _main                                 
0     00083eaf  _memcpy                               
1     0000c0a8  _motor                                
1     0000c009  _motorspeed_rpm                       
1     0000c00a  _motorspeed_rpm_last                  
1     0000c00b  _motorspeed_sum                       
0     00083bd6  _sin                                  
0     00083bd6  _sinf                                 
1     0000c1be  _tempSensor_scaleFactor               
1     0000c1bc  _tempSensor_tempOffset                
1     0000c1ba  _tempSensor_tempSlope                 
1     0000affa  _temp_filte                           
1     0000c056  _w1_d                                 
1     0000c058  _w1_q                                 
[...]
0     00082624  _IPC2_ISR                             
0     0008262e  _IPC3_ISR                             
0     00082638  _EPWM9_TZ_ISR                         
0     00082642  _EPWM10_TZ_ISR                        
0     0008264c  _EPWM11_TZ_ISR                        
0     00082656  _EPWM12_TZ_ISR                        
0     00082660  _EPWM9_ISR                            
0     0008266a  _EPWM10_ISR                           
0     00082674  _EPWM11_ISR                           
0     0008267e  _EPWM12_ISR                           
0     00082688  _SD1_ISR                              
0     00082692  _SD2_ISR                              
0     0008269c  _SPIC_RX_ISR                          
0     000826a6  _SPIC_TX_ISR                          
0     000826b0  _UPPA_ISR                             
0     000826ba  _USBA_ISR                             
0     000826c4  _ADCC_EVT_ISR                         
0     000826ce  _ADCC2_ISR                            
0     000826d8  _ADCC3_ISR                            
0     000826e2  _ADCC4_ISR                            
0     000826ec  _ADCD_EVT_ISR                         
0     000826f6  _ADCD2_ISR                            
0     00082700  _ADCD3_ISR                            
0     0008270a  _ADCD4_ISR                            
0     00082714  _EMIF_ERROR_ISR                       
0     0008271e  _RAM_CORRECTABLE_ERROR_ISR            
0     00082728  _FLASH_CORRECTABLE_ERROR_ISR          
0     00082732  _RAM_ACCESS_VIOLATION_ISR             
0     0008273c  _SYS_PLL_SLIP_ISR                     
0     00082746  _AUX_PLL_SLIP_ISR                     
0     00082750  _CLA_OVERFLOW_ISR                     
0     0008275a  _CLA_UNDERFLOW_ISR                    
0     00082764  _PIE_RESERVED_ISR                     
0     0008276e  _EMPTY_ISR                            
0     0008277b  _NOTUSED_ISR                          
0     00082785  _InitSysCtrl                          
0     000827ae  _InitPeripheralClocks                 
0     00082832  _DisablePeripheralClocks              
0     0008284a  _SeizeFlashPump                       
0     00082859  _ReleaseFlashPump                     
0     00082863  _ServiceDog                           
0     00082871  _DisableDog                           
0     0008287f  _InitSysPll                           
0     00082a6e  _InitAuxPll                           
0     00082b5d  _CsmUnlock                            
0     00082b7e  _SysIntOsc1Sel                        
0     00082b8e  _SysIntOsc2Sel                        
0     00082ba2  _SysXtalOscSel                        
0     00082bb2  _AuxIntOsc2Sel                        
0     00082bbc  _AuxXtalOscSel                        
0     00082bc8  _AuxAuxClkSel                         
0     00082bd2  _IDLE                                 
0     00082bdb  _STANDBY                              
0     00082be6  _HALT                                 
0     00082bff  _HIB                                  
0     00082c1c  _ConfigureTMXAnalogTrim               
0     00082c39  _adca1_isr                            
0     00082fa5  _adcd1_isr                            
0     00083039  _SPLL_1ph_init                        
0     00083119  _main                                 
0     000831e3  _POSSPEED_Calc                        
0     000832db  _Init_Variables                       
0     000832f5  _Init_EQEP1_Gpio                      
0     00083318  _Init_EQEP1                           
0     00083351  _InitGpio                             
0     00083391  _GPIO_SetupPinMux                     
0     0008341d  _GPIO_SetupPinOptions                 
0     000834b1  _GPIO_SetupLock                       
0     000834da  _GPIO_SetupXINT1Gpio                  
0     000834e4  _GPIO_SetupXINT2Gpio                  
0     000834ee  _GPIO_SetupXINT3Gpio                  
0     000834f8  _GPIO_SetupXINT4Gpio                  
0     00083502  _GPIO_SetupXINT5Gpio                  
0     0008350c  _GPIO_EnableUnbondedIOPullupsFor176Pin
0     00083525  _GPIO_EnableUnbondedIOPullupsFor100Pin
0     0008354a  _GPIO_EnableUnbondedIOPullups         
0     00083560  _GPIO_ReadPin                         
0     00083577  _GPIO_WritePin                        
0     00083595  _bsp_epwm_init                        
0     000835b8  _InitEPwm1Example                     
0     0008362c  _InitEPwm2Example                     
0     000836a5  _InitEPwm3Example                     
0     00083710  _bsp_pid_ctrl                         
0     000837e4  _bsp_pid_init                         
0     0008385b  _bsp_adc_init                         
0     00083961  _InitEPwmGpio                         
0     0008397a  _InitEPwm1Gpio                        
0     0008398c  _InitEPwm2Gpio                        
0     0008399e  _InitEPwm3Gpio                        
0     000839b2  _InitEPwm4Gpio                        
0     000839c6  _InitEPwm5Gpio                        
0     000839d8  _InitEPwm6Gpio                        
0     000839ea  _InitEPwm7Gpio                        
0     000839fe  _InitEPwm8Gpio                        
0     00083a12  _InitEPwm9Gpio                        
0     00083a24  _InitEPwm10Gpio                       
0     00083a37  _InitEPwm11Gpio                       
0     00083a4b  _InitEPwm12Gpio                       
0     00083a5e  _AdcSetMode                           
0     00083b14  _CalAdcINL                            
0     00083b4e  FS$$DIV                               
0     00083bd6  _sin                                  
0     00083bd6  _sinf                                 
0     00083c3c  _cos                                  
0     00083c3c  _cosf                                 
0     00083c9f  _ABC_DQ0_POS_F_init                   
0     00083cb5  _ABC_DQ0_POS_F_FUNC                   
0     00083cf8  _DQ0_ABC_F_init                       
0     00083d0e  _DQ0_ABC_F_FUNC                       
0     00083d4f  _c_int00                              
0     00083da5  _bsp_led_init                         
0     00083dcc  _GPIO_TogglePin                       
0     00083df7  C$$EXIT                               
0     00083df7  _abort                                
0     00083df9  _exit                                 
0     00083e20  _InitPieCtrl                          
0     00083e3f  _EnableInterrupts                     
0     00083e48  _InitPieVectTable                     
0     00083e6e  _copy_in                              
0     00083e92  _bsp_relay_init                       
0     00083eaf  _memcpy                               
0     00083ecc  LL$$AND                               
0     00083ed4  LL$$OR                                
0     00083edc  LL$$XOR                               
0     00083ee4  __args_main                           
0     00083ef6  __register_unlock                     
0     00083efa  __register_lock                       
0     00083efe  __nop                                 
0     00083f07  _SetDBGIER                            
0     00083f0a  __system_pre_init                     
0     00083f0c  __system_post_cinit                   
0     00086000  _RamfuncsLoadStart                    
0     0008603f  _RamfuncsLoadEnd                      
0     00090000  _PieVectTableInit                     
1     00000400  __stack                               
1     00000600  __STACK_END                           
1     00000b00  _AdcaResultRegs                       
1     00000b20  _AdcbResultRegs                       
1     00000b40  _AdccResultRegs                       
1     00000b60  _AdcdResultRegs                       
1     00000c00  _CpuTimer0Regs                        
1     00000c08  _CpuTimer1Regs                        
1     00000c10  _CpuTimer2Regs                        
1     00000ce0  _PieCtrlRegs                          
1     00000d00  _PieVectTable                         
1     00001000  _DmaRegs                              
1     00001400  _Cla1Regs                             
1     00003000  _Clb1LogicCfgRegs                     
1     00003100  _Clb1LogicCtrlRegs                    
1     00003200  _Clb1DataExchRegs                     
1     00003400  _Clb2LogicCfgRegs                     
1     00003500  _Clb2LogicCtrlRegs                    
1     00003600  _Clb2DataExchRegs                     
1     00003800  _Clb3LogicCfgRegs                     
1     00003900  _Clb3LogicCtrlRegs                    
1     00003a00  _Clb3DataExchRegs                     
1     00003c00  _Clb4LogicCfgRegs                     
1     00003d00  _Clb4LogicCtrlRegs                    
1     00003e00  _Clb4DataExchRegs                     
1     00004000  _EPwm1Regs                            
1     00004100  _EPwm2Regs                            
1     00004200  _EPwm3Regs                            
1     00004300  _EPwm4Regs                            
1     00004400  _EPwm5Regs                            
1     00004500  _EPwm6Regs                            
1     00004600  _EPwm7Regs                            
1     00004700  _EPwm8Regs                            
1     00004800  _EPwm9Regs                            
1     00004900  _EPwm10Regs                           
1     00004a00  _EPwm11Regs                           
1     00004b00  _EPwm12Regs                           
1     00005000  _ECap1Regs                            
1     00005020  _ECap2Regs                            
1     00005040  _ECap3Regs                            
1     00005060  _ECap4Regs                            
1     00005080  _ECap5Regs                            
1     000050a0  _ECap6Regs                            
1     00005100  _EQep1Regs                            
1     00005140  _EQep2Regs                            
1     00005180  _EQep3Regs                            
1     00005c00  _DacaRegs                             
1     00005c10  _DacbRegs                             
1     00005c20  _DaccRegs                             
1     00005c80  _Cmpss1Regs                           
1     00005ca0  _Cmpss2Regs                           
1     00005cc0  _Cmpss3Regs                           
1     00005ce0  _Cmpss4Regs                           
1     00005d00  _Cmpss5Regs                           
1     00005d20  _Cmpss6Regs                           
1     00005d40  _Cmpss7Regs                           
1     00005d60  _Cmpss8Regs                           
1     00005e00  _Sdfm1Regs                            
1     00005e80  _Sdfm2Regs                            
1     00006000  _McbspaRegs                           
1     00006040  _McbspbRegs                           
1     00006100  _SpiaRegs                             
1     00006110  _SpibRegs                             
1     00006120  _SpicRegs                             
1     00006200  _UppRegs                              
1     00007000  _WdRegs                               
1     00007060  _NmiIntruptRegs                       
1     00007070  _XintRegs                             
1     00007200  _SciaRegs                             
1     00007210  _ScibRegs                             
1     00007220  _ScicRegs                             
1     00007230  _ScidRegs                             
1     00007300  _I2caRegs                             
1     00007340  _I2cbRegs                             
1     00007400  _AdcaRegs                             
1     00007480  _AdcbRegs                             
1     00007500  _AdccRegs                             
1     00007580  _AdcdRegs                             
1     00007900  _InputXbarRegs                        
1     00007920  _XbarRegs                             
1     00007940  _SyncSocRegs                          
1     00007980  _DmaClaSrcSelRegs                     
1     00007a00  _EPwmXbarRegs                         
1     00007a40  _ClbXbarRegs                          
1     00007a80  _OutputXbarRegs                       
1     00007c00  _GpioCtrlRegs                         
1     00007f00  _GpioDataRegs                         
1     0000a800  _Vac                                  
1     0000afd0  _TRIP_SEL                             
1     0000afee  _Vab_filte                            
1     0000aff4  _VBus_filte                           
1     0000affa  _temp_filte                           
1     0000c000  _APhase_Current                       
1     0000c001  _BPhase_Current                       
1     0000c002  _CPhase_Current                       
1     0000c003  _flag                                 
1     0000c004  _flag2                                
1     0000c005  _Bus_Voltage_AD                       
1     0000c006  _Bus_Current_AD                       
1     0000c007  _Supercapacitor_Voltage_AD            
1     0000c008  _count_flag                           
1     0000c009  _motorspeed_rpm                       
1     0000c00a  _motorspeed_rpm_last                  
1     0000c00b  _motorspeed_sum                       
1     0000c00c  _F_flag                               
1     0000c00e  _K_norm                               
1     0000c010  _Ua_Voltage                           
1     0000c012  _Ub_Voltage                           
1     0000c014  _Uc_Voltage                           
1     0000c016  _Ud_Voltage                           
1     0000c018  _Uq_Voltage                           
1     0000c01a  _Ia_Current                           
1     0000c01c  _Ib_Current                           
1     0000c01e  _Ic_Current                           
1     0000c020  _Id_Current                           
1     0000c022  _Iq_Current                           
1     0000c024  _Ia_Current_norm                      
1     0000c026  _Ib_Current_norm                      
1     0000c028  _Ic_Current_norm                      
1     0000c02e  _Supercapacitor_Voltage               
1     0000c030  _M                                    
1     0000c032  _Sin_the                              
1     0000c034  _Cos_the                              
1     0000c036  _Id_pid_kp                            
1     0000c038  _Iq_pid_kp                            
1     0000c03a  _Id_pid_ki                            
1     0000c03c  _Iq_pid_ki                            
1     0000c03e  _current_out_limit                    
1     0000c040  _CurDc_pid_kp                         
1     0000c042  _CurDc_pid_ki                         
1     0000c044  _CurDc_out_limit                      
1     0000c046  _CurDc_ref                            
1     0000c048  _CurDc_ref_ctr                        
1     0000c04a  _CurDc_normK                          
1     0000c04c  _Ld                                   
1     0000c04e  _Lq                                   
1     0000c050  _Rs                                   
1     0000c052  _Pn                                   
1     0000c054  _flux                                 
1     0000c056  _w1_d                                 
1     0000c058  _w1_q                                 
1     0000c05a  _Id_out                               
1     0000c05c  _Iq_out                               
1     0000c05e  _Id_out_norm                          
1     0000c060  _Iq_out_norm                          
1     0000c062  _Varef                                
1     0000c064  _Vbref                                
1     0000c066  _Vcref                                
1     0000c068  _abc_dq0_pos1_DCcur                   
1     0000c080  _abc_dq0_pos1_cur                     
1     0000c094  _dq0_abc1_cur                         
1     0000c0a8  _motor                                
1     0000c0c0  _current_pid_d                        
1     0000c100  _current_pid_q                        
1     0000c140  _CurDc_pid                            
1     0000c164  _EPWM                                 
1     0000c17e  __lock                                
1     0000c180  _CpuTimer0                            
1     0000c188  _CpuTimer1                            
1     0000c190  _CpuTimer2                            
1     0000c198  _ECAP                                 
1     0000c1a6  _ADC                                  
1     0000c1b0  _EPWM1_TBPRD                          
1     0000c1b1  _EPWM1_CMPA                           
1     0000c1b2  _EPWM1_CMPB                           
1     0000c1b3  _EPWM2_TBPRD                          
1     0000c1b4  _EPWM2_CMPA                           
1     0000c1b5  _EPWM2_CMPB                           
1     0000c1b6  _EPWM3_TBPRD                          
1     0000c1b7  _EPWM3_CMPA                           
1     0000c1b8  _EPWM3_CMPB                           
1     0000c1b9  _DEADTIME                             
1     0000c1ba  _tempSensor_tempSlope                 
1     0000c1bc  _tempSensor_tempOffset                
1     0000c1be  _tempSensor_scaleFactor               
1     0000c1c0  _EQEP                                 
1     0000c1c8  _SPI                                  
1     0000c1d0  _SDFM                                 
1     0000c1d6  _Example_Result                       
1     0000c1d8  _Example_PassCount                    
1     0000c1da  _Example_Fail                         
1     0000c1dc  ___TI_enable_exit_profile_output      
1     0000c1de  ___TI_cleanup_ptr                     
1     0000c1e0  ___TI_dtors_ptr                       
1     0000c1e2  _I2C                                  
1     0000c1e6  _MCBSP                                
1     0000c1ea  _SCI                                  
1     0000c1ee  __unlock                              
1     0000c1f2  _deviceOpen                           
1     0003fc00  _g_asIPCCPU1toCPU2Buffers             
1     0003fc80  _g_usPutWriteIndexes                  
1     0003fc84  _g_usGetReadIndexes                   
1     00047000  _Emif1Regs                            
1     00047800  _Emif2Regs                            
1     00048000  _CanaRegs                             
1     0004a000  _CanbRegs                             
1     00050000  _IpcRegs                              
1     00050024  _FlashPumpSemaphoreRegs               
1     0005d000  _DevCfgRegs                           
1     0005d180  _AnalogSubsysRegs                     
1     0005d200  _ClkCfgRegs                           
1     0005d300  _CpuSysRegs                           
1     0005e608  _RomPrefetchRegs                      
1     0005f000  _DcsmZ1Regs                           
1     0005f040  _DcsmZ2Regs                           
1     0005f070  _DcsmCommonRegs                       
1     0005f400  _MemCfgRegs                           
1     0005f480  _Emif1ConfigRegs                      
1     0005f4a0  _Emif2ConfigRegs                      
1     0005f4c0  _AccessProtectionRegs                 
1     0005f500  _MemoryErrorRegs                      
1     0005f540  _RomWaitStateRegs                     
1     0005f800  _Flash0CtrlRegs                       
1     0005fb00  _Flash0EccRegs                        
abs   0000003f  _RamfuncsLoadSize                     
abs   0000003f  _RamfuncsRunSize                      
abs   00000200  __STACK_SIZE                          
abs   ffffffff  .text                                 
abs   ffffffff  ___TI_pprof_out_hndl                  
abs   ffffffff  ___TI_prof_data_size                  
abs   ffffffff  ___TI_prof_data_start                 
abs   ffffffff  ___binit__                            
abs   ffffffff  ___c_args__                           
abs   ffffffff  ___etext__                            
abs   ffffffff  ___pinit__                            
abs   ffffffff  ___text__                             
abs   ffffffff  binit                                 
abs   ffffffff  etext                                 
abs   ffffffff  pinit                                 

[481 symbols]
