<?xml version="1.0" encoding="ISO-8859-1" ?>
<link_info>
   <banner>TMS320C2000 Linker PC v22.6.0.LTS</banner>
   <copyright>Copyright (c) 1996-2018 Texas Instruments Incorporated</copyright>
   <link_time>0x66cd74f9</link_time>
   <link_errors>0x0</link_errors>
   <output_file>ThreePhaseRectifier_CurCtl.out</output_file>
   <entry_point>
      <name>_c_int00</name>
      <address>0x83d4f</address>
   </entry_point>
   <input_file_list>
      <input_file id="fl-2">
         <path>.\</path>
         <kind>object</kind>
         <file>main.obj</file>
         <name>main.obj</name>
      </input_file>
      <input_file id="fl-3">
         <path>.\BSP\ADC\</path>
         <kind>object</kind>
         <file>bsp_adc.obj</file>
         <name>bsp_adc.obj</name>
      </input_file>
      <input_file id="fl-4">
         <path>.\BSP\EMIF\</path>
         <kind>object</kind>
         <file>bsp_emif.obj</file>
         <name>bsp_emif.obj</name>
      </input_file>
      <input_file id="fl-5">
         <path>.\BSP\EMIF\</path>
         <kind>object</kind>
         <file>emif_asram_pin_setup.obj</file>
         <name>emif_asram_pin_setup.obj</name>
      </input_file>
      <input_file id="fl-6">
         <path>.\BSP\EPWM\</path>
         <kind>object</kind>
         <file>bsp_epwm.obj</file>
         <name>bsp_epwm.obj</name>
      </input_file>
      <input_file id="fl-7">
         <path>.\BSP\INT\</path>
         <kind>object</kind>
         <file>bsp_timer.obj</file>
         <name>bsp_timer.obj</name>
      </input_file>
      <input_file id="fl-8">
         <path>.\BSP\LED\</path>
         <kind>object</kind>
         <file>bsp_led.obj</file>
         <name>bsp_led.obj</name>
      </input_file>
      <input_file id="fl-9">
         <path>.\BSP\PID\</path>
         <kind>object</kind>
         <file>bsp_pid_ctrl.obj</file>
         <name>bsp_pid_ctrl.obj</name>
      </input_file>
      <input_file id="fl-a">
         <path>.\BSP\RELAY\</path>
         <kind>object</kind>
         <file>bsp_relay.obj</file>
         <name>bsp_relay.obj</name>
      </input_file>
      <input_file id="fl-b">
         <path>.\BSP\SPLL_SOGI\</path>
         <kind>object</kind>
         <file>SPLL_1ph_SOGI_F.obj</file>
         <name>SPLL_1ph_SOGI_F.obj</name>
      </input_file>
      <input_file id="fl-c">
         <path>.\common\source\</path>
         <kind>object</kind>
         <file>F2837xD_Adc.obj</file>
         <name>F2837xD_Adc.obj</name>
      </input_file>
      <input_file id="fl-d">
         <path>.\common\source\</path>
         <kind>object</kind>
         <file>F2837xD_CodeStartBranch.obj</file>
         <name>F2837xD_CodeStartBranch.obj</name>
      </input_file>
      <input_file id="fl-e">
         <path>.\common\source\</path>
         <kind>object</kind>
         <file>F2837xD_CpuTimers.obj</file>
         <name>F2837xD_CpuTimers.obj</name>
      </input_file>
      <input_file id="fl-f">
         <path>.\common\source\</path>
         <kind>object</kind>
         <file>F2837xD_DBGIER.obj</file>
         <name>F2837xD_DBGIER.obj</name>
      </input_file>
      <input_file id="fl-10">
         <path>.\common\source\</path>
         <kind>object</kind>
         <file>F2837xD_DefaultISR.obj</file>
         <name>F2837xD_DefaultISR.obj</name>
      </input_file>
      <input_file id="fl-11">
         <path>.\common\source\</path>
         <kind>object</kind>
         <file>F2837xD_Dma.obj</file>
         <name>F2837xD_Dma.obj</name>
      </input_file>
      <input_file id="fl-12">
         <path>.\common\source\</path>
         <kind>object</kind>
         <file>F2837xD_ECap.obj</file>
         <name>F2837xD_ECap.obj</name>
      </input_file>
      <input_file id="fl-13">
         <path>.\common\source\</path>
         <kind>object</kind>
         <file>F2837xD_EPwm.obj</file>
         <name>F2837xD_EPwm.obj</name>
      </input_file>
      <input_file id="fl-14">
         <path>.\common\source\</path>
         <kind>object</kind>
         <file>F2837xD_EQep.obj</file>
         <name>F2837xD_EQep.obj</name>
      </input_file>
      <input_file id="fl-15">
         <path>.\common\source\</path>
         <kind>object</kind>
         <file>F2837xD_Emif.obj</file>
         <name>F2837xD_Emif.obj</name>
      </input_file>
      <input_file id="fl-16">
         <path>.\common\source\</path>
         <kind>object</kind>
         <file>F2837xD_Gpio.obj</file>
         <name>F2837xD_Gpio.obj</name>
      </input_file>
      <input_file id="fl-17">
         <path>.\common\source\</path>
         <kind>object</kind>
         <file>F2837xD_I2C.obj</file>
         <name>F2837xD_I2C.obj</name>
      </input_file>
      <input_file id="fl-18">
         <path>.\common\source\</path>
         <kind>object</kind>
         <file>F2837xD_Ipc.obj</file>
         <name>F2837xD_Ipc.obj</name>
      </input_file>
      <input_file id="fl-19">
         <path>.\common\source\</path>
         <kind>object</kind>
         <file>F2837xD_Ipc_Driver.obj</file>
         <name>F2837xD_Ipc_Driver.obj</name>
      </input_file>
      <input_file id="fl-1a">
         <path>.\common\source\</path>
         <kind>object</kind>
         <file>F2837xD_Ipc_Driver_Lite.obj</file>
         <name>F2837xD_Ipc_Driver_Lite.obj</name>
      </input_file>
      <input_file id="fl-1b">
         <path>.\common\source\</path>
         <kind>object</kind>
         <file>F2837xD_Ipc_Driver_Util.obj</file>
         <name>F2837xD_Ipc_Driver_Util.obj</name>
      </input_file>
      <input_file id="fl-1c">
         <path>.\common\source\</path>
         <kind>object</kind>
         <file>F2837xD_Mcbsp.obj</file>
         <name>F2837xD_Mcbsp.obj</name>
      </input_file>
      <input_file id="fl-1d">
         <path>.\common\source\</path>
         <kind>object</kind>
         <file>F2837xD_PieCtrl.obj</file>
         <name>F2837xD_PieCtrl.obj</name>
      </input_file>
      <input_file id="fl-1e">
         <path>.\common\source\</path>
         <kind>object</kind>
         <file>F2837xD_PieVect.obj</file>
         <name>F2837xD_PieVect.obj</name>
      </input_file>
      <input_file id="fl-1f">
         <path>.\common\source\</path>
         <kind>object</kind>
         <file>F2837xD_Sci.obj</file>
         <name>F2837xD_Sci.obj</name>
      </input_file>
      <input_file id="fl-20">
         <path>.\common\source\</path>
         <kind>object</kind>
         <file>F2837xD_Spi.obj</file>
         <name>F2837xD_Spi.obj</name>
      </input_file>
      <input_file id="fl-21">
         <path>.\common\source\</path>
         <kind>object</kind>
         <file>F2837xD_SysCtrl.obj</file>
         <name>F2837xD_SysCtrl.obj</name>
      </input_file>
      <input_file id="fl-22">
         <path>.\common\source\</path>
         <kind>object</kind>
         <file>F2837xD_TempSensorConv.obj</file>
         <name>F2837xD_TempSensorConv.obj</name>
      </input_file>
      <input_file id="fl-23">
         <path>.\common\source\</path>
         <kind>object</kind>
         <file>F2837xD_Upp.obj</file>
         <name>F2837xD_Upp.obj</name>
      </input_file>
      <input_file id="fl-24">
         <path>.\common\source\</path>
         <kind>object</kind>
         <file>F2837xD_can.obj</file>
         <name>F2837xD_can.obj</name>
      </input_file>
      <input_file id="fl-25">
         <path>.\common\source\</path>
         <kind>object</kind>
         <file>F2837xD_sci_io.obj</file>
         <name>F2837xD_sci_io.obj</name>
      </input_file>
      <input_file id="fl-26">
         <path>.\common\source\</path>
         <kind>object</kind>
         <file>F2837xD_sdfm_drivers.obj</file>
         <name>F2837xD_sdfm_drivers.obj</name>
      </input_file>
      <input_file id="fl-27">
         <path>.\common\source\</path>
         <kind>object</kind>
         <file>F2837xD_struct.obj</file>
         <name>F2837xD_struct.obj</name>
      </input_file>
      <input_file id="fl-28">
         <path>.\common\source\</path>
         <kind>object</kind>
         <file>F2837xD_usDelay.obj</file>
         <name>F2837xD_usDelay.obj</name>
      </input_file>
      <input_file id="fl-29">
         <path>.\common\source\</path>
         <kind>object</kind>
         <file>device.obj</file>
         <name>device.obj</name>
      </input_file>
      <input_file id="fl-2a">
         <path>.\driverlib\</path>
         <kind>object</kind>
         <file>adc.obj</file>
         <name>adc.obj</name>
      </input_file>
      <input_file id="fl-2b">
         <path>.\driverlib\</path>
         <kind>object</kind>
         <file>asysctl.obj</file>
         <name>asysctl.obj</name>
      </input_file>
      <input_file id="fl-2c">
         <path>.\driverlib\</path>
         <kind>object</kind>
         <file>can.obj</file>
         <name>can.obj</name>
      </input_file>
      <input_file id="fl-2d">
         <path>.\driverlib\</path>
         <kind>object</kind>
         <file>cla.obj</file>
         <name>cla.obj</name>
      </input_file>
      <input_file id="fl-2e">
         <path>.\driverlib\</path>
         <kind>object</kind>
         <file>clb.obj</file>
         <name>clb.obj</name>
      </input_file>
      <input_file id="fl-2f">
         <path>.\driverlib\</path>
         <kind>object</kind>
         <file>cmpss.obj</file>
         <name>cmpss.obj</name>
      </input_file>
      <input_file id="fl-30">
         <path>.\driverlib\</path>
         <kind>object</kind>
         <file>cputimer.obj</file>
         <name>cputimer.obj</name>
      </input_file>
      <input_file id="fl-31">
         <path>.\driverlib\</path>
         <kind>object</kind>
         <file>dac.obj</file>
         <name>dac.obj</name>
      </input_file>
      <input_file id="fl-32">
         <path>.\driverlib\</path>
         <kind>object</kind>
         <file>dcsm.obj</file>
         <name>dcsm.obj</name>
      </input_file>
      <input_file id="fl-33">
         <path>.\driverlib\</path>
         <kind>object</kind>
         <file>dma.obj</file>
         <name>dma.obj</name>
      </input_file>
      <input_file id="fl-34">
         <path>.\driverlib\</path>
         <kind>object</kind>
         <file>ecap.obj</file>
         <name>ecap.obj</name>
      </input_file>
      <input_file id="fl-35">
         <path>.\driverlib\</path>
         <kind>object</kind>
         <file>emif.obj</file>
         <name>emif.obj</name>
      </input_file>
      <input_file id="fl-36">
         <path>.\driverlib\</path>
         <kind>object</kind>
         <file>epwm.obj</file>
         <name>epwm.obj</name>
      </input_file>
      <input_file id="fl-37">
         <path>.\driverlib\</path>
         <kind>object</kind>
         <file>eqep.obj</file>
         <name>eqep.obj</name>
      </input_file>
      <input_file id="fl-38">
         <path>.\driverlib\</path>
         <kind>object</kind>
         <file>flash.obj</file>
         <name>flash.obj</name>
      </input_file>
      <input_file id="fl-39">
         <path>.\driverlib\</path>
         <kind>object</kind>
         <file>gpio.obj</file>
         <name>gpio.obj</name>
      </input_file>
      <input_file id="fl-3a">
         <path>.\driverlib\</path>
         <kind>object</kind>
         <file>hrpwm.obj</file>
         <name>hrpwm.obj</name>
      </input_file>
      <input_file id="fl-3b">
         <path>.\driverlib\</path>
         <kind>object</kind>
         <file>i2c.obj</file>
         <name>i2c.obj</name>
      </input_file>
      <input_file id="fl-3c">
         <path>.\driverlib\</path>
         <kind>object</kind>
         <file>interrupt.obj</file>
         <name>interrupt.obj</name>
      </input_file>
      <input_file id="fl-3d">
         <path>.\driverlib\</path>
         <kind>object</kind>
         <file>ipc.obj</file>
         <name>ipc.obj</name>
      </input_file>
      <input_file id="fl-3e">
         <path>.\driverlib\</path>
         <kind>object</kind>
         <file>mcbsp.obj</file>
         <name>mcbsp.obj</name>
      </input_file>
      <input_file id="fl-3f">
         <path>.\driverlib\</path>
         <kind>object</kind>
         <file>memcfg.obj</file>
         <name>memcfg.obj</name>
      </input_file>
      <input_file id="fl-40">
         <path>.\driverlib\</path>
         <kind>object</kind>
         <file>sci.obj</file>
         <name>sci.obj</name>
      </input_file>
      <input_file id="fl-41">
         <path>.\driverlib\</path>
         <kind>object</kind>
         <file>sdfm.obj</file>
         <name>sdfm.obj</name>
      </input_file>
      <input_file id="fl-42">
         <path>.\driverlib\</path>
         <kind>object</kind>
         <file>spi.obj</file>
         <name>spi.obj</name>
      </input_file>
      <input_file id="fl-43">
         <path>.\driverlib\</path>
         <kind>object</kind>
         <file>sysctl.obj</file>
         <name>sysctl.obj</name>
      </input_file>
      <input_file id="fl-44">
         <path>.\driverlib\</path>
         <kind>object</kind>
         <file>upp.obj</file>
         <name>upp.obj</name>
      </input_file>
      <input_file id="fl-45">
         <path>.\driverlib\</path>
         <kind>object</kind>
         <file>usb.obj</file>
         <name>usb.obj</name>
      </input_file>
      <input_file id="fl-46">
         <path>.\driverlib\</path>
         <kind>object</kind>
         <file>version.obj</file>
         <name>version.obj</name>
      </input_file>
      <input_file id="fl-47">
         <path>.\driverlib\</path>
         <kind>object</kind>
         <file>xbar.obj</file>
         <name>xbar.obj</name>
      </input_file>
      <input_file id="fl-48">
         <path>.\headers\source\</path>
         <kind>object</kind>
         <file>F2837xD_GlobalVariableDefs.obj</file>
         <name>F2837xD_GlobalVariableDefs.obj</name>
      </input_file>
      <input_file id="fl-54">
         <kind>object</kind>
         <file>&lt;internal&gt;</file>
         <name>&lt;internal&gt;</name>
      </input_file>
      <input_file id="fl-66">
         <path>D:\CCS12.3\ccs\tools\compiler\ti-cgt-c2000_22.6.0.LTS\lib\</path>
         <kind>archive</kind>
         <file>rts2800_fpu32.lib</file>
         <name>s_cosf.c.obj</name>
      </input_file>
      <input_file id="fl-67">
         <path>D:\CCS12.3\ccs\tools\compiler\ti-cgt-c2000_22.6.0.LTS\lib\</path>
         <kind>archive</kind>
         <file>rts2800_fpu32.lib</file>
         <name>s_sinf.c.obj</name>
      </input_file>
      <input_file id="fl-68">
         <path>D:\CCS12.3\ccs\tools\compiler\ti-cgt-c2000_22.6.0.LTS\lib\</path>
         <kind>archive</kind>
         <file>rts2800_fpu32.lib</file>
         <name>boot28.asm.obj</name>
      </input_file>
      <input_file id="fl-69">
         <path>D:\CCS12.3\ccs\tools\compiler\ti-cgt-c2000_22.6.0.LTS\lib\</path>
         <kind>archive</kind>
         <file>rts2800_fpu32.lib</file>
         <name>fs_div28.asm.obj</name>
      </input_file>
      <input_file id="fl-6a">
         <path>D:\CCS12.3\ccs\tools\compiler\ti-cgt-c2000_22.6.0.LTS\lib\</path>
         <kind>archive</kind>
         <file>rts2800_fpu32.lib</file>
         <name>ll_aox28.asm.obj</name>
      </input_file>
      <input_file id="fl-6b">
         <path>D:\CCS12.3\ccs\tools\compiler\ti-cgt-c2000_22.6.0.LTS\lib\</path>
         <kind>archive</kind>
         <file>rts2800_fpu32.lib</file>
         <name>cpy_tbl.c.obj</name>
      </input_file>
      <input_file id="fl-6c">
         <path>D:\CCS12.3\ccs\tools\compiler\ti-cgt-c2000_22.6.0.LTS\lib\</path>
         <kind>archive</kind>
         <file>rts2800_fpu32.lib</file>
         <name>memcpy.c.obj</name>
      </input_file>
      <input_file id="fl-6d">
         <path>D:\CCS12.3\ccs\tools\compiler\ti-cgt-c2000_22.6.0.LTS\lib\</path>
         <kind>archive</kind>
         <file>rts2800_fpu32.lib</file>
         <name>pre_init.c.obj</name>
      </input_file>
      <input_file id="fl-6e">
         <path>D:\CCS12.3\ccs\tools\compiler\ti-cgt-c2000_22.6.0.LTS\lib\</path>
         <kind>archive</kind>
         <file>rts2800_fpu32.lib</file>
         <name>startup.c.obj</name>
      </input_file>
      <input_file id="fl-6f">
         <path>D:\CCS12.3\ccs\tools\compiler\ti-cgt-c2000_22.6.0.LTS\lib\</path>
         <kind>archive</kind>
         <file>rts2800_fpu32.lib</file>
         <name>exit.c.obj</name>
      </input_file>
      <input_file id="fl-70">
         <path>D:\CCS12.3\ccs\tools\compiler\ti-cgt-c2000_22.6.0.LTS\lib\</path>
         <kind>archive</kind>
         <file>rts2800_fpu32.lib</file>
         <name>_lock.c.obj</name>
      </input_file>
      <input_file id="fl-71">
         <path>D:\CCS12.3\ccs\tools\compiler\ti-cgt-c2000_22.6.0.LTS\lib\</path>
         <kind>archive</kind>
         <file>rts2800_fpu32.lib</file>
         <name>args_main.c.obj</name>
      </input_file>
      <input_file id="fl-72">
         <path>D:\CCS12.3\ccs\tools\compiler\ti-cgt-c2000_22.6.0.LTS\lib\</path>
         <kind>archive</kind>
         <file>rts2800_fpu32.lib</file>
         <name>memset.c.obj</name>
      </input_file>
      <input_file id="fl-73">
         <path>D:\controlSUITE\libs\app_libs\solar\v1.2\float\lib\</path>
         <kind>archive</kind>
         <file>Solar_Lib_Float.lib</file>
         <name>DQ0_ABC_F.obj</name>
      </input_file>
      <input_file id="fl-74">
         <path>D:\controlSUITE\libs\app_libs\solar\v1.2\float\lib\</path>
         <kind>archive</kind>
         <file>Solar_Lib_Float.lib</file>
         <name>ABC_DQ0_POS_F.obj</name>
      </input_file>
   </input_file_list>
   <object_component_list>
      <object_component id="oc-90">
         <name>.cinit</name>
         <load_address>0x82000</load_address>
         <run_address>0x82000</run_address>
         <size>0x115</size>
         <input_file_ref idref="fl-2"/>
      </object_component>
      <object_component id="oc-a8">
         <name>.cinit</name>
         <load_address>0x82115</load_address>
         <run_address>0x82115</run_address>
         <size>0x28</size>
         <input_file_ref idref="fl-6"/>
      </object_component>
      <object_component id="oc-224">
         <name>.cinit:_TRIP_SEL</name>
         <load_address>0x8213d</load_address>
         <run_address>0x8213d</run_address>
         <size>0x21</size>
         <input_file_ref idref="fl-27"/>
      </object_component>
      <object_component id="oc-254">
         <name>.cinit:_EPWM</name>
         <load_address>0x8215e</load_address>
         <run_address>0x8215e</run_address>
         <size>0x1d</size>
         <input_file_ref idref="fl-27"/>
      </object_component>
      <object_component id="oc-214">
         <name>.cinit:_ECAP</name>
         <load_address>0x8217b</load_address>
         <run_address>0x8217b</run_address>
         <size>0x11</size>
         <input_file_ref idref="fl-27"/>
      </object_component>
      <object_component id="oc-160">
         <name>.cinit</name>
         <load_address>0x8218c</load_address>
         <run_address>0x8218c</run_address>
         <size>0xf</size>
         <input_file_ref idref="fl-29"/>
      </object_component>
      <object_component id="oc-29a">
         <name>.cinit</name>
         <load_address>0x8219b</load_address>
         <run_address>0x8219b</run_address>
         <size>0xe</size>
         <input_file_ref idref="fl-6f"/>
      </object_component>
      <object_component id="oc-24d">
         <name>.cinit:_ADC</name>
         <load_address>0x821a9</load_address>
         <run_address>0x821a9</run_address>
         <size>0xd</size>
         <input_file_ref idref="fl-27"/>
      </object_component>
      <object_component id="oc-228">
         <name>.cinit:_EQEP</name>
         <load_address>0x821b6</load_address>
         <run_address>0x821b6</run_address>
         <size>0xb</size>
         <input_file_ref idref="fl-27"/>
      </object_component>
      <object_component id="oc-20b">
         <name>.cinit:_SPI</name>
         <load_address>0x821c1</load_address>
         <run_address>0x821c1</run_address>
         <size>0xb</size>
         <input_file_ref idref="fl-27"/>
      </object_component>
      <object_component id="oc-248">
         <name>.cinit:_SDFM</name>
         <load_address>0x821cc</load_address>
         <run_address>0x821cc</run_address>
         <size>0x9</size>
         <input_file_ref idref="fl-27"/>
      </object_component>
      <object_component id="oc-22c">
         <name>.cinit:_I2C</name>
         <load_address>0x821d5</load_address>
         <run_address>0x821d5</run_address>
         <size>0x7</size>
         <input_file_ref idref="fl-27"/>
      </object_component>
      <object_component id="oc-230">
         <name>.cinit:_MCBSP</name>
         <load_address>0x821dc</load_address>
         <run_address>0x821dc</run_address>
         <size>0x7</size>
         <input_file_ref idref="fl-27"/>
      </object_component>
      <object_component id="oc-206">
         <name>.cinit:_SCI</name>
         <load_address>0x821e3</load_address>
         <run_address>0x821e3</run_address>
         <size>0x7</size>
         <input_file_ref idref="fl-27"/>
      </object_component>
      <object_component id="oc-2c3">
         <name>.cinit:_Vac</name>
         <load_address>0x821ea</load_address>
         <run_address>0x821ea</run_address>
         <size>0x5</size>
         <input_file_ref idref="fl-2"/>
      </object_component>
      <object_component id="oc-2d0">
         <name>.cinit:__lock</name>
         <load_address>0x821ef</load_address>
         <run_address>0x821ef</run_address>
         <size>0x5</size>
         <input_file_ref idref="fl-70"/>
      </object_component>
      <object_component id="oc-2da">
         <name>.cinit:__unlock</name>
         <load_address>0x821f4</load_address>
         <run_address>0x821f4</run_address>
         <size>0x5</size>
         <input_file_ref idref="fl-70"/>
      </object_component>
      <object_component id="oc-14d">
         <name>.cinit</name>
         <load_address>0x821f9</load_address>
         <run_address>0x821f9</run_address>
         <size>0x4</size>
         <input_file_ref idref="fl-25"/>
      </object_component>
      <object_component id="oc-df">
         <name>.text:retain</name>
         <load_address>0x82200</load_address>
         <run_address>0x82200</run_address>
         <size>0x585</size>
         <input_file_ref idref="fl-10"/>
      </object_component>
      <object_component id="oc-2d1">
         <name>.text</name>
         <load_address>0x82785</load_address>
         <run_address>0x82785</run_address>
         <size>0x4b4</size>
         <input_file_ref idref="fl-21"/>
      </object_component>
      <object_component id="oc-92">
         <name>.text:retain</name>
         <load_address>0x82c39</load_address>
         <run_address>0x82c39</run_address>
         <size>0x400</size>
         <input_file_ref idref="fl-2"/>
      </object_component>
      <object_component id="oc-2be">
         <name>.text</name>
         <load_address>0x83039</load_address>
         <run_address>0x83039</run_address>
         <size>0x318</size>
         <input_file_ref idref="fl-2"/>
      </object_component>
      <object_component id="oc-2d2">
         <name>.text</name>
         <load_address>0x83351</load_address>
         <run_address>0x83351</run_address>
         <size>0x244</size>
         <input_file_ref idref="fl-16"/>
      </object_component>
      <object_component id="oc-2d8">
         <name>.text</name>
         <load_address>0x83595</load_address>
         <run_address>0x83595</run_address>
         <size>0x17b</size>
         <input_file_ref idref="fl-6"/>
      </object_component>
      <object_component id="oc-2c1">
         <name>.text</name>
         <load_address>0x83710</load_address>
         <run_address>0x83710</run_address>
         <size>0x12a</size>
         <input_file_ref idref="fl-9"/>
      </object_component>
      <object_component id="oc-2d7">
         <name>.text</name>
         <load_address>0x8383a</load_address>
         <run_address>0x8383a</run_address>
         <size>0x127</size>
         <input_file_ref idref="fl-3"/>
      </object_component>
      <object_component id="oc-2de">
         <name>.text</name>
         <load_address>0x83961</load_address>
         <run_address>0x83961</run_address>
         <size>0xfd</size>
         <input_file_ref idref="fl-13"/>
      </object_component>
      <object_component id="oc-2dd">
         <name>.text</name>
         <load_address>0x83a5e</load_address>
         <run_address>0x83a5e</run_address>
         <size>0xf0</size>
         <input_file_ref idref="fl-c"/>
      </object_component>
      <object_component id="oc-27b">
         <name>.text</name>
         <load_address>0x83b4e</load_address>
         <run_address>0x83b4e</run_address>
         <size>0x88</size>
         <input_file_ref idref="fl-69"/>
      </object_component>
      <object_component id="oc-2bf">
         <name>.text</name>
         <load_address>0x83bd6</load_address>
         <run_address>0x83bd6</run_address>
         <size>0x66</size>
         <input_file_ref idref="fl-67"/>
      </object_component>
      <object_component id="oc-2c0">
         <name>.text</name>
         <load_address>0x83c3c</load_address>
         <run_address>0x83c3c</run_address>
         <size>0x63</size>
         <input_file_ref idref="fl-66"/>
      </object_component>
      <object_component id="oc-2b4">
         <name>.text</name>
         <load_address>0x83c9f</load_address>
         <run_address>0x83c9f</run_address>
         <size>0x59</size>
         <input_file_ref idref="fl-74"/>
      </object_component>
      <object_component id="oc-2af">
         <name>.text</name>
         <load_address>0x83cf8</load_address>
         <run_address>0x83cf8</run_address>
         <size>0x57</size>
         <input_file_ref idref="fl-73"/>
      </object_component>
      <object_component id="oc-8e">
         <name>.text</name>
         <load_address>0x83d4f</load_address>
         <run_address>0x83d4f</run_address>
         <size>0x56</size>
         <input_file_ref idref="fl-68"/>
      </object_component>
      <object_component id="oc-2d5">
         <name>.text</name>
         <load_address>0x83da5</load_address>
         <run_address>0x83da5</run_address>
         <size>0x52</size>
         <input_file_ref idref="fl-8"/>
      </object_component>
      <object_component id="oc-2bd">
         <name>.text</name>
         <load_address>0x83df7</load_address>
         <run_address>0x83df7</run_address>
         <size>0x29</size>
         <input_file_ref idref="fl-6f"/>
      </object_component>
      <object_component id="oc-2d3">
         <name>.text</name>
         <load_address>0x83e20</load_address>
         <run_address>0x83e20</run_address>
         <size>0x28</size>
         <input_file_ref idref="fl-1d"/>
      </object_component>
      <object_component id="oc-2d4">
         <name>.text</name>
         <load_address>0x83e48</load_address>
         <run_address>0x83e48</run_address>
         <size>0x26</size>
         <input_file_ref idref="fl-1e"/>
      </object_component>
      <object_component id="oc-2ba">
         <name>.text</name>
         <load_address>0x83e6e</load_address>
         <run_address>0x83e6e</run_address>
         <size>0x24</size>
         <input_file_ref idref="fl-6b"/>
      </object_component>
      <object_component id="oc-2d6">
         <name>.text</name>
         <load_address>0x83e92</load_address>
         <run_address>0x83e92</run_address>
         <size>0x1d</size>
         <input_file_ref idref="fl-a"/>
      </object_component>
      <object_component id="oc-2ce">
         <name>.text</name>
         <load_address>0x83eaf</load_address>
         <run_address>0x83eaf</run_address>
         <size>0x1d</size>
         <input_file_ref idref="fl-6c"/>
      </object_component>
      <object_component id="oc-280">
         <name>.text</name>
         <load_address>0x83ecc</load_address>
         <run_address>0x83ecc</run_address>
         <size>0x18</size>
         <input_file_ref idref="fl-6a"/>
      </object_component>
      <object_component id="oc-2bc">
         <name>.text</name>
         <load_address>0x83ee4</load_address>
         <run_address>0x83ee4</run_address>
         <size>0x12</size>
         <input_file_ref idref="fl-71"/>
      </object_component>
      <object_component id="oc-2d9">
         <name>.text</name>
         <load_address>0x83ef6</load_address>
         <run_address>0x83ef6</run_address>
         <size>0x9</size>
         <input_file_ref idref="fl-70"/>
      </object_component>
      <object_component id="oc-cd">
         <name>.text</name>
         <load_address>0x83eff</load_address>
         <run_address>0x83eff</run_address>
         <size>0x8</size>
         <input_file_ref idref="fl-d"/>
      </object_component>
      <object_component id="oc-d9">
         <name>.text</name>
         <load_address>0x83f07</load_address>
         <run_address>0x83f07</run_address>
         <size>0x3</size>
         <input_file_ref idref="fl-f"/>
      </object_component>
      <object_component id="oc-2b9">
         <name>.text</name>
         <load_address>0x83f0a</load_address>
         <run_address>0x83f0a</run_address>
         <size>0x2</size>
         <input_file_ref idref="fl-6d"/>
      </object_component>
      <object_component id="oc-2bb">
         <name>.text</name>
         <load_address>0x83f0c</load_address>
         <run_address>0x83f0c</run_address>
         <size>0x1</size>
         <input_file_ref idref="fl-6e"/>
      </object_component>
      <object_component id="oc-ce">
         <name>codestart</name>
         <load_address>0x80000</load_address>
         <run_address>0x80000</run_address>
         <size>0x2</size>
         <input_file_ref idref="fl-d"/>
      </object_component>
      <object_component id="oc-2db">
         <name>.TI.ramfunc</name>
         <load_address>0x86000</load_address>
         <run_address>0x8000</run_address>
         <size>0x37</size>
         <input_file_ref idref="fl-21"/>
      </object_component>
      <object_component id="oc-15a">
         <name>.TI.ramfunc</name>
         <load_address>0x86037</load_address>
         <run_address>0x8037</run_address>
         <size>0x4</size>
         <input_file_ref idref="fl-28"/>
      </object_component>
      <object_component id="oc-1db">
         <name>.TI.ramfunc</name>
         <load_address>0x8603b</load_address>
         <run_address>0x803b</run_address>
         <size>0x4</size>
         <input_file_ref idref="fl-43"/>
      </object_component>
      <object_component id="oc-275">
         <name>.stack</name>
         <uninitialized>true</uninitialized>
         <run_address>0x400</run_address>
         <size>0x0</size>
         <input_file_ref idref="fl-68"/>
      </object_component>
      <object_component id="oc-373">
         <name>.stack</name>
         <uninitialized>true</uninitialized>
         <run_address>0x400</run_address>
         <size>0x0</size>
      </object_component>
      <object_component id="oc-2c2">
         <name>.ebss:_Vac</name>
         <uninitialized>true</uninitialized>
         <run_address>0xa800</run_address>
         <size>0x7d0</size>
         <input_file_ref idref="fl-2"/>
      </object_component>
      <object_component id="oc-2c7">
         <name>.ebss:_TRIP_SEL</name>
         <uninitialized>true</uninitialized>
         <run_address>0xafd0</run_address>
         <size>0x1e</size>
         <input_file_ref idref="fl-27"/>
      </object_component>
      <object_component id="oc-98">
         <name>.ebss</name>
         <uninitialized>true</uninitialized>
         <run_address>0xafee</run_address>
         <size>0x12</size>
         <input_file_ref idref="fl-3"/>
      </object_component>
      <object_component id="oc-91">
         <name>.ebss</name>
         <uninitialized>true</uninitialized>
         <run_address>0xc000</run_address>
         <size>0x164</size>
         <input_file_ref idref="fl-2"/>
      </object_component>
      <object_component id="oc-2cd">
         <name>.ebss:_EPWM</name>
         <uninitialized>true</uninitialized>
         <run_address>0xc164</run_address>
         <size>0x1a</size>
         <input_file_ref idref="fl-27"/>
      </object_component>
      <object_component id="oc-2cf">
         <name>.ebss:__lock</name>
         <uninitialized>true</uninitialized>
         <run_address>0xc17e</run_address>
         <size>0x2</size>
         <input_file_ref idref="fl-70"/>
      </object_component>
      <object_component id="oc-d4">
         <name>.ebss</name>
         <uninitialized>true</uninitialized>
         <run_address>0xc180</run_address>
         <size>0x18</size>
         <input_file_ref idref="fl-e"/>
      </object_component>
      <object_component id="oc-2c6">
         <name>.ebss:_ECAP</name>
         <uninitialized>true</uninitialized>
         <run_address>0xc198</run_address>
         <size>0xe</size>
         <input_file_ref idref="fl-27"/>
      </object_component>
      <object_component id="oc-2cc">
         <name>.ebss:_ADC</name>
         <uninitialized>true</uninitialized>
         <run_address>0xc1a6</run_address>
         <size>0xa</size>
         <input_file_ref idref="fl-27"/>
      </object_component>
      <object_component id="oc-a9">
         <name>.ebss</name>
         <uninitialized>true</uninitialized>
         <run_address>0xc1b0</run_address>
         <size>0xa</size>
         <input_file_ref idref="fl-6"/>
      </object_component>
      <object_component id="oc-13d">
         <name>.ebss</name>
         <uninitialized>true</uninitialized>
         <run_address>0xc1ba</run_address>
         <size>0x6</size>
         <input_file_ref idref="fl-22"/>
      </object_component>
      <object_component id="oc-2c8">
         <name>.ebss:_EQEP</name>
         <uninitialized>true</uninitialized>
         <run_address>0xc1c0</run_address>
         <size>0x8</size>
         <input_file_ref idref="fl-27"/>
      </object_component>
      <object_component id="oc-2c5">
         <name>.ebss:_SPI</name>
         <uninitialized>true</uninitialized>
         <run_address>0xc1c8</run_address>
         <size>0x8</size>
         <input_file_ref idref="fl-27"/>
      </object_component>
      <object_component id="oc-2cb">
         <name>.ebss:_SDFM</name>
         <uninitialized>true</uninitialized>
         <run_address>0xc1d0</run_address>
         <size>0x6</size>
         <input_file_ref idref="fl-27"/>
      </object_component>
      <object_component id="oc-161">
         <name>.ebss</name>
         <uninitialized>true</uninitialized>
         <run_address>0xc1d6</run_address>
         <size>0x6</size>
         <input_file_ref idref="fl-29"/>
      </object_component>
      <object_component id="oc-29b">
         <name>.ebss</name>
         <uninitialized>true</uninitialized>
         <run_address>0xc1dc</run_address>
         <size>0x6</size>
         <input_file_ref idref="fl-6f"/>
      </object_component>
      <object_component id="oc-2c9">
         <name>.ebss:_I2C</name>
         <uninitialized>true</uninitialized>
         <run_address>0xc1e2</run_address>
         <size>0x4</size>
         <input_file_ref idref="fl-27"/>
      </object_component>
      <object_component id="oc-2ca">
         <name>.ebss:_MCBSP</name>
         <uninitialized>true</uninitialized>
         <run_address>0xc1e6</run_address>
         <size>0x4</size>
         <input_file_ref idref="fl-27"/>
      </object_component>
      <object_component id="oc-2c4">
         <name>.ebss:_SCI</name>
         <uninitialized>true</uninitialized>
         <run_address>0xc1ea</run_address>
         <size>0x4</size>
         <input_file_ref idref="fl-27"/>
      </object_component>
      <object_component id="oc-2df">
         <name>.ebss:__unlock</name>
         <uninitialized>true</uninitialized>
         <run_address>0xc1ee</run_address>
         <size>0x2</size>
         <input_file_ref idref="fl-70"/>
      </object_component>
      <object_component id="oc-b4">
         <name>.ebss</name>
         <uninitialized>true</uninitialized>
         <run_address>0xc1f0</run_address>
         <size>0x2</size>
         <input_file_ref idref="fl-8"/>
      </object_component>
      <object_component id="oc-14e">
         <name>.ebss</name>
         <uninitialized>true</uninitialized>
         <run_address>0xc1f2</run_address>
         <size>0x1</size>
         <input_file_ref idref="fl-25"/>
      </object_component>
      <object_component id="oc-2dc">
         <name>.econst:_PieVectTableInit</name>
         <load_address>0x90000</load_address>
         <run_address>0x90000</run_address>
         <size>0x1c0</size>
         <input_file_ref idref="fl-1e"/>
      </object_component>
      <object_component id="oc-276">
         <name>.reset</name>
         <load_address>0x3fffc0</load_address>
         <run_address>0x3fffc0</run_address>
         <size>0x2</size>
         <input_file_ref idref="fl-68"/>
      </object_component>
      <object_component id="oc-111">
         <name>PUTBUFFER</name>
         <uninitialized>true</uninitialized>
         <run_address>0x3fc00</run_address>
         <size>0x80</size>
         <input_file_ref idref="fl-19"/>
      </object_component>
      <object_component id="oc-10d">
         <name>PUTWRITEIDX</name>
         <uninitialized>true</uninitialized>
         <run_address>0x3fc80</run_address>
         <size>0x4</size>
         <input_file_ref idref="fl-19"/>
      </object_component>
      <object_component id="oc-110">
         <name>GETREADIDX</name>
         <uninitialized>true</uninitialized>
         <run_address>0x3fc84</run_address>
         <size>0x4</size>
         <input_file_ref idref="fl-19"/>
      </object_component>
      <object_component id="oc-112">
         <name>GETBUFFER</name>
         <uninitialized>true</uninitialized>
         <run_address>0x3f800</run_address>
         <size>0x80</size>
         <input_file_ref idref="fl-19"/>
      </object_component>
      <object_component id="oc-10f">
         <name>GETWRITEIDX</name>
         <uninitialized>true</uninitialized>
         <run_address>0x3f880</run_address>
         <size>0x4</size>
         <input_file_ref idref="fl-19"/>
      </object_component>
      <object_component id="oc-10e">
         <name>PUTREADIDX</name>
         <uninitialized>true</uninitialized>
         <run_address>0x3f884</run_address>
         <size>0x4</size>
         <input_file_ref idref="fl-19"/>
      </object_component>
      <object_component id="oc-269">
         <name>PieVectTableFile</name>
         <uninitialized>true</uninitialized>
         <run_address>0xd00</run_address>
         <size>0x1c0</size>
         <input_file_ref idref="fl-48"/>
      </object_component>
      <object_component id="oc-236">
         <name>AccessProtectionRegsFile</name>
         <uninitialized>true</uninitialized>
         <run_address>0x5f4c0</run_address>
         <size>0x2e</size>
         <input_file_ref idref="fl-48"/>
      </object_component>
      <object_component id="oc-24c">
         <name>AdcaRegsFile</name>
         <uninitialized>true</uninitialized>
         <run_address>0x7400</run_address>
         <size>0x7c</size>
         <input_file_ref idref="fl-48"/>
      </object_component>
      <object_component id="oc-24e">
         <name>AdcbRegsFile</name>
         <uninitialized>true</uninitialized>
         <run_address>0x7480</run_address>
         <size>0x7c</size>
         <input_file_ref idref="fl-48"/>
      </object_component>
      <object_component id="oc-24f">
         <name>AdccRegsFile</name>
         <uninitialized>true</uninitialized>
         <run_address>0x7500</run_address>
         <size>0x7c</size>
         <input_file_ref idref="fl-48"/>
      </object_component>
      <object_component id="oc-250">
         <name>AdcdRegsFile</name>
         <uninitialized>true</uninitialized>
         <run_address>0x7580</run_address>
         <size>0x7c</size>
         <input_file_ref idref="fl-48"/>
      </object_component>
      <object_component id="oc-20e">
         <name>AdcaResultRegsFile</name>
         <uninitialized>true</uninitialized>
         <run_address>0xb00</run_address>
         <size>0x18</size>
         <input_file_ref idref="fl-48"/>
      </object_component>
      <object_component id="oc-20f">
         <name>AdcbResultRegsFile</name>
         <uninitialized>true</uninitialized>
         <run_address>0xb20</run_address>
         <size>0x18</size>
         <input_file_ref idref="fl-48"/>
      </object_component>
      <object_component id="oc-210">
         <name>AdccResultRegsFile</name>
         <uninitialized>true</uninitialized>
         <run_address>0xb40</run_address>
         <size>0x18</size>
         <input_file_ref idref="fl-48"/>
      </object_component>
      <object_component id="oc-211">
         <name>AdcdResultRegsFile</name>
         <uninitialized>true</uninitialized>
         <run_address>0xb60</run_address>
         <size>0x18</size>
         <input_file_ref idref="fl-48"/>
      </object_component>
      <object_component id="oc-23a">
         <name>AnalogSubsysRegsFile</name>
         <uninitialized>true</uninitialized>
         <run_address>0x5d180</run_address>
         <size>0x3e</size>
         <input_file_ref idref="fl-48"/>
      </object_component>
      <object_component id="oc-265">
         <name>CanaRegsFile</name>
         <uninitialized>true</uninitialized>
         <run_address>0x48000</run_address>
         <size>0x164</size>
         <input_file_ref idref="fl-48"/>
      </object_component>
      <object_component id="oc-266">
         <name>CanbRegsFile</name>
         <uninitialized>true</uninitialized>
         <run_address>0x4a000</run_address>
         <size>0x164</size>
         <input_file_ref idref="fl-48"/>
      </object_component>
      <object_component id="oc-23b">
         <name>Cla1RegsFile</name>
         <uninitialized>true</uninitialized>
         <run_address>0x1400</run_address>
         <size>0x3e</size>
         <input_file_ref idref="fl-48"/>
      </object_component>
      <object_component id="oc-260">
         <name>Clb1DataExchRegsFile</name>
         <uninitialized>true</uninitialized>
         <run_address>0x3200</run_address>
         <size>0x108</size>
         <input_file_ref idref="fl-48"/>
      </object_component>
      <object_component id="oc-261">
         <name>Clb2DataExchRegsFile</name>
         <uninitialized>true</uninitialized>
         <run_address>0x3600</run_address>
         <size>0x108</size>
         <input_file_ref idref="fl-48"/>
      </object_component>
      <object_component id="oc-262">
         <name>Clb3DataExchRegsFile</name>
         <uninitialized>true</uninitialized>
         <run_address>0x3a00</run_address>
         <size>0x108</size>
         <input_file_ref idref="fl-48"/>
      </object_component>
      <object_component id="oc-263">
         <name>Clb4DataExchRegsFile</name>
         <uninitialized>true</uninitialized>
         <run_address>0x3e00</run_address>
         <size>0x108</size>
         <input_file_ref idref="fl-48"/>
      </object_component>
      <object_component id="oc-23c">
         <name>Clb1LogicCfgRegsFile</name>
         <uninitialized>true</uninitialized>
         <run_address>0x3000</run_address>
         <size>0x3e</size>
         <input_file_ref idref="fl-48"/>
      </object_component>
      <object_component id="oc-23d">
         <name>Clb2LogicCfgRegsFile</name>
         <uninitialized>true</uninitialized>
         <run_address>0x3400</run_address>
         <size>0x3e</size>
         <input_file_ref idref="fl-48"/>
      </object_component>
      <object_component id="oc-23e">
         <name>Clb3LogicCfgRegsFile</name>
         <uninitialized>true</uninitialized>
         <run_address>0x3800</run_address>
         <size>0x3e</size>
         <input_file_ref idref="fl-48"/>
      </object_component>
      <object_component id="oc-23f">
         <name>Clb4LogicCfgRegsFile</name>
         <uninitialized>true</uninitialized>
         <run_address>0x3c00</run_address>
         <size>0x3e</size>
         <input_file_ref idref="fl-48"/>
      </object_component>
      <object_component id="oc-240">
         <name>Clb1LogicCtrlRegsFile</name>
         <uninitialized>true</uninitialized>
         <run_address>0x3100</run_address>
         <size>0x40</size>
         <input_file_ref idref="fl-48"/>
      </object_component>
      <object_component id="oc-241">
         <name>Clb2LogicCtrlRegsFile</name>
         <uninitialized>true</uninitialized>
         <run_address>0x3500</run_address>
         <size>0x40</size>
         <input_file_ref idref="fl-48"/>
      </object_component>
      <object_component id="oc-242">
         <name>Clb3LogicCtrlRegsFile</name>
         <uninitialized>true</uninitialized>
         <run_address>0x3900</run_address>
         <size>0x40</size>
         <input_file_ref idref="fl-48"/>
      </object_component>
      <object_component id="oc-243">
         <name>Clb4LogicCtrlRegsFile</name>
         <uninitialized>true</uninitialized>
         <run_address>0x3d00</run_address>
         <size>0x40</size>
         <input_file_ref idref="fl-48"/>
      </object_component>
      <object_component id="oc-244">
         <name>ClbXbarRegsFile</name>
         <uninitialized>true</uninitialized>
         <run_address>0x7a40</run_address>
         <size>0x40</size>
         <input_file_ref idref="fl-48"/>
      </object_component>
      <object_component id="oc-238">
         <name>ClkCfgRegsFile</name>
         <uninitialized>true</uninitialized>
         <run_address>0x5d200</run_address>
         <size>0x32</size>
         <input_file_ref idref="fl-48"/>
      </object_component>
      <object_component id="oc-21b">
         <name>Cmpss1RegsFile</name>
         <uninitialized>true</uninitialized>
         <run_address>0x5c80</run_address>
         <size>0x1b</size>
         <input_file_ref idref="fl-48"/>
      </object_component>
      <object_component id="oc-21c">
         <name>Cmpss2RegsFile</name>
         <uninitialized>true</uninitialized>
         <run_address>0x5ca0</run_address>
         <size>0x1b</size>
         <input_file_ref idref="fl-48"/>
      </object_component>
      <object_component id="oc-21d">
         <name>Cmpss3RegsFile</name>
         <uninitialized>true</uninitialized>
         <run_address>0x5cc0</run_address>
         <size>0x1b</size>
         <input_file_ref idref="fl-48"/>
      </object_component>
      <object_component id="oc-21e">
         <name>Cmpss4RegsFile</name>
         <uninitialized>true</uninitialized>
         <run_address>0x5ce0</run_address>
         <size>0x1b</size>
         <input_file_ref idref="fl-48"/>
      </object_component>
      <object_component id="oc-21f">
         <name>Cmpss5RegsFile</name>
         <uninitialized>true</uninitialized>
         <run_address>0x5d00</run_address>
         <size>0x1b</size>
         <input_file_ref idref="fl-48"/>
      </object_component>
      <object_component id="oc-220">
         <name>Cmpss6RegsFile</name>
         <uninitialized>true</uninitialized>
         <run_address>0x5d20</run_address>
         <size>0x1b</size>
         <input_file_ref idref="fl-48"/>
      </object_component>
      <object_component id="oc-221">
         <name>Cmpss7RegsFile</name>
         <uninitialized>true</uninitialized>
         <run_address>0x5d40</run_address>
         <size>0x1b</size>
         <input_file_ref idref="fl-48"/>
      </object_component>
      <object_component id="oc-222">
         <name>Cmpss8RegsFile</name>
         <uninitialized>true</uninitialized>
         <run_address>0x5d60</run_address>
         <size>0x1b</size>
         <input_file_ref idref="fl-48"/>
      </object_component>
      <object_component id="oc-1fe">
         <name>CpuTimer0RegsFile</name>
         <uninitialized>true</uninitialized>
         <run_address>0xc00</run_address>
         <size>0x8</size>
         <input_file_ref idref="fl-48"/>
      </object_component>
      <object_component id="oc-1ff">
         <name>CpuTimer1RegsFile</name>
         <uninitialized>true</uninitialized>
         <run_address>0xc08</run_address>
         <size>0x8</size>
         <input_file_ref idref="fl-48"/>
      </object_component>
      <object_component id="oc-200">
         <name>CpuTimer2RegsFile</name>
         <uninitialized>true</uninitialized>
         <run_address>0xc10</run_address>
         <size>0x8</size>
         <input_file_ref idref="fl-48"/>
      </object_component>
      <object_component id="oc-251">
         <name>CpuSysRegsFile</name>
         <uninitialized>true</uninitialized>
         <run_address>0x5d300</run_address>
         <size>0x82</size>
         <input_file_ref idref="fl-48"/>
      </object_component>
      <object_component id="oc-1fa">
         <name>DacaRegsFile</name>
         <uninitialized>true</uninitialized>
         <run_address>0x5c00</run_address>
         <size>0x7</size>
         <input_file_ref idref="fl-48"/>
      </object_component>
      <object_component id="oc-1fb">
         <name>DacbRegsFile</name>
         <uninitialized>true</uninitialized>
         <run_address>0x5c10</run_address>
         <size>0x7</size>
         <input_file_ref idref="fl-48"/>
      </object_component>
      <object_component id="oc-1fc">
         <name>DaccRegsFile</name>
         <uninitialized>true</uninitialized>
         <run_address>0x5c20</run_address>
         <size>0x7</size>
         <input_file_ref idref="fl-48"/>
      </object_component>
      <object_component id="oc-1f8">
         <name>DcsmCommonRegsFile</name>
         <uninitialized>true</uninitialized>
         <run_address>0x5f070</run_address>
         <size>0x6</size>
         <input_file_ref idref="fl-48"/>
      </object_component>
      <object_component id="oc-225">
         <name>DcsmZ1RegsFile</name>
         <uninitialized>true</uninitialized>
         <run_address>0x5f000</run_address>
         <size>0x22</size>
         <input_file_ref idref="fl-48"/>
      </object_component>
      <object_component id="oc-226">
         <name>DcsmZ2RegsFile</name>
         <uninitialized>true</uninitialized>
         <run_address>0x5f040</run_address>
         <size>0x22</size>
         <input_file_ref idref="fl-48"/>
      </object_component>
      <object_component id="oc-264">
         <name>DevCfgRegsFile</name>
         <uninitialized>true</uninitialized>
         <run_address>0x5d000</run_address>
         <size>0x12e</size>
         <input_file_ref idref="fl-48"/>
      </object_component>
      <object_component id="oc-212">
         <name>DmaClaSrcSelRegsFile</name>
         <uninitialized>true</uninitialized>
         <run_address>0x7980</run_address>
         <size>0x1a</size>
         <input_file_ref idref="fl-48"/>
      </object_component>
      <object_component id="oc-252">
         <name>DmaRegsFile</name>
         <uninitialized>true</uninitialized>
         <run_address>0x1000</run_address>
         <size>0xe0</size>
         <input_file_ref idref="fl-48"/>
      </object_component>
      <object_component id="oc-213">
         <name>ECap1RegsFile</name>
         <uninitialized>true</uninitialized>
         <run_address>0x5000</run_address>
         <size>0x1a</size>
         <input_file_ref idref="fl-48"/>
      </object_component>
      <object_component id="oc-215">
         <name>ECap2RegsFile</name>
         <uninitialized>true</uninitialized>
         <run_address>0x5020</run_address>
         <size>0x1a</size>
         <input_file_ref idref="fl-48"/>
      </object_component>
      <object_component id="oc-216">
         <name>ECap3RegsFile</name>
         <uninitialized>true</uninitialized>
         <run_address>0x5040</run_address>
         <size>0x1a</size>
         <input_file_ref idref="fl-48"/>
      </object_component>
      <object_component id="oc-217">
         <name>ECap4RegsFile</name>
         <uninitialized>true</uninitialized>
         <run_address>0x5060</run_address>
         <size>0x1a</size>
         <input_file_ref idref="fl-48"/>
      </object_component>
      <object_component id="oc-218">
         <name>ECap5RegsFile</name>
         <uninitialized>true</uninitialized>
         <run_address>0x5080</run_address>
         <size>0x1a</size>
         <input_file_ref idref="fl-48"/>
      </object_component>
      <object_component id="oc-219">
         <name>ECap6RegsFile</name>
         <uninitialized>true</uninitialized>
         <run_address>0x50a0</run_address>
         <size>0x1a</size>
         <input_file_ref idref="fl-48"/>
      </object_component>
      <object_component id="oc-201">
         <name>Emif1ConfigRegsFile</name>
         <uninitialized>true</uninitialized>
         <run_address>0x5f480</run_address>
         <size>0xa</size>
         <input_file_ref idref="fl-48"/>
      </object_component>
      <object_component id="oc-202">
         <name>Emif2ConfigRegsFile</name>
         <uninitialized>true</uninitialized>
         <run_address>0x5f4a0</run_address>
         <size>0xa</size>
         <input_file_ref idref="fl-48"/>
      </object_component>
      <object_component id="oc-232">
         <name>Emif1RegsFile</name>
         <uninitialized>true</uninitialized>
         <run_address>0x47000</run_address>
         <size>0x28</size>
         <input_file_ref idref="fl-48"/>
      </object_component>
      <object_component id="oc-233">
         <name>Emif2RegsFile</name>
         <uninitialized>true</uninitialized>
         <run_address>0x47800</run_address>
         <size>0x28</size>
         <input_file_ref idref="fl-48"/>
      </object_component>
      <object_component id="oc-253">
         <name>EPwm1RegsFile</name>
         <uninitialized>true</uninitialized>
         <run_address>0x4000</run_address>
         <size>0x100</size>
         <input_file_ref idref="fl-48"/>
      </object_component>
      <object_component id="oc-255">
         <name>EPwm2RegsFile</name>
         <uninitialized>true</uninitialized>
         <run_address>0x4100</run_address>
         <size>0x100</size>
         <input_file_ref idref="fl-48"/>
      </object_component>
      <object_component id="oc-256">
         <name>EPwm3RegsFile</name>
         <uninitialized>true</uninitialized>
         <run_address>0x4200</run_address>
         <size>0x100</size>
         <input_file_ref idref="fl-48"/>
      </object_component>
      <object_component id="oc-257">
         <name>EPwm4RegsFile</name>
         <uninitialized>true</uninitialized>
         <run_address>0x4300</run_address>
         <size>0x100</size>
         <input_file_ref idref="fl-48"/>
      </object_component>
      <object_component id="oc-258">
         <name>EPwm5RegsFile</name>
         <uninitialized>true</uninitialized>
         <run_address>0x4400</run_address>
         <size>0x100</size>
         <input_file_ref idref="fl-48"/>
      </object_component>
      <object_component id="oc-259">
         <name>EPwm6RegsFile</name>
         <uninitialized>true</uninitialized>
         <run_address>0x4500</run_address>
         <size>0x100</size>
         <input_file_ref idref="fl-48"/>
      </object_component>
      <object_component id="oc-25a">
         <name>EPwm7RegsFile</name>
         <uninitialized>true</uninitialized>
         <run_address>0x4600</run_address>
         <size>0x100</size>
         <input_file_ref idref="fl-48"/>
      </object_component>
      <object_component id="oc-25b">
         <name>EPwm8RegsFile</name>
         <uninitialized>true</uninitialized>
         <run_address>0x4700</run_address>
         <size>0x100</size>
         <input_file_ref idref="fl-48"/>
      </object_component>
      <object_component id="oc-25c">
         <name>EPwm9RegsFile</name>
         <uninitialized>true</uninitialized>
         <run_address>0x4800</run_address>
         <size>0x100</size>
         <input_file_ref idref="fl-48"/>
      </object_component>
      <object_component id="oc-25d">
         <name>EPwm10RegsFile</name>
         <uninitialized>true</uninitialized>
         <run_address>0x4900</run_address>
         <size>0x100</size>
         <input_file_ref idref="fl-48"/>
      </object_component>
      <object_component id="oc-25e">
         <name>EPwm11RegsFile</name>
         <uninitialized>true</uninitialized>
         <run_address>0x4a00</run_address>
         <size>0x100</size>
         <input_file_ref idref="fl-48"/>
      </object_component>
      <object_component id="oc-25f">
         <name>EPwm12RegsFile</name>
         <uninitialized>true</uninitialized>
         <run_address>0x4b00</run_address>
         <size>0x100</size>
         <input_file_ref idref="fl-48"/>
      </object_component>
      <object_component id="oc-245">
         <name>EPwmXbarRegsFile</name>
         <uninitialized>true</uninitialized>
         <run_address>0x7a00</run_address>
         <size>0x40</size>
         <input_file_ref idref="fl-48"/>
      </object_component>
      <object_component id="oc-227">
         <name>EQep1RegsFile</name>
         <uninitialized>true</uninitialized>
         <run_address>0x5100</run_address>
         <size>0x22</size>
         <input_file_ref idref="fl-48"/>
      </object_component>
      <object_component id="oc-229">
         <name>EQep2RegsFile</name>
         <uninitialized>true</uninitialized>
         <run_address>0x5140</run_address>
         <size>0x22</size>
         <input_file_ref idref="fl-48"/>
      </object_component>
      <object_component id="oc-22a">
         <name>EQep3RegsFile</name>
         <uninitialized>true</uninitialized>
         <run_address>0x5180</run_address>
         <size>0x22</size>
         <input_file_ref idref="fl-48"/>
      </object_component>
      <object_component id="oc-268">
         <name>Flash0CtrlRegsFile</name>
         <uninitialized>true</uninitialized>
         <run_address>0x5f800</run_address>
         <size>0x182</size>
         <input_file_ref idref="fl-48"/>
      </object_component>
      <object_component id="oc-234">
         <name>Flash0EccRegsFile</name>
         <uninitialized>true</uninitialized>
         <run_address>0x5fb00</run_address>
         <size>0x28</size>
         <input_file_ref idref="fl-48"/>
      </object_component>
      <object_component id="oc-1f5">
         <name>FlashPumpSemaphoreRegsFile</name>
         <uninitialized>true</uninitialized>
         <run_address>0x50024</run_address>
         <size>0x2</size>
         <input_file_ref idref="fl-48"/>
      </object_component>
      <object_component id="oc-267">
         <name>GpioCtrlRegsFile</name>
         <uninitialized>true</uninitialized>
         <run_address>0x7c00</run_address>
         <size>0x180</size>
         <input_file_ref idref="fl-48"/>
      </object_component>
      <object_component id="oc-237">
         <name>GpioDataRegsFile</name>
         <uninitialized>true</uninitialized>
         <run_address>0x7f00</run_address>
         <size>0x30</size>
         <input_file_ref idref="fl-48"/>
      </object_component>
      <object_component id="oc-22b">
         <name>I2caRegsFile</name>
         <uninitialized>true</uninitialized>
         <run_address>0x7300</run_address>
         <size>0x22</size>
         <input_file_ref idref="fl-48"/>
      </object_component>
      <object_component id="oc-22d">
         <name>I2cbRegsFile</name>
         <uninitialized>true</uninitialized>
         <run_address>0x7340</run_address>
         <size>0x22</size>
         <input_file_ref idref="fl-48"/>
      </object_component>
      <object_component id="oc-223">
         <name>InputXbarRegsFile</name>
         <uninitialized>true</uninitialized>
         <run_address>0x7900</run_address>
         <size>0x20</size>
         <input_file_ref idref="fl-48"/>
      </object_component>
      <object_component id="oc-22e">
         <name>IpcRegsFile</name>
         <uninitialized>true</uninitialized>
         <run_address>0x50000</run_address>
         <size>0x24</size>
         <input_file_ref idref="fl-48"/>
      </object_component>
      <object_component id="oc-239">
         <name>MemoryErrorRegsFile</name>
         <uninitialized>true</uninitialized>
         <run_address>0x5f500</run_address>
         <size>0x3a</size>
         <input_file_ref idref="fl-48"/>
      </object_component>
      <object_component id="oc-24b">
         <name>MemCfgRegsFile</name>
         <uninitialized>true</uninitialized>
         <run_address>0x5f400</run_address>
         <size>0x76</size>
         <input_file_ref idref="fl-48"/>
      </object_component>
      <object_component id="oc-22f">
         <name>McbspaRegsFile</name>
         <uninitialized>true</uninitialized>
         <run_address>0x6000</run_address>
         <size>0x24</size>
         <input_file_ref idref="fl-48"/>
      </object_component>
      <object_component id="oc-231">
         <name>McbspbRegsFile</name>
         <uninitialized>true</uninitialized>
         <run_address>0x6040</run_address>
         <size>0x24</size>
         <input_file_ref idref="fl-48"/>
      </object_component>
      <object_component id="oc-1fd">
         <name>NmiIntruptRegsFile</name>
         <uninitialized>true</uninitialized>
         <run_address>0x7060</run_address>
         <size>0x7</size>
         <input_file_ref idref="fl-48"/>
      </object_component>
      <object_component id="oc-246">
         <name>OutputXbarRegsFile</name>
         <uninitialized>true</uninitialized>
         <run_address>0x7a80</run_address>
         <size>0x40</size>
         <input_file_ref idref="fl-48"/>
      </object_component>
      <object_component id="oc-21a">
         <name>PieCtrlRegsFile</name>
         <uninitialized>true</uninitialized>
         <run_address>0xce0</run_address>
         <size>0x1a</size>
         <input_file_ref idref="fl-48"/>
      </object_component>
      <object_component id="oc-1f6">
         <name>RomPrefetchRegsFile</name>
         <uninitialized>true</uninitialized>
         <run_address>0x5e608</run_address>
         <size>0x2</size>
         <input_file_ref idref="fl-48"/>
      </object_component>
      <object_component id="oc-1f7">
         <name>RomWaitStateRegsFile</name>
         <uninitialized>true</uninitialized>
         <run_address>0x5f540</run_address>
         <size>0x2</size>
         <input_file_ref idref="fl-48"/>
      </object_component>
      <object_component id="oc-205">
         <name>SciaRegsFile</name>
         <uninitialized>true</uninitialized>
         <run_address>0x7200</run_address>
         <size>0x10</size>
         <input_file_ref idref="fl-48"/>
      </object_component>
      <object_component id="oc-207">
         <name>ScibRegsFile</name>
         <uninitialized>true</uninitialized>
         <run_address>0x7210</run_address>
         <size>0x10</size>
         <input_file_ref idref="fl-48"/>
      </object_component>
      <object_component id="oc-208">
         <name>ScicRegsFile</name>
         <uninitialized>true</uninitialized>
         <run_address>0x7220</run_address>
         <size>0x10</size>
         <input_file_ref idref="fl-48"/>
      </object_component>
      <object_component id="oc-209">
         <name>ScidRegsFile</name>
         <uninitialized>true</uninitialized>
         <run_address>0x7230</run_address>
         <size>0x10</size>
         <input_file_ref idref="fl-48"/>
      </object_component>
      <object_component id="oc-247">
         <name>Sdfm1RegsFile</name>
         <uninitialized>true</uninitialized>
         <run_address>0x5e00</run_address>
         <size>0x48</size>
         <input_file_ref idref="fl-48"/>
      </object_component>
      <object_component id="oc-249">
         <name>Sdfm2RegsFile</name>
         <uninitialized>true</uninitialized>
         <run_address>0x5e80</run_address>
         <size>0x48</size>
         <input_file_ref idref="fl-48"/>
      </object_component>
      <object_component id="oc-20a">
         <name>SpiaRegsFile</name>
         <uninitialized>true</uninitialized>
         <run_address>0x6100</run_address>
         <size>0x10</size>
         <input_file_ref idref="fl-48"/>
      </object_component>
      <object_component id="oc-20c">
         <name>SpibRegsFile</name>
         <uninitialized>true</uninitialized>
         <run_address>0x6110</run_address>
         <size>0x10</size>
         <input_file_ref idref="fl-48"/>
      </object_component>
      <object_component id="oc-20d">
         <name>SpicRegsFile</name>
         <uninitialized>true</uninitialized>
         <run_address>0x6120</run_address>
         <size>0x10</size>
         <input_file_ref idref="fl-48"/>
      </object_component>
      <object_component id="oc-1f9">
         <name>SyncSocRegsFile</name>
         <uninitialized>true</uninitialized>
         <run_address>0x7940</run_address>
         <size>0x6</size>
         <input_file_ref idref="fl-48"/>
      </object_component>
      <object_component id="oc-24a">
         <name>UppRegsFile</name>
         <uninitialized>true</uninitialized>
         <run_address>0x6200</run_address>
         <size>0x48</size>
         <input_file_ref idref="fl-48"/>
      </object_component>
      <object_component id="oc-235">
         <name>WdRegsFile</name>
         <uninitialized>true</uninitialized>
         <run_address>0x7000</run_address>
         <size>0x2b</size>
         <input_file_ref idref="fl-48"/>
      </object_component>
      <object_component id="oc-204">
         <name>XbarRegsFile</name>
         <uninitialized>true</uninitialized>
         <run_address>0x7920</run_address>
         <size>0xe</size>
         <input_file_ref idref="fl-48"/>
      </object_component>
      <object_component id="oc-203">
         <name>XintRegsFile</name>
         <uninitialized>true</uninitialized>
         <run_address>0x7070</run_address>
         <size>0xb</size>
         <input_file_ref idref="fl-48"/>
      </object_component>
      <object_component id="oc-8f">
         <name>.debug_info</name>
         <load_address>0x0</load_address>
         <run_address>0x0</run_address>
         <size>0x20a1f</size>
         <input_file_ref idref="fl-2"/>
      </object_component>
      <object_component id="oc-97">
         <name>.debug_info</name>
         <load_address>0x20a1f</load_address>
         <run_address>0x20a1f</run_address>
         <size>0x9d7d</size>
         <input_file_ref idref="fl-3"/>
      </object_component>
      <object_component id="oc-9d">
         <name>.debug_info</name>
         <load_address>0x2a79c</load_address>
         <run_address>0x2a79c</run_address>
         <size>0x2a61</size>
         <input_file_ref idref="fl-4"/>
      </object_component>
      <object_component id="oc-a2">
         <name>.debug_info</name>
         <load_address>0x2d1fd</load_address>
         <run_address>0x2d1fd</run_address>
         <size>0x4a1</size>
         <input_file_ref idref="fl-5"/>
      </object_component>
      <object_component id="oc-a7">
         <name>.debug_info</name>
         <load_address>0x2d69e</load_address>
         <run_address>0x2d69e</run_address>
         <size>0x7dac</size>
         <input_file_ref idref="fl-6"/>
      </object_component>
      <object_component id="oc-ae">
         <name>.debug_info</name>
         <load_address>0x3544a</load_address>
         <run_address>0x3544a</run_address>
         <size>0x5c34</size>
         <input_file_ref idref="fl-7"/>
      </object_component>
      <object_component id="oc-b3">
         <name>.debug_info</name>
         <load_address>0x3b07e</load_address>
         <run_address>0x3b07e</run_address>
         <size>0x627</size>
         <input_file_ref idref="fl-8"/>
      </object_component>
      <object_component id="oc-b9">
         <name>.debug_info</name>
         <load_address>0x3b6a5</load_address>
         <run_address>0x3b6a5</run_address>
         <size>0x5cc</size>
         <input_file_ref idref="fl-9"/>
      </object_component>
      <object_component id="oc-be">
         <name>.debug_info</name>
         <load_address>0x3bc71</load_address>
         <run_address>0x3bc71</run_address>
         <size>0x4ed</size>
         <input_file_ref idref="fl-a"/>
      </object_component>
      <object_component id="oc-c3">
         <name>.debug_info</name>
         <load_address>0x3c15e</load_address>
         <run_address>0x3c15e</run_address>
         <size>0x67b</size>
         <input_file_ref idref="fl-b"/>
      </object_component>
      <object_component id="oc-c8">
         <name>.debug_info</name>
         <load_address>0x3c7d9</load_address>
         <run_address>0x3c7d9</run_address>
         <size>0x48cb</size>
         <input_file_ref idref="fl-c"/>
      </object_component>
      <object_component id="oc-d0">
         <name>.debug_info</name>
         <load_address>0x410a4</load_address>
         <run_address>0x410a4</run_address>
         <size>0x14b</size>
         <input_file_ref idref="fl-d"/>
      </object_component>
      <object_component id="oc-d3">
         <name>.debug_info</name>
         <load_address>0x411ef</load_address>
         <run_address>0x411ef</run_address>
         <size>0x828</size>
         <input_file_ref idref="fl-e"/>
      </object_component>
      <object_component id="oc-db">
         <name>.debug_info</name>
         <load_address>0x41a17</load_address>
         <run_address>0x41a17</run_address>
         <size>0x104</size>
         <input_file_ref idref="fl-f"/>
      </object_component>
      <object_component id="oc-de">
         <name>.debug_info</name>
         <load_address>0x41b1b</load_address>
         <run_address>0x41b1b</run_address>
         <size>0x444d</size>
         <input_file_ref idref="fl-10"/>
      </object_component>
      <object_component id="oc-e4">
         <name>.debug_info</name>
         <load_address>0x45f68</load_address>
         <run_address>0x45f68</run_address>
         <size>0x4721</size>
         <input_file_ref idref="fl-11"/>
      </object_component>
      <object_component id="oc-e9">
         <name>.debug_info</name>
         <load_address>0x4a689</load_address>
         <run_address>0x4a689</run_address>
         <size>0x13e49</size>
         <input_file_ref idref="fl-12"/>
      </object_component>
      <object_component id="oc-ee">
         <name>.debug_info</name>
         <load_address>0x5e4d2</load_address>
         <run_address>0x5e4d2</run_address>
         <size>0xfaf2</size>
         <input_file_ref idref="fl-13"/>
      </object_component>
      <object_component id="oc-f3">
         <name>.debug_info</name>
         <load_address>0x6dfc4</load_address>
         <run_address>0x6dfc4</run_address>
         <size>0xf3d7</size>
         <input_file_ref idref="fl-14"/>
      </object_component>
      <object_component id="oc-f8">
         <name>.debug_info</name>
         <load_address>0x7d39b</load_address>
         <run_address>0x7d39b</run_address>
         <size>0x553b</size>
         <input_file_ref idref="fl-15"/>
      </object_component>
      <object_component id="oc-fd">
         <name>.debug_info</name>
         <load_address>0x828d6</load_address>
         <run_address>0x828d6</run_address>
         <size>0x1a0f0</size>
         <input_file_ref idref="fl-16"/>
      </object_component>
      <object_component id="oc-102">
         <name>.debug_info</name>
         <load_address>0x9c9c6</load_address>
         <run_address>0x9c9c6</run_address>
         <size>0xf3d6</size>
         <input_file_ref idref="fl-17"/>
      </object_component>
      <object_component id="oc-107">
         <name>.debug_info</name>
         <load_address>0xabd9c</load_address>
         <run_address>0xabd9c</run_address>
         <size>0x1633</size>
         <input_file_ref idref="fl-18"/>
      </object_component>
      <object_component id="oc-10c">
         <name>.debug_info</name>
         <load_address>0xad3cf</load_address>
         <run_address>0xad3cf</run_address>
         <size>0x19b4</size>
         <input_file_ref idref="fl-19"/>
      </object_component>
      <object_component id="oc-117">
         <name>.debug_info</name>
         <load_address>0xaed83</load_address>
         <run_address>0xaed83</run_address>
         <size>0x48d2</size>
         <input_file_ref idref="fl-1a"/>
      </object_component>
      <object_component id="oc-11c">
         <name>.debug_info</name>
         <load_address>0xb3655</load_address>
         <run_address>0xb3655</run_address>
         <size>0x17d57</size>
         <input_file_ref idref="fl-1b"/>
      </object_component>
      <object_component id="oc-121">
         <name>.debug_info</name>
         <load_address>0xcb3ac</load_address>
         <run_address>0xcb3ac</run_address>
         <size>0x10370</size>
         <input_file_ref idref="fl-1c"/>
      </object_component>
      <object_component id="oc-126">
         <name>.debug_info</name>
         <load_address>0xdb71c</load_address>
         <run_address>0xdb71c</run_address>
         <size>0x358a</size>
         <input_file_ref idref="fl-1d"/>
      </object_component>
      <object_component id="oc-12b">
         <name>.debug_info</name>
         <load_address>0xdeca6</load_address>
         <run_address>0xdeca6</run_address>
         <size>0x6734</size>
         <input_file_ref idref="fl-1e"/>
      </object_component>
      <object_component id="oc-130">
         <name>.debug_info</name>
         <load_address>0xe53da</load_address>
         <run_address>0xe53da</run_address>
         <size>0x18e</size>
         <input_file_ref idref="fl-1f"/>
      </object_component>
      <object_component id="oc-132">
         <name>.debug_info</name>
         <load_address>0xe5568</load_address>
         <run_address>0xe5568</run_address>
         <size>0xfcbe</size>
         <input_file_ref idref="fl-20"/>
      </object_component>
      <object_component id="oc-137">
         <name>.debug_info</name>
         <load_address>0xf5226</load_address>
         <run_address>0xf5226</run_address>
         <size>0xcf5a</size>
         <input_file_ref idref="fl-21"/>
      </object_component>
      <object_component id="oc-13c">
         <name>.debug_info</name>
         <load_address>0x102180</load_address>
         <run_address>0x102180</run_address>
         <size>0x4ee4</size>
         <input_file_ref idref="fl-22"/>
      </object_component>
      <object_component id="oc-142">
         <name>.debug_info</name>
         <load_address>0x107064</load_address>
         <run_address>0x107064</run_address>
         <size>0x10979</size>
         <input_file_ref idref="fl-23"/>
      </object_component>
      <object_component id="oc-147">
         <name>.debug_info</name>
         <load_address>0x1179dd</load_address>
         <run_address>0x1179dd</run_address>
         <size>0x29ef</size>
         <input_file_ref idref="fl-24"/>
      </object_component>
      <object_component id="oc-14c">
         <name>.debug_info</name>
         <load_address>0x11a3cc</load_address>
         <run_address>0x11a3cc</run_address>
         <size>0x3414</size>
         <input_file_ref idref="fl-25"/>
      </object_component>
      <object_component id="oc-153">
         <name>.debug_info</name>
         <load_address>0x11d7e0</load_address>
         <run_address>0x11d7e0</run_address>
         <size>0x1fa4</size>
         <input_file_ref idref="fl-26"/>
      </object_component>
      <object_component id="oc-158">
         <name>.debug_info</name>
         <load_address>0x11f784</load_address>
         <run_address>0x11f784</run_address>
         <size>0x102f8</size>
         <input_file_ref idref="fl-27"/>
      </object_component>
      <object_component id="oc-15c">
         <name>.debug_info</name>
         <load_address>0x12fa7c</load_address>
         <run_address>0x12fa7c</run_address>
         <size>0x107</size>
         <input_file_ref idref="fl-28"/>
      </object_component>
      <object_component id="oc-15f">
         <name>.debug_info</name>
         <load_address>0x12fb83</load_address>
         <run_address>0x12fb83</run_address>
         <size>0x1120</size>
         <input_file_ref idref="fl-29"/>
      </object_component>
      <object_component id="oc-166">
         <name>.debug_info</name>
         <load_address>0x130ca3</load_address>
         <run_address>0x130ca3</run_address>
         <size>0x489</size>
         <input_file_ref idref="fl-2a"/>
      </object_component>
      <object_component id="oc-16b">
         <name>.debug_info</name>
         <load_address>0x13112c</load_address>
         <run_address>0x13112c</run_address>
         <size>0x186</size>
         <input_file_ref idref="fl-2b"/>
      </object_component>
      <object_component id="oc-16d">
         <name>.debug_info</name>
         <load_address>0x1312b2</load_address>
         <run_address>0x1312b2</run_address>
         <size>0x4c9</size>
         <input_file_ref idref="fl-2c"/>
      </object_component>
      <object_component id="oc-172">
         <name>.debug_info</name>
         <load_address>0x13177b</load_address>
         <run_address>0x13177b</run_address>
         <size>0x9a4</size>
         <input_file_ref idref="fl-2d"/>
      </object_component>
      <object_component id="oc-177">
         <name>.debug_info</name>
         <load_address>0x13211f</load_address>
         <run_address>0x13211f</run_address>
         <size>0x3c3</size>
         <input_file_ref idref="fl-2e"/>
      </object_component>
      <object_component id="oc-17c">
         <name>.debug_info</name>
         <load_address>0x1324e2</load_address>
         <run_address>0x1324e2</run_address>
         <size>0x385</size>
         <input_file_ref idref="fl-2f"/>
      </object_component>
      <object_component id="oc-181">
         <name>.debug_info</name>
         <load_address>0x132867</load_address>
         <run_address>0x132867</run_address>
         <size>0x412</size>
         <input_file_ref idref="fl-30"/>
      </object_component>
      <object_component id="oc-186">
         <name>.debug_info</name>
         <load_address>0x132c79</load_address>
         <run_address>0x132c79</run_address>
         <size>0x3a0</size>
         <input_file_ref idref="fl-31"/>
      </object_component>
      <object_component id="oc-18b">
         <name>.debug_info</name>
         <load_address>0x133019</load_address>
         <run_address>0x133019</run_address>
         <size>0x6ef</size>
         <input_file_ref idref="fl-32"/>
      </object_component>
      <object_component id="oc-190">
         <name>.debug_info</name>
         <load_address>0x133708</load_address>
         <run_address>0x133708</run_address>
         <size>0xa4c</size>
         <input_file_ref idref="fl-33"/>
      </object_component>
      <object_component id="oc-195">
         <name>.debug_info</name>
         <load_address>0x134154</load_address>
         <run_address>0x134154</run_address>
         <size>0x3e0</size>
         <input_file_ref idref="fl-34"/>
      </object_component>
      <object_component id="oc-19a">
         <name>.debug_info</name>
         <load_address>0x134534</load_address>
         <run_address>0x134534</run_address>
         <size>0x183</size>
         <input_file_ref idref="fl-35"/>
      </object_component>
      <object_component id="oc-19c">
         <name>.debug_info</name>
         <load_address>0x1346b7</load_address>
         <run_address>0x1346b7</run_address>
         <size>0xc2d</size>
         <input_file_ref idref="fl-36"/>
      </object_component>
      <object_component id="oc-1a1">
         <name>.debug_info</name>
         <load_address>0x1352e4</load_address>
         <run_address>0x1352e4</run_address>
         <size>0x384</size>
         <input_file_ref idref="fl-37"/>
[...]
         <name>_ScidRegs</name>
         <value>0x7230</value>
         <object_component_ref idref="oc-209"/>
      </symbol>
      <symbol id="sm-835">
         <name>_ECap4Regs</name>
         <value>0x5060</value>
         <object_component_ref idref="oc-217"/>
      </symbol>
      <symbol id="sm-836">
         <name>_Flash0EccRegs</name>
         <value>0x5fb00</value>
         <object_component_ref idref="oc-234"/>
      </symbol>
      <symbol id="sm-837">
         <name>_IpcRegs</name>
         <value>0x50000</value>
         <object_component_ref idref="oc-22e"/>
      </symbol>
      <symbol id="sm-838">
         <name>_Clb2LogicCfgRegs</name>
         <value>0x3400</value>
         <object_component_ref idref="oc-23d"/>
      </symbol>
      <symbol id="sm-839">
         <name>_Clb2LogicCtrlRegs</name>
         <value>0x3500</value>
         <object_component_ref idref="oc-241"/>
      </symbol>
      <symbol id="sm-83a">
         <name>_InputXbarRegs</name>
         <value>0x7900</value>
         <object_component_ref idref="oc-223"/>
      </symbol>
      <symbol id="sm-83b">
         <name>_EPwmXbarRegs</name>
         <value>0x7a00</value>
         <object_component_ref idref="oc-245"/>
      </symbol>
      <symbol id="sm-83c">
         <name>_Cmpss7Regs</name>
         <value>0x5d40</value>
         <object_component_ref idref="oc-221"/>
      </symbol>
      <symbol id="sm-83d">
         <name>_DcsmZ2Regs</name>
         <value>0x5f040</value>
         <object_component_ref idref="oc-226"/>
      </symbol>
      <symbol id="sm-83e">
         <name>_EPwm4Regs</name>
         <value>0x4300</value>
         <object_component_ref idref="oc-257"/>
      </symbol>
      <symbol id="sm-83f">
         <name>_FlashPumpSemaphoreRegs</name>
         <value>0x50024</value>
         <object_component_ref idref="oc-1f5"/>
      </symbol>
      <symbol id="sm-840">
         <name>_ECap5Regs</name>
         <value>0x5080</value>
         <object_component_ref idref="oc-218"/>
      </symbol>
      <symbol id="sm-841">
         <name>_I2cbRegs</name>
         <value>0x7340</value>
         <object_component_ref idref="oc-22d"/>
      </symbol>
      <symbol id="sm-842">
         <name>_CpuTimer1Regs</name>
         <value>0xc08</value>
         <object_component_ref idref="oc-1ff"/>
      </symbol>
      <symbol id="sm-843">
         <name>_RomPrefetchRegs</name>
         <value>0x5e608</value>
         <object_component_ref idref="oc-1f6"/>
      </symbol>
      <symbol id="sm-844">
         <name>_Clb4LogicCtrlRegs</name>
         <value>0x3d00</value>
         <object_component_ref idref="oc-243"/>
      </symbol>
      <symbol id="sm-845">
         <name>_Cmpss4Regs</name>
         <value>0x5ce0</value>
         <object_component_ref idref="oc-21e"/>
      </symbol>
      <symbol id="sm-846">
         <name>_Clb1DataExchRegs</name>
         <value>0x3200</value>
         <object_component_ref idref="oc-260"/>
      </symbol>
      <symbol id="sm-847">
         <name>_EPwm5Regs</name>
         <value>0x4400</value>
         <object_component_ref idref="oc-258"/>
      </symbol>
      <symbol id="sm-848">
         <name>_UppRegs</name>
         <value>0x6200</value>
         <object_component_ref idref="oc-24a"/>
      </symbol>
      <symbol id="sm-849">
         <name>_SpiaRegs</name>
         <value>0x6100</value>
         <object_component_ref idref="oc-20a"/>
      </symbol>
      <symbol id="sm-84a">
         <name>_CpuSysRegs</name>
         <value>0x5d300</value>
         <object_component_ref idref="oc-251"/>
      </symbol>
      <symbol id="sm-84b">
         <name>_CanbRegs</name>
         <value>0x4a000</value>
         <object_component_ref idref="oc-266"/>
      </symbol>
      <symbol id="sm-84c">
         <name>_ECap6Regs</name>
         <value>0x50a0</value>
         <object_component_ref idref="oc-219"/>
      </symbol>
      <symbol id="sm-84d">
         <name>_ClbXbarRegs</name>
         <value>0x7a40</value>
         <object_component_ref idref="oc-244"/>
      </symbol>
      <symbol id="sm-84e">
         <name>_DmaRegs</name>
         <value>0x1000</value>
         <object_component_ref idref="oc-252"/>
      </symbol>
      <symbol id="sm-84f">
         <name>_XintRegs</name>
         <value>0x7070</value>
         <object_component_ref idref="oc-203"/>
      </symbol>
      <symbol id="sm-850">
         <name>_CpuTimer0Regs</name>
         <value>0xc00</value>
         <object_component_ref idref="oc-1fe"/>
      </symbol>
      <symbol id="sm-851">
         <name>_Cmpss5Regs</name>
         <value>0x5d00</value>
         <object_component_ref idref="oc-21f"/>
      </symbol>
      <symbol id="sm-852">
         <name>_Emif1Regs</name>
         <value>0x47000</value>
         <object_component_ref idref="oc-232"/>
      </symbol>
      <symbol id="sm-853">
         <name>_AccessProtectionRegs</name>
         <value>0x5f4c0</value>
         <object_component_ref idref="oc-236"/>
      </symbol>
      <symbol id="sm-854">
         <name>_MemCfgRegs</name>
         <value>0x5f400</value>
         <object_component_ref idref="oc-24b"/>
      </symbol>
      <symbol id="sm-855">
         <name>_DacaRegs</name>
         <value>0x5c00</value>
         <object_component_ref idref="oc-1fa"/>
      </symbol>
      <symbol id="sm-856">
         <name>_McbspbRegs</name>
         <value>0x6040</value>
         <object_component_ref idref="oc-231"/>
      </symbol>
      <symbol id="sm-857">
         <name>_EPwm6Regs</name>
         <value>0x4500</value>
         <object_component_ref idref="oc-259"/>
      </symbol>
      <symbol id="sm-858">
         <name>_AdcaRegs</name>
         <value>0x7400</value>
         <object_component_ref idref="oc-24c"/>
      </symbol>
      <symbol id="sm-859">
         <name>_SciaRegs</name>
         <value>0x7200</value>
         <object_component_ref idref="oc-205"/>
      </symbol>
      <symbol id="sm-85a">
         <name>_EPwm11Regs</name>
         <value>0x4a00</value>
         <object_component_ref idref="oc-25e"/>
      </symbol>
      <symbol id="sm-85b">
         <name>_GpioDataRegs</name>
         <value>0x7f00</value>
         <object_component_ref idref="oc-237"/>
      </symbol>
      <symbol id="sm-85c">
         <name>_Sdfm1Regs</name>
         <value>0x5e00</value>
         <object_component_ref idref="oc-247"/>
      </symbol>
      <symbol id="sm-85d">
         <name>_Cmpss2Regs</name>
         <value>0x5ca0</value>
         <object_component_ref idref="oc-21c"/>
      </symbol>
      <symbol id="sm-85e">
         <name>_Emif2Regs</name>
         <value>0x47800</value>
         <object_component_ref idref="oc-233"/>
      </symbol>
      <symbol id="sm-85f">
         <name>_DcsmZ1Regs</name>
         <value>0x5f000</value>
         <object_component_ref idref="oc-225"/>
      </symbol>
      <symbol id="sm-860">
         <name>_Flash0CtrlRegs</name>
         <value>0x5f800</value>
         <object_component_ref idref="oc-268"/>
      </symbol>
      <symbol id="sm-861">
         <name>_EPwm7Regs</name>
         <value>0x4600</value>
         <object_component_ref idref="oc-25a"/>
      </symbol>
      <symbol id="sm-862">
         <name>_SpicRegs</name>
         <value>0x6120</value>
         <object_component_ref idref="oc-20d"/>
      </symbol>
      <symbol id="sm-863">
         <name>_Clb4DataExchRegs</name>
         <value>0x3e00</value>
         <object_component_ref idref="oc-263"/>
      </symbol>
      <symbol id="sm-864">
         <name>_EPwm10Regs</name>
         <value>0x4900</value>
         <object_component_ref idref="oc-25d"/>
      </symbol>
      <symbol id="sm-865">
         <name>_CpuTimer2Regs</name>
         <value>0xc10</value>
         <object_component_ref idref="oc-200"/>
      </symbol>
      <symbol id="sm-866">
         <name>_Clb3LogicCfgRegs</name>
         <value>0x3800</value>
         <object_component_ref idref="oc-23e"/>
      </symbol>
      <symbol id="sm-867">
         <name>_DmaClaSrcSelRegs</name>
         <value>0x7980</value>
         <object_component_ref idref="oc-212"/>
      </symbol>
      <symbol id="sm-868">
         <name>_AnalogSubsysRegs</name>
         <value>0x5d180</value>
         <object_component_ref idref="oc-23a"/>
      </symbol>
      <symbol id="sm-869">
         <name>_Cmpss3Regs</name>
         <value>0x5cc0</value>
         <object_component_ref idref="oc-21d"/>
      </symbol>
      <symbol id="sm-86a">
         <name>_DaccRegs</name>
         <value>0x5c20</value>
         <object_component_ref idref="oc-1fc"/>
      </symbol>
      <symbol id="sm-86b">
         <name>_PieCtrlRegs</name>
         <value>0xce0</value>
         <object_component_ref idref="oc-21a"/>
      </symbol>
      <symbol id="sm-86c">
         <name>_DevCfgRegs</name>
         <value>0x5d000</value>
         <object_component_ref idref="oc-264"/>
      </symbol>
      <symbol id="sm-86d">
         <name>_SpibRegs</name>
         <value>0x6110</value>
         <object_component_ref idref="oc-20c"/>
      </symbol>
      <symbol id="sm-86e">
         <name>_Clb1LogicCtrlRegs</name>
         <value>0x3100</value>
         <object_component_ref idref="oc-240"/>
      </symbol>
      <symbol id="sm-86f">
         <name>_AdccRegs</name>
         <value>0x7500</value>
         <object_component_ref idref="oc-24f"/>
      </symbol>
      <symbol id="sm-870">
         <name>_ScicRegs</name>
         <value>0x7220</value>
         <object_component_ref idref="oc-208"/>
      </symbol>
      <symbol id="sm-871">
         <name>_ECap1Regs</name>
         <value>0x5000</value>
         <object_component_ref idref="oc-213"/>
      </symbol>
      <symbol id="sm-872">
         <name>_OutputXbarRegs</name>
         <value>0x7a80</value>
         <object_component_ref idref="oc-246"/>
      </symbol>
      <symbol id="sm-873">
         <name>_MemoryErrorRegs</name>
         <value>0x5f500</value>
         <object_component_ref idref="oc-239"/>
      </symbol>
      <symbol id="sm-874">
         <name>_Cla1Regs</name>
         <value>0x1400</value>
         <object_component_ref idref="oc-23b"/>
      </symbol>
      <symbol id="sm-875">
         <name>_EQep1Regs</name>
         <value>0x5100</value>
         <object_component_ref idref="oc-227"/>
      </symbol>
      <symbol id="sm-876">
         <name>_DacbRegs</name>
         <value>0x5c10</value>
         <object_component_ref idref="oc-1fb"/>
      </symbol>
      <symbol id="sm-877">
         <name>_Clb2DataExchRegs</name>
         <value>0x3600</value>
         <object_component_ref idref="oc-261"/>
      </symbol>
      <symbol id="sm-878">
         <name>_Clb4LogicCfgRegs</name>
         <value>0x3c00</value>
         <object_component_ref idref="oc-23f"/>
      </symbol>
      <symbol id="sm-879">
         <name>_McbspaRegs</name>
         <value>0x6000</value>
         <object_component_ref idref="oc-22f"/>
      </symbol>
      <symbol id="sm-87a">
         <name>_EPwm1Regs</name>
         <value>0x4000</value>
         <object_component_ref idref="oc-253"/>
      </symbol>
      <symbol id="sm-87b">
         <name>_Clb3LogicCtrlRegs</name>
         <value>0x3900</value>
         <object_component_ref idref="oc-242"/>
      </symbol>
      <symbol id="sm-87c">
         <name>_AdcbRegs</name>
         <value>0x7480</value>
         <object_component_ref idref="oc-24e"/>
      </symbol>
      <symbol id="sm-87d">
         <name>_ScibRegs</name>
         <value>0x7210</value>
         <object_component_ref idref="oc-207"/>
      </symbol>
      <symbol id="sm-87e">
         <name>_AdcaResultRegs</name>
         <value>0xb00</value>
         <object_component_ref idref="oc-20e"/>
      </symbol>
      <symbol id="sm-87f">
         <name>_ECap2Regs</name>
         <value>0x5020</value>
         <object_component_ref idref="oc-215"/>
      </symbol>
      <symbol id="sm-880">
         <name>_EPwm12Regs</name>
         <value>0x4b00</value>
         <object_component_ref idref="oc-25f"/>
      </symbol>
      <symbol id="sm-881">
         <name>_AdcbResultRegs</name>
         <value>0xb20</value>
         <object_component_ref idref="oc-20f"/>
      </symbol>
      <symbol id="sm-882">
         <name>_Clb1LogicCfgRegs</name>
         <value>0x3000</value>
         <object_component_ref idref="oc-23c"/>
      </symbol>
      <symbol id="sm-883">
         <name>_AdccResultRegs</name>
         <value>0xb40</value>
         <object_component_ref idref="oc-210"/>
      </symbol>
      <symbol id="sm-884">
         <name>_Emif1ConfigRegs</name>
         <value>0x5f480</value>
         <object_component_ref idref="oc-201"/>
      </symbol>
      <symbol id="sm-885">
         <name>_Sdfm2Regs</name>
         <value>0x5e80</value>
         <object_component_ref idref="oc-249"/>
      </symbol>
      <symbol id="sm-886">
         <name>_AdcdResultRegs</name>
         <value>0xb60</value>
         <object_component_ref idref="oc-211"/>
      </symbol>
      <symbol id="sm-887">
         <name>_EQep2Regs</name>
         <value>0x5140</value>
         <object_component_ref idref="oc-229"/>
      </symbol>
      <symbol id="sm-888">
         <name>_Cmpss1Regs</name>
         <value>0x5c80</value>
         <object_component_ref idref="oc-21b"/>
      </symbol>
      <symbol id="sm-889">
         <name>_EPwm8Regs</name>
         <value>0x4700</value>
         <object_component_ref idref="oc-25b"/>
      </symbol>
      <symbol id="sm-88a">
         <name>_Emif2ConfigRegs</name>
         <value>0x5f4a0</value>
         <object_component_ref idref="oc-202"/>
      </symbol>
      <symbol id="sm-88b">
         <name>_DcsmCommonRegs</name>
         <value>0x5f070</value>
         <object_component_ref idref="oc-1f8"/>
      </symbol>
      <symbol id="sm-88c">
         <name>_EPwm2Regs</name>
         <value>0x4100</value>
         <object_component_ref idref="oc-255"/>
      </symbol>
      <symbol id="sm-88d">
         <name>_ECap3Regs</name>
         <value>0x5040</value>
         <object_component_ref idref="oc-216"/>
      </symbol>
      <symbol id="sm-88e">
         <name>_Cmpss8Regs</name>
         <value>0x5d60</value>
         <object_component_ref idref="oc-222"/>
      </symbol>
      <symbol id="sm-88f">
         <name>_EQep3Regs</name>
         <value>0x5180</value>
         <object_component_ref idref="oc-22a"/>
      </symbol>
      <symbol id="sm-890">
         <name>_SyncSocRegs</name>
         <value>0x7940</value>
         <object_component_ref idref="oc-1f9"/>
      </symbol>
      <symbol id="sm-891">
         <name>_EPwm9Regs</name>
         <value>0x4800</value>
         <object_component_ref idref="oc-25c"/>
      </symbol>
      <symbol id="sm-892">
         <name>_NmiIntruptRegs</name>
         <value>0x7060</value>
         <object_component_ref idref="oc-1fd"/>
      </symbol>
      <symbol id="sm-893">
         <name>_EPwm3Regs</name>
         <value>0x4200</value>
         <object_component_ref idref="oc-256"/>
      </symbol>
      <symbol id="sm-894">
         <name>_I2caRegs</name>
         <value>0x7300</value>
         <object_component_ref idref="oc-22b"/>
      </symbol>
      <symbol id="sm-8a2">
         <name>_cos</name>
         <value>0x83c3c</value>
         <object_component_ref idref="oc-2c0"/>
      </symbol>
      <symbol id="sm-8a3">
         <name>_cosf</name>
         <value>0x83c3c</value>
         <object_component_ref idref="oc-2c0"/>
      </symbol>
      <symbol id="sm-8b1">
         <name>_sin</name>
         <value>0x83bd6</value>
         <object_component_ref idref="oc-2bf"/>
      </symbol>
      <symbol id="sm-8b2">
         <name>_sinf</name>
         <value>0x83bd6</value>
         <object_component_ref idref="oc-2bf"/>
      </symbol>
      <symbol id="sm-8ce">
         <name>_c_int00</name>
         <value>0x83d4f</value>
         <object_component_ref idref="oc-8e"/>
      </symbol>
      <symbol id="sm-8cf">
         <name>__stack</name>
         <value>0x400</value>
         <object_component_ref idref="oc-275"/>
      </symbol>
      <symbol id="sm-8e0">
         <name>FS$$DIV</name>
         <value>0x83b4e</value>
         <object_component_ref idref="oc-27b"/>
      </symbol>
      <symbol id="sm-8ec">
         <name>LL$$AND</name>
         <value>0x83ecc</value>
         <object_component_ref idref="oc-280"/>
      </symbol>
      <symbol id="sm-8ed">
         <name>LL$$OR</name>
         <value>0x83ed4</value>
         <object_component_ref idref="oc-280"/>
      </symbol>
      <symbol id="sm-8ee">
         <name>LL$$XOR</name>
         <value>0x83edc</value>
         <object_component_ref idref="oc-280"/>
      </symbol>
      <symbol id="sm-8fd">
         <name>_copy_in</name>
         <value>0x83e6e</value>
         <object_component_ref idref="oc-2ba"/>
      </symbol>
      <symbol id="sm-90f">
         <name>_memcpy</name>
         <value>0x83eaf</value>
         <object_component_ref idref="oc-2ce"/>
      </symbol>
      <symbol id="sm-91c">
         <name>__system_pre_init</name>
         <value>0x83f0a</value>
         <object_component_ref idref="oc-2b9"/>
      </symbol>
      <symbol id="sm-92a">
         <name>__system_post_cinit</name>
         <value>0x83f0c</value>
         <object_component_ref idref="oc-2bb"/>
      </symbol>
      <symbol id="sm-93f">
         <name>C$$EXIT</name>
         <value>0x83df7</value>
         <object_component_ref idref="oc-2bd"/>
      </symbol>
      <symbol id="sm-940">
         <name>_exit</name>
         <value>0x83df9</value>
         <object_component_ref idref="oc-2bd"/>
      </symbol>
      <symbol id="sm-942">
         <name>___TI_cleanup_ptr</name>
         <value>0xc1de</value>
         <object_component_ref idref="oc-29b"/>
      </symbol>
      <symbol id="sm-943">
         <name>___TI_enable_exit_profile_output</name>
         <value>0xc1dc</value>
         <object_component_ref idref="oc-29b"/>
      </symbol>
      <symbol id="sm-944">
         <name>_abort</name>
         <value>0x83df7</value>
         <object_component_ref idref="oc-2bd"/>
      </symbol>
      <symbol id="sm-946">
         <name>___TI_dtors_ptr</name>
         <value>0xc1e0</value>
         <object_component_ref idref="oc-29b"/>
      </symbol>
      <symbol id="sm-95a">
         <name>__unlock</name>
         <value>0xc1ee</value>
         <object_component_ref idref="oc-2df"/>
      </symbol>
      <symbol id="sm-95b">
         <name>__lock</name>
         <value>0xc17e</value>
         <object_component_ref idref="oc-2cf"/>
      </symbol>
      <symbol id="sm-95c">
         <name>__register_lock</name>
         <value>0x83efa</value>
         <object_component_ref idref="oc-2d9"/>
      </symbol>
      <symbol id="sm-95e">
         <name>__nop</name>
         <value>0x83efe</value>
         <object_component_ref idref="oc-2d9"/>
      </symbol>
      <symbol id="sm-960">
         <name>__register_unlock</name>
         <value>0x83ef6</value>
         <object_component_ref idref="oc-2d9"/>
      </symbol>
      <symbol id="sm-970">
         <name>__args_main</name>
         <value>0x83ee4</value>
         <object_component_ref idref="oc-2bc"/>
      </symbol>
      <symbol id="sm-985">
         <name>_DQ0_ABC_F_FUNC</name>
         <value>0x83d0e</value>
         <object_component_ref idref="oc-2af"/>
      </symbol>
      <symbol id="sm-986">
         <name>_DQ0_ABC_F_init</name>
         <value>0x83cf8</value>
         <object_component_ref idref="oc-2af"/>
      </symbol>
      <symbol id="sm-991">
         <name>_ABC_DQ0_POS_F_init</name>
         <value>0x83c9f</value>
         <object_component_ref idref="oc-2b4"/>
      </symbol>
      <symbol id="sm-992">
         <name>_ABC_DQ0_POS_F_FUNC</name>
         <value>0x83cb5</value>
         <object_component_ref idref="oc-2b4"/>
      </symbol>
   </symbol_table>
   <title>Link successful</title>
</link_info>
