******************************************************************************
             TMS320C2000 Linker PC v22.6.0                     
******************************************************************************
>> Linked Sun Nov 24 12:02:59 2024

OUTPUT FILE NAME:   <ThreePhaseRectifier_SpeedV3.out>
ENTRY POINT SYMBOL: "_c_int00"  address: 000848ff


MEMORY CONFIGURATION

         name            origin    length      used     unused   attr    fill
----------------------  --------  ---------  --------  --------  ----  --------
PAGE 0:
  RAMM0                 00000122   000002de  00000000  000002de  RWIX
  RAMLS0                00008000   00000800  0000003f  000007c1  RWIX
  RAMLS1                00008800   00000800  00000000  00000800  RWIX
  RAMLS2                00009000   00000800  00000000  00000800  RWIX
  RAMLS3                00009800   00000800  00000000  00000800  RWIX
  RAMLS4                0000a000   00000800  00000000  00000800  RWIX
  RAMD0                 0000b000   00000800  00000000  00000800  RWIX
  RAMGS14               0001a000   00001000  00000000  00001000  RWIX
  RAMGS15               0001b000   00001000  00000000  00001000  RWIX
  BEGIN                 00080000   00000002  00000002  00000000  RWIX
  FLASHA                00080002   00001ffe  00000000  00001ffe  RWIX
  FLASHB                00082000   00002000  00001fff  00000001  RWIX
  FLASHC                00084000   00002000  00000a98  00001568  RWIX
  FLASHD                00086000   00002000  0000003f  00001fc1  RWIX
  FLASHE                00088000   00008000  00000000  00008000  RWIX
  FLASHF                00090000   00008000  000001c0  00007e40  RWIX
  FLASHG                00098000   00008000  00000000  00008000  RWIX
  FLASHH                000a0000   00008000  00000000  00008000  RWIX
  FLASHI                000a8000   00008000  00000000  00008000  RWIX
  FLASHJ                000b0000   00008000  00000000  00008000  RWIX
  FLASHK                000b8000   00002000  00000000  00002000  RWIX
  FLASHL                000ba000   00002000  00000000  00002000  RWIX
  FLASHM                000bc000   00002000  00000000  00002000  RWIX
  FLASHN                000be000   00002000  00000000  00002000  RWIX
  RESET                 003fffc0   00000002  00000000  00000002  RWIX

PAGE 1:
  BOOT_RSVD             00000002   00000120  00000000  00000120  RWIX
  RAMM1                 00000400   00000400  00000200  00000200  RWIX
  ADCARESULT            00000b00   00000018  00000018  00000000  RWIX
  ADCBRESULT            00000b20   00000018  00000018  00000000  RWIX
  ADCCRESULT            00000b40   00000018  00000018  00000000  RWIX
  ADCDRESULT            00000b60   00000018  00000018  00000000  RWIX
  CPUTIMER0             00000c00   00000008  00000008  00000000  RWIX
  CPUTIMER1             00000c08   00000008  00000008  00000000  RWIX
  CPUTIMER2             00000c10   00000008  00000008  00000000  RWIX
  PIECTRL               00000ce0   0000001a  0000001a  00000000  RWIX
  PIEVECTTABLE          00000d00   00000200  000001c0  00000040  RWIX
  DMA                   00001000   00000200  000000e0  00000120  RWIX
  CLA1                  00001400   00000080  0000003e  00000042  RWIX
  CLB1LOGICCFG          00003000   00000052  0000003e  00000014  RWIX
  CLB1LOGICCTRL         00003100   00000040  00000040  00000000  RWIX
  CLB1DATAEXCH          00003200   00000200  00000108  000000f8  RWIX
  CLB2LOGICCFG          00003400   00000052  0000003e  00000014  RWIX
  CLB2LOGICCTRL         00003500   00000040  00000040  00000000  RWIX
  CLB2DATAEXCH          00003600   00000200  00000108  000000f8  RWIX
  CLB3LOGICCFG          00003800   00000052  0000003e  00000014  RWIX
  CLB3LOGICCTRL         00003900   00000040  00000040  00000000  RWIX
  CLB3DATAEXCH          00003a00   00000200  00000108  000000f8  RWIX
  CLB4LOGICCFG          00003c00   00000052  0000003e  00000014  RWIX
  CLB4LOGICCTRL         00003d00   00000040  00000040  00000000  RWIX
  CLB4DATAEXCH          00003e00   00000200  00000108  000000f8  RWIX
  EPWM1                 00004000   00000100  00000100  00000000  RWIX
  EPWM2                 00004100   00000100  00000100  00000000  RWIX
  EPWM3                 00004200   00000100  00000100  00000000  RWIX
  EPWM4                 00004300   00000100  00000100  00000000  RWIX
  EPWM5                 00004400   00000100  00000100  00000000  RWIX
  EPWM6                 00004500   00000100  00000100  00000000  RWIX
  EPWM7                 00004600   00000100  00000100  00000000  RWIX
  EPWM8                 00004700   00000100  00000100  00000000  RWIX
  EPWM9                 00004800   00000100  00000100  00000000  RWIX
  EPWM10                00004900   00000100  00000100  00000000  RWIX
  EPWM11                00004a00   00000100  00000100  00000000  RWIX
  EPWM12                00004b00   00000100  00000100  00000000  RWIX
  ECAP1                 00005000   00000020  0000001a  00000006  RWIX
  ECAP2                 00005020   00000020  0000001a  00000006  RWIX
  ECAP3                 00005040   00000020  0000001a  00000006  RWIX
  ECAP4                 00005060   00000020  0000001a  00000006  RWIX
  ECAP5                 00005080   00000020  0000001a  00000006  RWIX
  ECAP6                 000050a0   00000020  0000001a  00000006  RWIX
  EQEP1                 00005100   00000022  00000022  00000000  RWIX
  EQEP2                 00005140   00000022  00000022  00000000  RWIX
  EQEP3                 00005180   00000022  00000022  00000000  RWIX
  DACA                  00005c00   00000008  00000007  00000001  RWIX
  DACB                  00005c10   00000008  00000007  00000001  RWIX
  DACC                  00005c20   00000008  00000007  00000001  RWIX
  CMPSS1                00005c80   00000020  0000001b  00000005  RWIX
  CMPSS2                00005ca0   00000020  0000001b  00000005  RWIX
  CMPSS3                00005cc0   00000020  0000001b  00000005  RWIX
  CMPSS4                00005ce0   00000020  0000001b  00000005  RWIX
  CMPSS5                00005d00   00000020  0000001b  00000005  RWIX
  CMPSS6                00005d20   00000020  0000001b  00000005  RWIX
  CMPSS7                00005d40   00000020  0000001b  00000005  RWIX
  CMPSS8                00005d60   00000020  0000001b  00000005  RWIX
  SDFM1                 00005e00   00000080  00000048  00000038  RWIX
  SDFM2                 00005e80   00000080  00000048  00000038  RWIX
  MCBSPA                00006000   00000024  00000024  00000000  RWIX
  MCBSPB                00006040   00000024  00000024  00000000  RWIX
  SPIA                  00006100   00000010  00000010  00000000  RWIX
  SPIB                  00006110   00000010  00000010  00000000  RWIX
  SPIC                  00006120   00000010  00000010  00000000  RWIX
  UPP                   00006200   00000048  00000048  00000000  RWIX
  WD                    00007000   0000002b  0000002b  00000000  RWIX
  NMIINTRUPT            00007060   00000007  00000007  00000000  RWIX
  XINT                  00007070   0000000b  0000000b  00000000  RWIX
  SCIA                  00007200   00000010  00000010  00000000  RWIX
  SCIB                  00007210   00000010  00000010  00000000  RWIX
  SCIC                  00007220   00000010  00000010  00000000  RWIX
  SCID                  00007230   00000010  00000010  00000000  RWIX
  I2CA                  00007300   00000022  00000022  00000000  RWIX
  I2CB                  00007340   00000022  00000022  00000000  RWIX
  ADCA                  00007400   00000080  0000007c  00000004  RWIX
  ADCB                  00007480   00000080  0000007c  00000004  RWIX
  ADCC                  00007500   00000080  0000007c  00000004  RWIX
  ADCD                  00007580   00000080  0000007c  00000004  RWIX
  INPUTXBAR             00007900   00000020  00000020  00000000  RWIX
  XBAR                  00007920   00000020  0000000e  00000012  RWIX
  SYNCSOC               00007940   00000006  00000006  00000000  RWIX
  DMACLASRCSEL          00007980   0000001a  0000001a  00000000  RWIX
  EPWMXBAR              00007a00   00000040  00000040  00000000  RWIX
  CLBXBAR               00007a40   00000040  00000040  00000000  RWIX
  OUTPUTXBAR            00007a80   00000040  00000040  00000000  RWIX
  GPIOCTRL              00007c00   00000180  00000180  00000000  RWIX
  GPIODATA              00007f00   00000030  00000030  00000000  RWIX
  RAMLS5                0000a800   00000800  00000339  000004c7  RWIX
  RAMD1                 0000b800   00000800  00000000  00000800  RWIX
  RAMGS0                0000c000   00001000  00000000  00001000  RWIX
  RAMGS1                0000d000   00001000  00000000  00001000  RWIX
  RAMGS2                0000e000   00001000  00000000  00001000  RWIX
  RAMGS3                0000f000   00001000  00000000  00001000  RWIX
  RAMGS4                00010000   00001000  00000000  00001000  RWIX
  RAMGS5                00011000   00001000  00000000  00001000  RWIX
  RAMGS6                00012000   00001000  00000000  00001000  RWIX
  RAMGS7                00013000   00001000  00000000  00001000  RWIX
  RAMGS8                00014000   00001000  00000000  00001000  RWIX
  RAMGS9                00015000   00001000  00000000  00001000  RWIX
  RAMGS10               00016000   00001000  00000000  00001000  RWIX
  RAMGS11               00017000   00001000  00000000  00001000  RWIX
  RAMGS12               00018000   00001000  00000000  00001000  RWIX
  RAMGS13               00019000   00001000  00000000  00001000  RWIX
  CPU2TOCPU1RAM         0003f800   00000400  00000000  00000400  RWIX
  CPU1TOCPU2RAM         0003fc00   00000400  00000088  00000378  RWIX
  EMIF1                 00047000   00000070  00000028  00000048  RWIX
  EMIF2                 00047800   00000070  00000028  00000048  RWIX
  CANA                  00048000   00000200  00000164  0000009c  RWIX
  CANB                  0004a000   00000200  00000164  0000009c  RWIX
  IPC                   00050000   00000024  00000024  00000000  RWIX
  FLASHPUMPSEMAPHORE    00050024   00000002  00000002  00000000  RWIX
  DEVCFG                0005d000   0000012e  0000012e  00000000  RWIX
  ANALOGSUBSYS          0005d180   00000048  0000003e  0000000a  RWIX
  CLKCFG                0005d200   00000032  00000032  00000000  RWIX
  CPUSYS                0005d300   00000082  00000082  00000000  RWIX
  ROMPREFETCH           0005e608   00000002  00000002  00000000  RWIX
  DCSMZ1                0005f000   00000024  00000022  00000002  RWIX
  DCSMZ2                0005f040   00000024  00000022  00000002  RWIX
  DCSMCOMMON            0005f070   00000008  00000006  00000002  RWIX
  MEMCFG                0005f400   00000080  00000076  0000000a  RWIX
  EMIF1CONFIG           0005f480   00000020  0000000a  00000016  RWIX
  EMIF2CONFIG           0005f4a0   00000020  0000000a  00000016  RWIX
  ACCESSPROTECTION      0005f4c0   00000040  0000002e  00000012  RWIX
  MEMORYERROR           0005f500   00000040  0000003a  00000006  RWIX
  ROMWAITSTATE          0005f540   00000002  00000002  00000000  RWIX
  FLASH0CTRL            0005f800   00000182  00000182  00000000  RWIX
  FLASH0ECC             0005fb00   00000028  00000028  00000000  RWIX
  EMIF1_CS2n            00100000   00200000  00000000  00200000  RWIX
  EMIF1_CS3n            00300000   00080000  00000000  00080000  RWIX


SECTION ALLOCATION MAP

 output                                  attributes/
section   page    origin      length       input sections
--------  ----  ----------  ----------   ----------------
.cinit     0    00082000    000003eb     
                  00082000    0000018b     main.obj (.cinit)
                  0008218b    00000176     bsp_I2C.obj (.cinit)
                  00082301    00000028     bsp_epwm.obj (.cinit)
                  00082329    00000021     F2837xD_struct.obj (.cinit:_TRIP_SEL)
                  0008234a    0000001d     F2837xD_struct.obj (.cinit:_EPWM)
                  00082367    00000011     F2837xD_struct.obj (.cinit:_ECAP)
                  00082378    0000000f     device.obj (.cinit)
                  00082387    0000000e     rts2800_fpu32.lib : exit.c.obj (.cinit)
                  00082395    0000000d     F2837xD_struct.obj (.cinit:_ADC)
                  000823a2    0000000b     F2837xD_struct.obj (.cinit:_EQEP)
                  000823ad    0000000b     F2837xD_struct.obj (.cinit:_SPI)
                  000823b8    00000009     F2837xD_struct.obj (.cinit:_SDFM)
                  000823c1    00000007     F2837xD_struct.obj (.cinit:_I2C)
                  000823c8    00000007     F2837xD_struct.obj (.cinit:_MCBSP)
                  000823cf    00000007     F2837xD_struct.obj (.cinit:_SCI)
                  000823d6    00000005     bsp_I2C.obj (.cinit:_CB_ACTIVE_CELLSA_Addr)
                  000823db    00000005     rts2800_fpu32.lib : _lock.c.obj (.cinit:__lock)
                  000823e0    00000005                       : _lock.c.obj (.cinit:__unlock)
                  000823e5    00000004     F2837xD_sci_io.obj (.cinit)
                  000823e9    00000002     --HOLE-- [fill = 0]

.pinit     0    00082000    00000000     UNINITIALIZED

codestart 
*          0    00080000    00000002     
                  00080000    00000002     F2837xD_CodeStartBranch.obj (codestart)

.TI.ramfunc 
*          0    00086000    0000003f     RUN ADDR = 00008000
                  00086000    00000037     F2837xD_SysCtrl.obj (.TI.ramfunc)
                  00086037    00000004     F2837xD_usDelay.obj (.TI.ramfunc)
                  0008603b    00000004     sysctl.obj (.TI.ramfunc)

.stack     1    00000400    00000200     UNINITIALIZED
                  00000400    00000200     --HOLE--

.reset     0    003fffc0    00000002     DSECT
                  003fffc0    00000002     rts2800_fpu32.lib : boot28.asm.obj (.reset)

.econst    0    00090000    000001c0     
                  00090000    000001c0     F2837xD_PieVect.obj (.econst:_PieVectTableInit)

AdcaResultRegsFile 
*          1    00000b00    00000018     UNINITIALIZED
                  00000b00    00000018     F2837xD_GlobalVariableDefs.obj (AdcaResultRegsFile)

AdcbResultRegsFile 
*          1    00000b20    00000018     UNINITIALIZED
                  00000b20    00000018     F2837xD_GlobalVariableDefs.obj (AdcbResultRegsFile)

AdccResultRegsFile 
*          1    00000b40    00000018     UNINITIALIZED
                  00000b40    00000018     F2837xD_GlobalVariableDefs.obj (AdccResultRegsFile)

AdcdResultRegsFile 
*          1    00000b60    00000018     UNINITIALIZED
                  00000b60    00000018     F2837xD_GlobalVariableDefs.obj (AdcdResultRegsFile)

CpuTimer0RegsFile 
*          1    00000c00    00000008     UNINITIALIZED
                  00000c00    00000008     F2837xD_GlobalVariableDefs.obj (CpuTimer0RegsFile)

CpuTimer1RegsFile 
*          1    00000c08    00000008     UNINITIALIZED
                  00000c08    00000008     F2837xD_GlobalVariableDefs.obj (CpuTimer1RegsFile)

CpuTimer2RegsFile 
*          1    00000c10    00000008     UNINITIALIZED
                  00000c10    00000008     F2837xD_GlobalVariableDefs.obj (CpuTimer2RegsFile)

PieCtrlRegsFile 
*          1    00000ce0    0000001a     UNINITIALIZED
                  00000ce0    0000001a     F2837xD_GlobalVariableDefs.obj (PieCtrlRegsFile)

DmaRegsFile 
*          1    00001000    000000e0     UNINITIALIZED
                  00001000    000000e0     F2837xD_GlobalVariableDefs.obj (DmaRegsFile)

Cla1RegsFile 
*          1    00001400    0000003e     UNINITIALIZED
                  00001400    0000003e     F2837xD_GlobalVariableDefs.obj (Cla1RegsFile)

Clb1LogicCfgRegsFile 
*          1    00003000    0000003e     UNINITIALIZED
                  00003000    0000003e     F2837xD_GlobalVariableDefs.obj (Clb1LogicCfgRegsFile)

Clb1LogicCtrlRegsFile 
*          1    00003100    00000040     UNINITIALIZED
                  00003100    00000040     F2837xD_GlobalVariableDefs.obj (Clb1LogicCtrlRegsFile)

Clb1DataExchRegsFile 
*          1    00003200    00000108     UNINITIALIZED
                  00003200    00000108     F2837xD_GlobalVariableDefs.obj (Clb1DataExchRegsFile)

Clb2LogicCfgRegsFile 
*          1    00003400    0000003e     UNINITIALIZED
                  00003400    0000003e     F2837xD_GlobalVariableDefs.obj (Clb2LogicCfgRegsFile)

Clb2LogicCtrlRegsFile 
*          1    00003500    00000040     UNINITIALIZED
                  00003500    00000040     F2837xD_GlobalVariableDefs.obj (Clb2LogicCtrlRegsFile)

Clb2DataExchRegsFile 
*          1    00003600    00000108     UNINITIALIZED
                  00003600    00000108     F2837xD_GlobalVariableDefs.obj (Clb2DataExchRegsFile)

Clb3LogicCfgRegsFile 
*          1    00003800    0000003e     UNINITIALIZED
                  00003800    0000003e     F2837xD_GlobalVariableDefs.obj (Clb3LogicCfgRegsFile)

Clb3LogicCtrlRegsFile 
*          1    00003900    00000040     UNINITIALIZED
                  00003900    00000040     F2837xD_GlobalVariableDefs.obj (Clb3LogicCtrlRegsFile)

Clb3DataExchRegsFile 
*          1    00003a00    00000108     UNINITIALIZED
                  00003a00    00000108     F2837xD_GlobalVariableDefs.obj (Clb3DataExchRegsFile)

Clb4LogicCfgRegsFile 
*          1    00003c00    0000003e     UNINITIALIZED
                  00003c00    0000003e     F2837xD_GlobalVariableDefs.obj (Clb4LogicCfgRegsFile)

Clb4LogicCtrlRegsFile 
*          1    00003d00    00000040     UNINITIALIZED
                  00003d00    00000040     F2837xD_GlobalVariableDefs.obj (Clb4LogicCtrlRegsFile)

Clb4DataExchRegsFile 
*          1    00003e00    00000108     UNINITIALIZED
                  00003e00    00000108     F2837xD_GlobalVariableDefs.obj (Clb4DataExchRegsFile)

EPwm1RegsFile 
*          1    00004000    00000100     UNINITIALIZED
                  00004000    00000100     F2837xD_GlobalVariableDefs.obj (EPwm1RegsFile)

EPwm2RegsFile 
*          1    00004100    00000100     UNINITIALIZED
                  00004100    00000100     F2837xD_GlobalVariableDefs.obj (EPwm2RegsFile)

EPwm3RegsFile 
*          1    00004200    00000100     UNINITIALIZED
                  00004200    00000100     F2837xD_GlobalVariableDefs.obj (EPwm3RegsFile)

EPwm4RegsFile 
*          1    00004300    00000100     UNINITIALIZED
                  00004300    00000100     F2837xD_GlobalVariableDefs.obj (EPwm4RegsFile)

EPwm5RegsFile 
*          1    00004400    00000100     UNINITIALIZED
                  00004400    00000100     F2837xD_GlobalVariableDefs.obj (EPwm5RegsFile)

EPwm6RegsFile 
*          1    00004500    00000100     UNINITIALIZED
                  00004500    00000100     F2837xD_GlobalVariableDefs.obj (EPwm6RegsFile)

EPwm7RegsFile 
*          1    00004600    00000100     UNINITIALIZED
                  00004600    00000100     F2837xD_GlobalVariableDefs.obj (EPwm7RegsFile)

EPwm8RegsFile 
*          1    00004700    00000100     UNINITIALIZED
                  00004700    00000100     F2837xD_GlobalVariableDefs.obj (EPwm8RegsFile)

EPwm9RegsFile 
*          1    00004800    00000100     UNINITIALIZED
                  00004800    00000100     F2837xD_GlobalVariableDefs.obj (EPwm9RegsFile)

EPwm10RegsFile 
*          1    00004900    00000100     UNINITIALIZED
                  00004900    00000100     F2837xD_GlobalVariableDefs.obj (EPwm10RegsFile)

EPwm11RegsFile 
*          1    00004a00    00000100     UNINITIALIZED
                  00004a00    00000100     F2837xD_GlobalVariableDefs.obj (EPwm11RegsFile)

EPwm12RegsFile 
*          1    00004b00    00000100     UNINITIALIZED
                  00004b00    00000100     F2837xD_GlobalVariableDefs.obj (EPwm12RegsFile)

ECap1RegsFile 
*          1    00005000    0000001a     UNINITIALIZED
                  00005000    0000001a     F2837xD_GlobalVariableDefs.obj (ECap1RegsFile)

ECap2RegsFile 
*          1    00005020    0000001a     UNINITIALIZED
                  00005020    0000001a     F2837xD_GlobalVariableDefs.obj (ECap2RegsFile)

ECap3RegsFile 
*          1    00005040    0000001a     UNINITIALIZED
                  00005040    0000001a     F2837xD_GlobalVariableDefs.obj (ECap3RegsFile)

ECap4RegsFile 
*          1    00005060    0000001a     UNINITIALIZED
                  00005060    0000001a     F2837xD_GlobalVariableDefs.obj (ECap4RegsFile)

ECap5RegsFile 
*          1    00005080    0000001a     UNINITIALIZED
                  00005080    0000001a     F2837xD_GlobalVariableDefs.obj (ECap5RegsFile)

ECap6RegsFile 
*          1    000050a0    0000001a     UNINITIALIZED
                  000050a0    0000001a     F2837xD_GlobalVariableDefs.obj (ECap6RegsFile)

EQep1RegsFile 
*          1    00005100    00000022     UNINITIALIZED
                  00005100    00000022     F2837xD_GlobalVariableDefs.obj (EQep1RegsFile)

EQep2RegsFile 
*          1    00005140    00000022     UNINITIALIZED
                  00005140    00000022     F2837xD_GlobalVariableDefs.obj (EQep2RegsFile)

EQep3RegsFile 
*          1    00005180    00000022     UNINITIALIZED
                  00005180    00000022     F2837xD_GlobalVariableDefs.obj (EQep3RegsFile)

DacaRegsFile 
*          1    00005c00    00000007     UNINITIALIZED
                  00005c00    00000007     F2837xD_GlobalVariableDefs.obj (DacaRegsFile)

DacbRegsFile 
*          1    00005c10    00000007     UNINITIALIZED
                  00005c10    00000007     F2837xD_GlobalVariableDefs.obj (DacbRegsFile)

DaccRegsFile 
*          1    00005c20    00000007     UNINITIALIZED
                  00005c20    00000007     F2837xD_GlobalVariableDefs.obj (DaccRegsFile)

Cmpss1RegsFile 
*          1    00005c80    0000001b     UNINITIALIZED
                  00005c80    0000001b     F2837xD_GlobalVariableDefs.obj (Cmpss1RegsFile)

Cmpss2RegsFile 
*          1    00005ca0    0000001b     UNINITIALIZED
                  00005ca0    0000001b     F2837xD_GlobalVariableDefs.obj (Cmpss2RegsFile)

Cmpss3RegsFile 
*          1    00005cc0    0000001b     UNINITIALIZED
                  00005cc0    0000001b     F2837xD_GlobalVariableDefs.obj (Cmpss3RegsFile)

Cmpss4RegsFile 
*          1    00005ce0    0000001b     UNINITIALIZED
                  00005ce0    0000001b     F2837xD_GlobalVariableDefs.obj (Cmpss4RegsFile)

Cmpss5RegsFile 
*          1    00005d00    0000001b     UNINITIALIZED
                  00005d00    0000001b     F2837xD_GlobalVariableDefs.obj (Cmpss5RegsFile)

Cmpss6RegsFile 
*          1    00005d20    0000001b     UNINITIALIZED
                  00005d20    0000001b     F2837xD_GlobalVariableDefs.obj (Cmpss6RegsFile)

Cmpss7RegsFile 
*          1    00005d40    0000001b     UNINITIALIZED
                  00005d40    0000001b     F2837xD_GlobalVariableDefs.obj (Cmpss7RegsFile)

Cmpss8RegsFile 
*          1    00005d60    0000001b     UNINITIALIZED
                  00005d60    0000001b     F2837xD_GlobalVariableDefs.obj (Cmpss8RegsFile)

Sdfm1RegsFile 
*          1    00005e00    00000048     UNINITIALIZED
                  00005e00    00000048     F2837xD_GlobalVariableDefs.obj (Sdfm1RegsFile)

Sdfm2RegsFile 
*          1    00005e80    00000048     UNINITIALIZED
                  00005e80    00000048     F2837xD_GlobalVariableDefs.obj (Sdfm2RegsFile)

McbspaRegsFile 
*          1    00006000    00000024     UNINITIALIZED
                  00006000    00000024     F2837xD_GlobalVariableDefs.obj (McbspaRegsFile)

McbspbRegsFile 
*          1    00006040    00000024     UNINITIALIZED
                  00006040    00000024     F2837xD_GlobalVariableDefs.obj (McbspbRegsFile)

SpiaRegsFile 
*          1    00006100    00000010     UNINITIALIZED
                  00006100    00000010     F2837xD_GlobalVariableDefs.obj (SpiaRegsFile)

SpibRegsFile 
*          1    00006110    00000010     UNINITIALIZED
                  00006110    00000010     F2837xD_GlobalVariableDefs.obj (SpibRegsFile)

SpicRegsFile 
*          1    00006120    00000010     UNINITIALIZED
                  00006120    00000010     F2837xD_GlobalVariableDefs.obj (SpicRegsFile)

UppRegsFile 
*          1    00006200    00000048     UNINITIALIZED
                  00006200    00000048     F2837xD_GlobalVariableDefs.obj (UppRegsFile)

WdRegsFile 
*          1    00007000    0000002b     UNINITIALIZED
                  00007000    0000002b     F2837xD_GlobalVariableDefs.obj (WdRegsFile)

NmiIntruptRegsFile 
*          1    00007060    00000007     UNINITIALIZED
                  00007060    00000007     F2837xD_GlobalVariableDefs.obj (NmiIntruptRegsFile)

XintRegsFile 
*          1    00007070    0000000b     UNINITIALIZED
                  00007070    0000000b     F2837xD_GlobalVariableDefs.obj (XintRegsFile)

SciaRegsFile 
*          1    00007200    00000010     UNINITIALIZED
                  00007200    00000010     F2837xD_GlobalVariableDefs.obj (SciaRegsFile)

ScibRegsFile 
*          1    00007210    00000010     UNINITIALIZED
                  00007210    00000010     F2837xD_GlobalVariableDefs.obj (ScibRegsFile)

ScicRegsFile 
*          1    00007220    00000010     UNINITIALIZED
                  00007220    00000010     F2837xD_GlobalVariableDefs.obj (ScicRegsFile)

ScidRegsFile 
*          1    00007230    00000010     UNINITIALIZED
                  00007230    00000010     F2837xD_GlobalVariableDefs.obj (ScidRegsFile)

I2caRegsFile 
*          1    00007300    00000022     UNINITIALIZED
                  00007300    00000022     F2837xD_GlobalVariableDefs.obj (I2caRegsFile)

I2cbRegsFile 
*          1    00007340    00000022     UNINITIALIZED
                  00007340    00000022     F2837xD_GlobalVariableDefs.obj (I2cbRegsFile)

AdcaRegsFile 
*          1    00007400    0000007c     UNINITIALIZED
                  00007400    0000007c     F2837xD_GlobalVariableDefs.obj (AdcaRegsFile)

AdcbRegsFile 
*          1    00007480    0000007c     UNINITIALIZED
                  00007480    0000007c     F2837xD_GlobalVariableDefs.obj (AdcbRegsFile)

AdccRegsFile 
*          1    00007500    0000007c     UNINITIALIZED
                  00007500    0000007c     F2837xD_GlobalVariableDefs.obj (AdccRegsFile)

AdcdRegsFile 
*          1    00007580    0000007c     UNINITIALIZED
                  00007580    0000007c     F2837xD_GlobalVariableDefs.obj (AdcdRegsFile)

InputXbarRegsFile 
*          1    00007900    00000020     UNINITIALIZED
                  00007900    00000020     F2837xD_GlobalVariableDefs.obj (InputXbarRegsFile)

XbarRegsFile 
*          1    00007920    0000000e     UNINITIALIZED
                  00007920    0000000e     F2837xD_GlobalVariableDefs.obj (XbarRegsFile)

SyncSocRegsFile 
*          1    00007940    00000006     UNINITIALIZED
                  00007940    00000006     F2837xD_GlobalVariableDefs.obj (SyncSocRegsFile)

DmaClaSrcSelRegsFile 
*          1    00007980    0000001a     UNINITIALIZED
                  00007980    0000001a     F2837xD_GlobalVariableDefs.obj (DmaClaSrcSelRegsFile)

EPwmXbarRegsFile 
*          1    00007a00    00000040     UNINITIALIZED
                  00007a00    00000040     F2837xD_GlobalVariableDefs.obj (EPwmXbarRegsFile)

ClbXbarRegsFile 
*          1    00007a40    00000040     UNINITIALIZED
                  00007a40    00000040     F2837xD_GlobalVariableDefs.obj (ClbXbarRegsFile)

OutputXbarRegsFile 
*          1    00007a80    00000040     UNINITIALIZED
                  00007a80    00000040     F2837xD_GlobalVariableDefs.obj (OutputXbarRegsFile)

GpioCtrlRegsFile 
*          1    00007c00    00000180     UNINITIALIZED
                  00007c00    00000180     F2837xD_GlobalVariableDefs.obj (GpioCtrlRegsFile)

GpioDataRegsFile 
*          1    00007f00    00000030     UNINITIALIZED
                  00007f00    00000030     F2837xD_GlobalVariableDefs.obj (GpioDataRegsFile)

PUTBUFFER 
*          1    0003fc00    00000080     UNINITIALIZED
                  0003fc00    00000080     F2837xD_Ipc_Driver.obj (PUTBUFFER)

PUTWRITEIDX 
*          1    0003fc80    00000004     UNINITIALIZED
                  0003fc80    00000004     F2837xD_Ipc_Driver.obj (PUTWRITEIDX)

GETREADIDX 
*          1    0003fc84    00000004     UNINITIALIZED
                  0003fc84    00000004     F2837xD_Ipc_Driver.obj (GETREADIDX)

GETBUFFER 
*          0    0003f800    00000080     DSECT
                  0003f800    00000080     F2837xD_Ipc_Driver.obj (GETBUFFER)

GETWRITEIDX 
*          0    0003f880    00000004     DSECT
                  0003f880    00000004     F2837xD_Ipc_Driver.obj (GETWRITEIDX)

PUTREADIDX 
*          0    0003f884    00000004     DSECT
                  0003f884    00000004     F2837xD_Ipc_Driver.obj (PUTREADIDX)

PieVectTableFile 
*          1    00000d00    000001c0     UNINITIALIZED
                  00000d00    000001c0     F2837xD_GlobalVariableDefs.obj (PieVectTableFile)

EmuKeyVar 
*          1    00000d00    00000000     UNINITIALIZED

EmuBModeVar 
*          1    00000d00    00000000     UNINITIALIZED

EmuBootPinsVar 
*          1    00000d00    00000000     UNINITIALIZED

FlashCallbackVar 
*          1    00000d00    00000000     UNINITIALIZED

FlashScalingVar 
*          1    00000d00    00000000     UNINITIALIZED

Emif1RegsFile 
*          1    00047000    00000028     UNINITIALIZED
                  00047000    00000028     F2837xD_GlobalVariableDefs.obj (Emif1RegsFile)

Emif2RegsFile 
*          1    00047800    00000028     UNINITIALIZED
                  00047800    00000028     F2837xD_GlobalVariableDefs.obj (Emif2RegsFile)

CanaRegsFile 
*          1    00048000    00000164     UNINITIALIZED
                  00048000    00000164     F2837xD_GlobalVariableDefs.obj (CanaRegsFile)

CanbRegsFile 
*          1    0004a000    00000164     UNINITIALIZED
                  0004a000    00000164     F2837xD_GlobalVariableDefs.obj (CanbRegsFile)

IpcRegsFile 
*          1    00050000    00000024     UNINITIALIZED
                  00050000    00000024     F2837xD_GlobalVariableDefs.obj (IpcRegsFile)

FlashPumpSemaphoreRegsFile 
*          1    00050024    00000002     UNINITIALIZED
                  00050024    00000002     F2837xD_GlobalVariableDefs.obj (FlashPumpSemaphoreRegsFile)

DevCfgRegsFile 
*          1    0005d000    0000012e     UNINITIALIZED
                  0005d000    0000012e     F2837xD_GlobalVariableDefs.obj (DevCfgRegsFile)

AnalogSubsysRegsFile 
*          1    0005d180    0000003e     UNINITIALIZED
                  0005d180    0000003e     F2837xD_GlobalVariableDefs.obj (AnalogSubsysRegsFile)

ClkCfgRegsFile 
*          1    0005d200    00000032     UNINITIALIZED
                  0005d200    00000032     F2837xD_GlobalVariableDefs.obj (ClkCfgRegsFile)

CpuSysRegsFile 
*          1    0005d300    00000082     UNINITIALIZED
                  0005d300    00000082     F2837xD_GlobalVariableDefs.obj (CpuSysRegsFile)

DcsmZ1RegsFile 
*          1    0005f000    00000022     UNINITIALIZED
                  0005f000    00000022     F2837xD_GlobalVariableDefs.obj (DcsmZ1RegsFile)

DcsmZ2RegsFile 
*          1    0005f040    00000022     UNINITIALIZED
                  0005f040    00000022     F2837xD_GlobalVariableDefs.obj (DcsmZ2RegsFile)

DcsmCommonRegsFile 
*          1    0005f070    00000006     UNINITIALIZED
                  0005f070    00000006     F2837xD_GlobalVariableDefs.obj (DcsmCommonRegsFile)

MemCfgRegsFile 
*          1    0005f400    00000076     UNINITIALIZED
                  0005f400    00000076     F2837xD_GlobalVariableDefs.obj (MemCfgRegsFile)

Emif1ConfigRegsFile 
*          1    0005f480    0000000a     UNINITIALIZED
                  0005f480    0000000a     F2837xD_GlobalVariableDefs.obj (Emif1ConfigRegsFile)

Emif2ConfigRegsFile 
*          1    0005f4a0    0000000a     UNINITIALIZED
                  0005f4a0    0000000a     F2837xD_GlobalVariableDefs.obj (Emif2ConfigRegsFile)

AccessProtectionRegsFile 
*          1    0005f4c0    0000002e     UNINITIALIZED
                  0005f4c0    0000002e     F2837xD_GlobalVariableDefs.obj (AccessProtectionRegsFile)

MemoryErrorRegsFile 
*          1    0005f500    0000003a     UNINITIALIZED
                  0005f500    0000003a     F2837xD_GlobalVariableDefs.obj (MemoryErrorRegsFile)

Flash0CtrlRegsFile 
*          1    0005f800    00000182     UNINITIALIZED
                  0005f800    00000182     F2837xD_GlobalVariableDefs.obj (Flash0CtrlRegsFile)

Flash0EccRegsFile 
*          1    0005fb00    00000028     UNINITIALIZED
                  0005fb00    00000028     F2837xD_GlobalVariableDefs.obj (Flash0EccRegsFile)

RomPrefetchRegsFile 
*          1    0005e608    00000002     UNINITIALIZED
                  0005e608    00000002     F2837xD_GlobalVariableDefs.obj (RomPrefetchRegsFile)

RomWaitStateRegsFile 
*          1    0005f540    00000002     UNINITIALIZED
                  0005f540    00000002     F2837xD_GlobalVariableDefs.obj (RomWaitStateRegsFile)

.text.1    0    000823ec    00001c14     
                  000823ec    000007a1     main.obj (.text:retain)
                  00082b8d    00000585     F2837xD_DefaultISR.obj (.text:retain)
                  00083112    000004b4     F2837xD_SysCtrl.obj (.text)
                  000835c6    0000047c     main.obj (.text)
                  00083a42    000003d2     bsp_I2C.obj (.text)
                  00083e14    000001c7     bsp_epwm.obj (.text)
                  00083fdb    00000024     rts2800_fpu32.lib : cpy_tbl.c.obj (.text)
                  00083fff    00000001                       : startup.c.obj (.text)

.text.2    0    00084000    00000a98     
                  00084000    00000244     F2837xD_Gpio.obj (.text)
                  00084244    0000012a     bsp_pid_ctrl.obj (.text)
                  0008436e    00000127     bsp_adc.obj (.text)
                  00084495    000000fd     F2837xD_EPwm.obj (.text)
                  00084592    000000f0     F2837xD_Adc.obj (.text)
                  00084682    00000088     rts2800_fpu32.lib : fs_div28.asm.obj (.text)
                  0008470a    0000007c     F2837xD_CpuTimers.obj (.text)
                  00084786    00000066     rts2800_fpu32.lib : s_sinf.c.obj (.text)
                  000847ec    00000063                       : s_cosf.c.obj (.text)
                  0008484f    00000059     Solar_Lib_Float.lib : ABC_DQ0_POS_F.obj (.text)
                  000848a8    00000057                         : DQ0_ABC_F.obj (.text)
                  000848ff    00000056     rts2800_fpu32.lib : boot28.asm.obj (.text)
                  00084955    00000052     bsp_led.obj (.text)
                  000849a7    00000029     rts2800_fpu32.lib : exit.c.obj (.text)
                  000849d0    00000028     F2837xD_PieCtrl.obj (.text)
                  000849f8    00000026     F2837xD_PieVect.obj (.text)
                  00084a1e    0000001d     bsp_relay.obj (.text)
                  00084a3b    0000001d     rts2800_fpu32.lib : memcpy.c.obj (.text)
                  00084a58    00000018                       : ll_aox28.asm.obj (.text)
                  00084a70    00000012                       : args_main.c.obj (.text)
                  00084a82    00000009                       : _lock.c.obj (.text)
                  00084a8b    00000008     F2837xD_CodeStartBranch.obj (.text)
                  00084a93    00000003     F2837xD_DBGIER.obj (.text)
                  00084a96    00000002     rts2800_fpu32.lib : pre_init.c.obj (.text)

.ebss      1    0000a800    00000339     UNINITIALIZED
                  0000a800    000001e4     main.obj (.ebss)
                  0000a9e4    0000001a     F2837xD_struct.obj (.ebss:_EPWM)
                  0000a9fe    00000002     bsp_I2C.obj (.ebss:_CB_ACTIVE_CELLSA_Addr)
                  0000aa00    00000094     bsp_I2C.obj (.ebss)
                  0000aa94    0000001e     F2837xD_struct.obj (.ebss:_TRIP_SEL)
                  0000aab2    0000000e     F2837xD_struct.obj (.ebss:_ECAP)
                  0000aac0    00000018     F2837xD_CpuTimers.obj (.ebss)
                  0000aad8    00000012     bsp_adc.obj (.ebss)
                  0000aaea    0000000a     F2837xD_struct.obj (.ebss:_ADC)
                  0000aaf4    0000000a     bsp_epwm.obj (.ebss)
                  0000aafe    00000002     rts2800_fpu32.lib : _lock.c.obj (.ebss:__lock)
                  0000ab00    00000008     F2837xD_struct.obj (.ebss:_EQEP)
                  0000ab08    00000008     F2837xD_struct.obj (.ebss:_SPI)
                  0000ab10    00000006     F2837xD_TempSensorConv.obj (.ebss)
                  0000ab16    00000006     F2837xD_struct.obj (.ebss:_SDFM)
                  0000ab1c    00000006     device.obj (.ebss)
                  0000ab22    00000006     rts2800_fpu32.lib : exit.c.obj (.ebss)
                  0000ab28    00000004     F2837xD_struct.obj (.ebss:_I2C)
                  0000ab2c    00000004     F2837xD_struct.obj (.ebss:_MCBSP)
                  0000ab30    00000004     F2837xD_struct.obj (.ebss:_SCI)
                  0000ab34    00000002     rts2800_fpu32.lib : _lock.c.obj (.ebss:__unlock)
                  0000ab36    00000002     bsp_led.obj (.ebss)
                  0000ab38    00000001     F2837xD_sci_io.obj (.ebss)

MODULE SUMMARY

       Module                           code    initialized data   uninitialized data
       ------                           ----    ----------------   ------------------
    .\
       main.obj                         3101    395                484               
    +--+--------------------------------+-------+------------------+--------------------+
       Total:                           3101    395                484               
                                                                                     
    .\BSP\ADC\
       bsp_adc.obj                      295     0                  18                
    +--+--------------------------------+-------+------------------+--------------------+
       Total:                           295     0                  18                
                                                                                     
    .\BSP\EPWM\
       bsp_epwm.obj                     455     40                 10                
    +--+--------------------------------+-------+------------------+--------------------+
       Total:                           455     40                 10                
                                                                                     
    .\BSP\I2C\
       bsp_I2C.obj                      978     379                150               
    +--+--------------------------------+-------+------------------+--------------------+
       Total:                           978     379                150               
                                                                                     
    .\BSP\LED\
       bsp_led.obj                      82      0                  2                 
    +--+--------------------------------+-------+------------------+--------------------+
       Total:                           82      0                  2                 
                                                                                     
    .\BSP\PID\
       bsp_pid_ctrl.obj                 298     0                  0                 
    +--+--------------------------------+-------+------------------+--------------------+
       Total:                           298     0                  0                 
                                                                                     
    .\BSP\RELAY\
       bsp_relay.obj                    29      0                  0                 
    +--+--------------------------------+-------+------------------+--------------------+
       Total:                           29      0                  0                 
                                                                                     
    .\common\source\
       F2837xD_DefaultISR.obj           1413    0                  0                 
       F2837xD_SysCtrl.obj              1314    0                  0                 
       F2837xD_Gpio.obj                 580     0                  0                 
       F2837xD_PieVect.obj              38      448                0                 
       F2837xD_struct.obj               0       144                114               
       F2837xD_EPwm.obj                 253     0                  0                 
       F2837xD_Adc.obj                  240     0                  0                 
       F2837xD_CpuTimers.obj            124     0                  24                
       F2837xD_Ipc_Driver.obj           0       0                  136               
       F2837xD_PieCtrl.obj              40      0                  0                 
       device.obj                       0       15                 6                 
       F2837xD_CodeStartBranch.obj      10      0                  0                 
       F2837xD_usDelay.obj              8       0                  0                 
       F2837xD_TempSensorConv.obj       0       0                  6                 
       F2837xD_sci_io.obj               0       4                  1                 
       F2837xD_DBGIER.obj               3       0                  0                 
    +--+--------------------------------+-------+------------------+--------------------+
       Total:                           4023    611                287               
                                                                                     
    .\driverlib\
       sysctl.obj                       8       0                  0                 
    +--+--------------------------------+-------+------------------+--------------------+
       Total:                           8       0                  0                 
                                                                                     
    .\headers\source\
       F2837xD_GlobalVariableDefs.obj   0       0                  9854              
    +--+--------------------------------+-------+------------------+--------------------+
       Total:                           0       0                  9854              
                                                                                     
    D:/controlSUITE/libs/app_libs/solar/v1.2/float/lib/Solar_Lib_Float.lib
       ABC_DQ0_POS_F.obj                89      0                  0                 
       DQ0_ABC_F.obj                    87      0                  0                 
    +--+--------------------------------+-------+------------------+--------------------+
       Total:                           176     0                  0                 
                                                                                     
    D:\CCS12.3\ccs\tools\compiler\ti-cgt-c2000_22.6.0.LTS\lib\rts2800_fpu32.lib
       fs_div28.asm.obj                 136     0                  0                 
       s_sinf.c.obj                     102     0                  0                 
       s_cosf.c.obj                     99      0                  0                 
       boot28.asm.obj                   86      0                  0                 
       exit.c.obj                       41      14                 6                 
       cpy_tbl.c.obj                    36      0                  0                 
       memcpy.c.obj                     29      0                  0                 
       ll_aox28.asm.obj                 24      0                  0                 
       _lock.c.obj                      9       10                 4                 
       args_main.c.obj                  18      0                  0                 
       pre_init.c.obj                   2       0                  0                 
       startup.c.obj                    1       0                  0                 
    +--+--------------------------------+-------+------------------+--------------------+
       Total:                           583     24                 10                
                                                                                     
       Stack:                           0       0                  512               
    +--+--------------------------------+-------+------------------+--------------------+
       Grand Total:                     10028   1449               11327             


GLOBAL DATA SYMBOLS: SORTED BY DATA PAGE

address     data page           name
--------    ----------------    ----
00000400      10 (00000400)     __stack

00000b00      2c (00000b00)     _AdcaResultRegs
00000b20      2c (00000b00)     _AdcbResultRegs

00000b40      2d (00000b40)     _AdccResultRegs
00000b60      2d (00000b40)     _AdcdResultRegs

00000c00      30 (00000c00)     _CpuTimer0Regs
00000c08      30 (00000c00)     _CpuTimer1Regs
00000c10      30 (00000c00)     _CpuTimer2Regs

00000ce0      33 (00000cc0)     _PieCtrlRegs

00000d00      34 (00000d00)     _PieVectTable

00001000      40 (00001000)     _DmaRegs

00001400      50 (00001400)     _Cla1Regs

00003000      c0 (00003000)     _Clb1LogicCfgRegs

00003100      c4 (00003100)     _Clb1LogicCtrlRegs

00003200      c8 (00003200)     _Clb1DataExchRegs

00003400      d0 (00003400)     _Clb2LogicCfgRegs

00003500      d4 (00003500)     _Clb2LogicCtrlRegs

00003600      d8 (00003600)     _Clb2DataExchRegs

00003800      e0 (00003800)     _Clb3LogicCfgRegs

00003900      e4 (00003900)     _Clb3LogicCtrlRegs

00003a00      e8 (00003a00)     _Clb3DataExchRegs

00003c00      f0 (00003c00)     _Clb4LogicCfgRegs

00003d00      f4 (00003d00)     _Clb4LogicCtrlRegs

00003e00      f8 (00003e00)     _Clb4DataExchRegs

00004000     100 (00004000)     _EPwm1Regs

00004100     104 (00004100)     _EPwm2Regs

00004200     108 (00004200)     _EPwm3Regs

00004300     10c (00004300)     _EPwm4Regs

00004400     110 (00004400)     _EPwm5Regs

00004500     114 (00004500)     _EPwm6Regs

00004600     118 (00004600)     _EPwm7Regs

00004700     11c (00004700)     _EPwm8Regs

00004800     120 (00004800)     _EPwm9Regs

00004900     124 (00004900)     _EPwm10Regs

00004a00     128 (00004a00)     _EPwm11Regs

00004b00     12c (00004b00)     _EPwm12Regs

00005000     140 (00005000)     _ECap1Regs
00005020     140 (00005000)     _ECap2Regs

00005040     141 (00005040)     _ECap3Regs
00005060     141 (00005040)     _ECap4Regs

00005080     142 (00005080)     _ECap5Regs
000050a0     142 (00005080)     _ECap6Regs

00005100     144 (00005100)     _EQep1Regs

00005140     145 (00005140)     _EQep2Regs

00005180     146 (00005180)     _EQep3Regs

00005c00     170 (00005c00)     _DacaRegs
00005c10     170 (00005c00)     _DacbRegs
00005c20     170 (00005c00)     _DaccRegs

00005c80     172 (00005c80)     _Cmpss1Regs
00005ca0     172 (00005c80)     _Cmpss2Regs

00005cc0     173 (00005cc0)     _Cmpss3Regs
00005ce0     173 (00005cc0)     _Cmpss4Regs

00005d00     174 (00005d00)     _Cmpss5Regs
00005d20     174 (00005d00)     _Cmpss6Regs

00005d40     175 (00005d40)     _Cmpss7Regs
00005d60     175 (00005d40)     _Cmpss8Regs

00005e00     178 (00005e00)     _Sdfm1Regs

00005e80     17a (00005e80)     _Sdfm2Regs

00006000     180 (00006000)     _McbspaRegs

00006040     181 (00006040)     _McbspbRegs

00006100     184 (00006100)     _SpiaRegs
00006110     184 (00006100)     _SpibRegs
00006120     184 (00006100)     _SpicRegs

00006200     188 (00006200)     _UppRegs

00007000     1c0 (00007000)     _WdRegs

00007060     1c1 (00007040)     _NmiIntruptRegs
00007070     1c1 (00007040)     _XintRegs

00007200     1c8 (00007200)     _SciaRegs
00007210     1c8 (00007200)     _ScibRegs
00007220     1c8 (00007200)     _ScicRegs
00007230     1c8 (00007200)     _ScidRegs

00007300     1cc (00007300)     _I2caRegs

00007340     1cd (00007340)     _I2cbRegs

00007400     1d0 (00007400)     _AdcaRegs

00007480     1d2 (00007480)     _AdcbRegs

00007500     1d4 (00007500)     _AdccRegs

00007580     1d6 (00007580)     _AdcdRegs

00007900     1e4 (00007900)     _InputXbarRegs
00007920     1e4 (00007900)     _XbarRegs

00007940     1e5 (00007940)     _SyncSocRegs

00007980     1e6 (00007980)     _DmaClaSrcSelRegs

00007a00     1e8 (00007a00)     _EPwmXbarRegs

00007a40     1e9 (00007a40)     _ClbXbarRegs

00007a80     1ea (00007a80)     _OutputXbarRegs

00007c00     1f0 (00007c00)     _GpioCtrlRegs

00007f00     1fc (00007f00)     _GpioDataRegs

0000a800     2a0 (0000a800)     _APhase_Current
0000a801     2a0 (0000a800)     _BPhase_Current
0000a802     2a0 (0000a800)     _CPhase_Current
0000a803     2a0 (0000a800)     _flag
0000a804     2a0 (0000a800)     _flag2
0000a805     2a0 (0000a800)     _Bus_Voltage_AD
0000a806     2a0 (0000a800)     _Bus_Current_AD
0000a807     2a0 (0000a800)     _Supercapacitor_Voltage_AD
0000a808     2a0 (0000a800)     _Turn_on_off
0000a809     2a0 (0000a800)     _state_flag
0000a80a     2a0 (0000a800)     _zhuanziDw_flag
0000a80b     2a0 (0000a800)     _RELAY2_flag
0000a80c     2a0 (0000a800)     _RELAY1_flag
0000a80d     2a0 (0000a800)     _RELAY2_flag_last
0000a80e     2a0 (0000a800)     _RELAY1_flag_last
0000a80f     2a0 (0000a800)     _PEM_ENABLE
0000a810     2a0 (0000a800)     _count_flag
0000a811     2a0 (0000a800)     _motorspeed_rpm
0000a812     2a0 (0000a800)     _motorspeed_rpm_last
0000a813     2a0 (0000a800)     _motorspeed_sum
0000a814     2a0 (0000a800)     _F_flag
0000a815     2a0 (0000a800)     _TZ_flag
0000a816     2a0 (0000a800)     _TZ
0000a817     2a0 (0000a800)     _COM_flag
0000a818     2a0 (0000a800)     _COM_Allow
0000a819     2a0 (0000a800)     _I2C_ERROR_FLAG
0000a81a     2a0 (0000a800)     _zl_flag
0000a81b     2a0 (0000a800)     _gd_f
0000a81c     2a0 (0000a800)     _gd_count
0000a81e     2a0 (0000a800)     _K_norm
0000a820     2a0 (0000a800)     _Ua_Voltage
0000a822     2a0 (0000a800)     _Ub_Voltage
0000a824     2a0 (0000a800)     _Uc_Voltage
0000a826     2a0 (0000a800)     _Ud_Voltage
0000a828     2a0 (0000a800)     _Uq_Voltage
0000a82a     2a0 (0000a800)     _Ia_Current
0000a82c     2a0 (0000a800)     _Ib_Current
0000a82e     2a0 (0000a800)     _Ic_Current
0000a830     2a0 (0000a800)     _Id_Current
0000a832     2a0 (0000a800)     _Iq_Current
0000a834     2a0 (0000a800)     _Ia_Current_norm
0000a836     2a0 (0000a800)     _Ib_Current_norm
0000a838     2a0 (0000a800)     _Ic_Current_norm
0000a83e     2a0 (0000a800)     _Supercapacitor_Voltage

0000a840     2a1 (0000a840)     _M
0000a842     2a1 (0000a840)     _Sin_the
0000a844     2a1 (0000a840)     _Cos_the
0000a846     2a1 (0000a840)     _Id_pid_kp
0000a848     2a1 (0000a840)     _Iq_pid_kp
0000a84a     2a1 (0000a840)     _Id_pid_ki
0000a84c     2a1 (0000a840)     _Iq_pid_ki
0000a84e     2a1 (0000a840)     _current_out_limit
0000a850     2a1 (0000a840)     _speed_pid_kp
0000a852     2a1 (0000a840)     _speed_pid_ki
0000a854     2a1 (0000a840)     _speed_out_limit
0000a856     2a1 (0000a840)     _currentDC_pid_kp
0000a858     2a1 (0000a840)     _currentDC_pid_ki
0000a85a     2a1 (0000a840)     _currentDC_out_limit
0000a85c     2a1 (0000a840)     _currentDC_ref
0000a85e     2a1 (0000a840)     _currentDC_ref_ctr
0000a860     2a1 (0000a840)     _speed_ref
0000a862     2a1 (0000a840)     _speed_ref_ctr
0000a864     2a1 (0000a840)     _speed_normK
0000a866     2a1 (0000a840)     _Ld
0000a868     2a1 (0000a840)     _Lq
0000a86a     2a1 (0000a840)     _Rs
0000a86c     2a1 (0000a840)     _Pn
0000a86e     2a1 (0000a840)     _flux
0000a870     2a1 (0000a840)     _Kt
0000a872     2a1 (0000a840)     _Te
0000a874     2a1 (0000a840)     _w1_d
0000a876     2a1 (0000a840)     _w1_q
0000a878     2a1 (0000a840)     _Id_out
0000a87a     2a1 (0000a840)     _Iq_out
0000a87c     2a1 (0000a840)     _Id_out_norm
0000a87e     2a1 (0000a840)     _Iq_out_norm

0000a880     2a2 (0000a880)     _Varef
0000a882     2a2 (0000a880)     _Vbref
0000a884     2a2 (0000a880)     _Vcref
0000a886     2a2 (0000a880)     _led_count
0000a888     2a2 (0000a880)     _led_T
0000a88a     2a2 (0000a880)     _SPEED_cal_K
0000a88c     2a2 (0000a880)     _abc_dq0_pos1_speed
0000a8a0     2a2 (0000a880)     _abc_dq0_pos1_cur

0000a8c0     2a3 (0000a8c0)     _dq0_abc1_cur
0000a8d4     2a3 (0000a8c0)     _motor

0000a900     2a4 (0000a900)     _current_pid_d

0000a940     2a5 (0000a940)     _current_pid_q

0000a980     2a6 (0000a980)     _speed_pid

0000a9c0     2a7 (0000a9c0)     _currentDC_pid
0000a9e4     2a7 (0000a9c0)     _EPWM
0000a9fe     2a7 (0000a9c0)     _CB_ACTIVE_CELLSA_Addr

0000aa00     2a8 (0000aa00)     _Ram_SetFlag
0000aa01     2a8 (0000aa00)     _Alarm_Set
0000aa02     2a8 (0000aa00)     _FET_Status
0000aa03     2a8 (0000aa00)     _Pump_Control
0000aa04     2a8 (0000aa00)     _Safety_Alert_A
0000aa05     2a8 (0000aa00)     _Safety_Status_A
0000aa06     2a8 (0000aa00)     _Safety_Alert_B
0000aa07     2a8 (0000aa00)     _Safety_Status_B
0000aa08     2a8 (0000aa00)     _Safety_Alert_C
0000aa09     2a8 (0000aa00)     _Safety_Status_C
0000aa0a     2a8 (0000aa00)     _PF_Alert_A
0000aa0b     2a8 (0000aa00)     _PF_Status_A
0000aa0c     2a8 (0000aa00)     _PF_Alert_B
0000aa0d     2a8 (0000aa00)     _PF_Status_B
0000aa0e     2a8 (0000aa00)     _PF_Alert_C
0000aa0f     2a8 (0000aa00)     _PF_Status_C
0000aa10     2a8 (0000aa00)     _PF_Alert_D
0000aa11     2a8 (0000aa00)     _PF_Status_D
0000aa12     2a8 (0000aa00)     _Cell1_Voltage_mv
0000aa13     2a8 (0000aa00)     _Cell2_Voltage_mv
0000aa14     2a8 (0000aa00)     _Cell3_Voltage_mv
0000aa15     2a8 (0000aa00)     _Cell4_Voltage_mv
0000aa16     2a8 (0000aa00)     _Cell5_Voltage_mv
0000aa17     2a8 (0000aa00)     _Cell6_Voltage_mv
0000aa18     2a8 (0000aa00)     _Cell7_Voltage_mv
0000aa19     2a8 (0000aa00)     _Cell8_Voltage_mv
0000aa1a     2a8 (0000aa00)     _Cell9_Voltage_mv
0000aa1b     2a8 (0000aa00)     _Cell10_Voltage_mv
0000aa1c     2a8 (0000aa00)     _Stack_Voltage_mv
0000aa1d     2a8 (0000aa00)     _PACK_Pin_Voltage_mv
0000aa1e     2a8 (0000aa00)     _CC2_Current_mA
0000aa1f     2a8 (0000aa00)     _CC2_Current_mA_Real
0000aa20     2a8 (0000aa00)     _Int_Temperature_Value
0000aa21     2a8 (0000aa00)     _TS1_Temperature_Value
0000aa22     2a8 (0000aa00)     _TS2_Temperature_Value
0000aa23     2a8 (0000aa00)     _TS3_Temperature_Value
0000aa24     2a8 (0000aa00)     _CB_ACTIVE_CELLS
0000aa25     2a8 (0000aa00)     _Battery_Status
0000aa26     2a8 (0000aa00)     _I2C_MODE_Val
0000aa27     2a8 (0000aa00)     _Vcell_Num
0000aa28     2a8 (0000aa00)     _COV_Threshold_mv
0000aa29     2a8 (0000aa00)     _CUV_Threshold_mv
0000aa2a     2a8 (0000aa00)     _SCD_Threshold_A
0000aa2b     2a8 (0000aa00)     _OCC_Threshold_A
0000aa2c     2a8 (0000aa00)     _OCD1_Threshold_A
0000aa2d     2a8 (0000aa00)     _OCD2_Threshold_A
0000aa2e     2a8 (0000aa00)     _FET_ControlMODE
0000aa2f     2a8 (0000aa00)     _FET_Options
0000aa30     2a8 (0000aa00)     _Protections_A
0000aa31     2a8 (0000aa00)     _Manufacturing_Status_Value
0000aa32     2a8 (0000aa00)     _OTP_WR_CHECK_Value
0000aa33     2a8 (0000aa00)     _OTP_WRITE_Value
0000aa34     2a8 (0000aa00)     _Safety_Alert_A_Addr
0000aa35     2a8 (0000aa00)     _Safety_Status_A_Addr
0000aa36     2a8 (0000aa00)     _Safety_Alert_B_Addr
0000aa37     2a8 (0000aa00)     _Safety_Status_B_Addr
0000aa38     2a8 (0000aa00)     _Safety_Alert_C_Addr
0000aa39     2a8 (0000aa00)     _Safety_Status_C_Addr
0000aa3a     2a8 (0000aa00)     _Cell1_Voltage_Addr
0000aa3b     2a8 (0000aa00)     _Cell2_Voltage_Addr
0000aa3c     2a8 (0000aa00)     _Cell3_Voltage_Addr
0000aa3d     2a8 (0000aa00)     _Cell4_Voltage_Addr
0000aa3e     2a8 (0000aa00)     _Cell5_Voltage_Addr
0000aa3f     2a8 (0000aa00)     _Cell6_Voltage_Addr

0000aa40     2a9 (0000aa40)     _Cell7_Voltage_Addr
0000aa41     2a9 (0000aa40)     _Cell8_Voltage_Addr
0000aa42     2a9 (0000aa40)     _Cell9_Voltage_Addr
0000aa43     2a9 (0000aa40)     _Cell10_Voltage_Addr
0000aa44     2a9 (0000aa40)     _Stack_Voltage_Addr
0000aa45     2a9 (0000aa40)     _PACK_Pin_Voltage_Addr
0000aa46     2a9 (0000aa40)     _CC2_Current_Addr
0000aa47     2a9 (0000aa40)     _Int_Temperature_Addr
0000aa48     2a9 (0000aa40)     _TS1_Temperature_Addr
0000aa49     2a9 (0000aa40)     _TS2_Temperature_Addr
0000aa4a     2a9 (0000aa40)     _TS3_Temperature_Addr
0000aa4b     2a9 (0000aa40)     _Battery_Status_Addr
0000aa4c     2a9 (0000aa40)     _FET_Status_Addr
0000aa4d     2a9 (0000aa40)     _PF_Alert_A_Addr
0000aa4e     2a9 (0000aa40)     _PF_Status_A_Addr
0000aa4f     2a9 (0000aa40)     _PF_Alert_B_Addr
0000aa50     2a9 (0000aa40)     _PF_Status_B_Addr
0000aa51     2a9 (0000aa40)     _PF_Alert_C_Addr
0000aa52     2a9 (0000aa40)     _PF_Status_C_Addr
0000aa53     2a9 (0000aa40)     _PF_Alert_D_Addr
0000aa54     2a9 (0000aa40)     _PF_Status_D_Addr
0000aa55     2a9 (0000aa40)     _SendData_length
0000aa56     2a9 (0000aa40)     _SendReg_address
0000aa57     2a9 (0000aa40)     _ReadData_length
0000aa58     2a9 (0000aa40)     _ReadReg_address
0000aa5a     2a9 (0000aa40)     _CurrentMsgPtr
0000aa5c     2a9 (0000aa40)     _I2cMsgOut1

0000aa80     2aa (0000aa80)     _I2cMsgIn1
0000aa94     2aa (0000aa80)     _TRIP_SEL
0000aab2     2aa (0000aa80)     _ECAP

0000aac0     2ab (0000aac0)     _CpuTimer0
0000aac8     2ab (0000aac0)     _CpuTimer1
0000aad0     2ab (0000aac0)     _CpuTimer2
0000aad8     2ab (0000aac0)     _Vab_filte
0000aade     2ab (0000aac0)     _VBus_filte
0000aae4     2ab (0000aac0)     _temp_filte
0000aaea     2ab (0000aac0)     _ADC
0000aaf4     2ab (0000aac0)     _EPWM1_TBPRD
0000aaf5     2ab (0000aac0)     _EPWM1_CMPA
0000aaf6     2ab (0000aac0)     _EPWM1_CMPB
0000aaf7     2ab (0000aac0)     _EPWM2_TBPRD
0000aaf8     2ab (0000aac0)     _EPWM2_CMPA
0000aaf9     2ab (0000aac0)     _EPWM2_CMPB
0000aafa     2ab (0000aac0)     _EPWM3_TBPRD
0000aafb     2ab (0000aac0)     _EPWM3_CMPA
0000aafc     2ab (0000aac0)     _EPWM3_CMPB
0000aafd     2ab (0000aac0)     _DEADTIME
0000aafe     2ab (0000aac0)     __lock

0000ab00     2ac (0000ab00)     _EQEP
0000ab08     2ac (0000ab00)     _SPI
0000ab10     2ac (0000ab00)     _tempSensor_tempSlope
0000ab12     2ac (0000ab00)     _tempSensor_tempOffset
0000ab14     2ac (0000ab00)     _tempSensor_scaleFactor
0000ab16     2ac (0000ab00)     _SDFM
0000ab1c     2ac (0000ab00)     _Example_Result
0000ab1e     2ac (0000ab00)     _Example_PassCount
0000ab20     2ac (0000ab00)     _Example_Fail
0000ab22     2ac (0000ab00)     ___TI_enable_exit_profile_output
0000ab24     2ac (0000ab00)     ___TI_cleanup_ptr
0000ab26     2ac (0000ab00)     ___TI_dtors_ptr
0000ab28     2ac (0000ab00)     _I2C
0000ab2c     2ac (0000ab00)     _MCBSP
0000ab30     2ac (0000ab00)     _SCI
0000ab34     2ac (0000ab00)     __unlock
0000ab38     2ac (0000ab00)     _deviceOpen

0003f800     fe0 (0003f800)     _g_asIPCCPU2toCPU1Buffers

0003f880     fe2 (0003f880)     _g_usGetWriteIndexes
0003f884     fe2 (0003f880)     _g_usPutReadIndexes

0003fc00     ff0 (0003fc00)     _g_asIPCCPU1toCPU2Buffers

0003fc80     ff2 (0003fc80)     _g_usPutWriteIndexes
0003fc84     ff2 (0003fc80)     _g_usGetReadIndexes

00047000    11c0 (00047000)     _Emif1Regs

00047800    11e0 (00047800)     _Emif2Regs

00048000    1200 (00048000)     _CanaRegs

0004a000    1280 (0004a000)     _CanbRegs

00050000    1400 (00050000)     _IpcRegs
00050024    1400 (00050000)     _FlashPumpSemaphoreRegs

0005d000    1740 (0005d000)     _DevCfgRegs

0005d180    1746 (0005d180)     _AnalogSubsysRegs

0005d200    1748 (0005d200)     _ClkCfgRegs

0005d300    174c (0005d300)     _CpuSysRegs

0005e608    1798 (0005e600)     _RomPrefetchRegs

0005f000    17c0 (0005f000)     _DcsmZ1Regs

0005f040    17c1 (0005f040)     _DcsmZ2Regs
0005f070    17c1 (0005f040)     _DcsmCommonRegs

0005f400    17d0 (0005f400)     _MemCfgRegs

0005f480    17d2 (0005f480)     _Emif1ConfigRegs
0005f4a0    17d2 (0005f480)     _Emif2ConfigRegs

0005f4c0    17d3 (0005f4c0)     _AccessProtectionRegs

0005f500    17d4 (0005f500)     _MemoryErrorRegs

0005f540    17d5 (0005f540)     _RomWaitStateRegs

0005f800    17e0 (0005f800)     _Flash0CtrlRegs

0005fb00    17ec (0005fb00)     _Flash0EccRegs

00090000    2400 (00090000)     _PieVectTableInit


GLOBAL SYMBOLS: SORTED ALPHABETICALLY BY Name 

page  address   name                                  
----  -------   ----                                  
abs   ffffffff  .text                                 
0     000849a7  C$$EXIT                               
0     00084682  FS$$DIV                               
0     00084a58  LL$$AND                               
0     00084a60  LL$$OR                                
0     00084a68  LL$$XOR                               
0     00084865  _ABC_DQ0_POS_F_FUNC                   
0     0008484f  _ABC_DQ0_POS_F_init                   
1     0000aaea  _ADC                                  
0     00082c4b  _ADCA1_ISR                            
0     00082ecb  _ADCA2_ISR                            
0     00082ed5  _ADCA3_ISR                            
0     00082edf  _ADCA4_ISR                            
0     00082ec1  _ADCA_EVT_ISR                         
0     00082c55  _ADCB1_ISR                            
0     00082ef3  _ADCB2_ISR                            
0     00082efd  _ADCB3_ISR                            
0     00082f07  _ADCB4_ISR                            
0     00082ee9  _ADCB_EVT_ISR                         
0     00082c5f  _ADCC1_ISR                            
0     0008305b  _ADCC2_ISR                            
0     00083065  _ADCC3_ISR                            
0     0008306f  _ADCC4_ISR                            
0     00083051  _ADCC_EVT_ISR                         
0     00082c7d  _ADCD1_ISR                            
0     00083083  _ADCD2_ISR                            
0     0008308d  _ADCD3_ISR                            
0     00083097  _ADCD4_ISR                            
0     00083079  _ADCD_EVT_ISR                         
1     0000a800  _APhase_Current                       
0     000830d3  _AUX_PLL_SLIP_ISR                     
1     0005f4c0  _AccessProtectionRegs                 
0     00084592  _AdcSetMode                           
1     00007400  _AdcaRegs                             
1     00000b00  _AdcaResultRegs                       
1     00007480  _AdcbRegs                             
1     00000b20  _AdcbResultRegs                       
1     00007500  _AdccRegs                             
1     00000b40  _AdccResultRegs                       
1     00007580  _AdcdRegs                             
1     00000b60  _AdcdResultRegs                       
1     0000aa01  _Alarm_Set                            
1     0005d180  _AnalogSubsysRegs                     
0     00083555  _AuxAuxClkSel                         
0     0008353f  _AuxIntOsc2Sel                        
0     00083549  _AuxXtalOscSel                        
1     0000a801  _BPhase_Current                       
1     0000aa25  _Battery_Status                       
1     0000aa4b  _Battery_Status_Addr                  
1     0000a806  _Bus_Current_AD                       
1     0000a805  _Bus_Voltage_AD                       
0     00082e99  _CANA0_ISR                            
0     00082ea3  _CANA1_ISR                            
0     00082ead  _CANB0_ISR                            
0     00082eb7  _CANB1_ISR                            
1     0000aa24  _CB_ACTIVE_CELLS                      
1     0000a9fe  _CB_ACTIVE_CELLSA_Addr                
1     0000aa46  _CC2_Current_Addr                     
1     0000aa1e  _CC2_Current_mA                       
1     0000aa1f  _CC2_Current_mA_Real                  
0     00082f11  _CLA1_1_ISR                           
0     00082f1b  _CLA1_2_ISR                           
0     00082f25  _CLA1_3_ISR                           
0     00082f2f  _CLA1_4_ISR                           
0     00082f39  _CLA1_5_ISR                           
0     00082f43  _CLA1_6_ISR                           
0     00082f4d  _CLA1_7_ISR                           
0     00082f57  _CLA1_8_ISR                           
0     000830dd  _CLA_OVERFLOW_ISR                     
0     000830e7  _CLA_UNDERFLOW_ISR                    
1     0000a818  _COM_Allow                            
1     0000a817  _COM_flag                             
1     0000aa28  _COV_Threshold_mv                     
1     0000a802  _CPhase_Current                       
1     0000aa29  _CUV_Threshold_mv                     
0     00084648  _CalAdcINL                            
1     00048000  _CanaRegs                             
1     0004a000  _CanbRegs                             
1     0000aa43  _Cell10_Voltage_Addr                  
1     0000aa1b  _Cell10_Voltage_mv                    
1     0000aa3a  _Cell1_Voltage_Addr                   
1     0000aa12  _Cell1_Voltage_mv                     
1     0000aa3b  _Cell2_Voltage_Addr                   
1     0000aa13  _Cell2_Voltage_mv                     
1     0000aa3c  _Cell3_Voltage_Addr                   
1     0000aa14  _Cell3_Voltage_mv                     
1     0000aa3d  _Cell4_Voltage_Addr                   
1     0000aa15  _Cell4_Voltage_mv                     
1     0000aa3e  _Cell5_Voltage_Addr                   
1     0000aa16  _Cell5_Voltage_mv                     
1     0000aa3f  _Cell6_Voltage_Addr                   
1     0000aa17  _Cell6_Voltage_mv                     
1     0000aa40  _Cell7_Voltage_Addr                   
1     0000aa18  _Cell7_Voltage_mv                     
1     0000aa41  _Cell8_Voltage_Addr                   
1     0000aa19  _Cell8_Voltage_mv                     
1     0000aa42  _Cell9_Voltage_Addr                   
1     0000aa1a  _Cell9_Voltage_mv                     
1     00001400  _Cla1Regs                             
1     00003200  _Clb1DataExchRegs                     
1     00003000  _Clb1LogicCfgRegs                     
1     00003100  _Clb1LogicCtrlRegs                    
1     00003600  _Clb2DataExchRegs                     
1     00003400  _Clb2LogicCfgRegs                     
1     00003500  _Clb2LogicCtrlRegs                    
1     00003a00  _Clb3DataExchRegs                     
1     00003800  _Clb3LogicCfgRegs                     
1     00003900  _Clb3LogicCtrlRegs                    
1     00003e00  _Clb4DataExchRegs                     
1     00003c00  _Clb4LogicCfgRegs                     
1     00003d00  _Clb4LogicCtrlRegs                    
1     00007a40  _ClbXbarRegs                          
1     0005d200  _ClkCfgRegs                           
1     00005c80  _Cmpss1Regs                           
1     00005ca0  _Cmpss2Regs                           
1     00005cc0  _Cmpss3Regs                           
1     00005ce0  _Cmpss4Regs                           
1     00005d00  _Cmpss5Regs                           
1     00005d20  _Cmpss6Regs                           
1     00005d40  _Cmpss7Regs                           
1     00005d60  _Cmpss8Regs                           
0     0008474b  _ConfigCpuTimer                       
0     000835a9  _ConfigureTMXAnalogTrim               
1     0000a844  _Cos_the                              
1     0005d300  _CpuSysRegs                           
1     0000aac0  _CpuTimer0                            
1     00000c00  _CpuTimer0Regs                        
1     0000aac8  _CpuTimer1                            
1     00000c08  _CpuTimer1Regs                        
1     0000aad0  _CpuTimer2                            
1     00000c10  _CpuTimer2Regs                        
0     000834ea  _CsmUnlock                            
1     0000aa5a  _CurrentMsgPtr                        
0     00082ba1  _DATALOG_ISR                          
1     0000aafd  _DEADTIME                             
0     00082de5  _DMA_CH1_ISR                          
0     00082def  _DMA_CH2_ISR                          
0     00082df9  _DMA_CH3_ISR                          
0     00082e03  _DMA_CH4_ISR                          
0     00082e0d  _DMA_CH5_ISR                          
0     00082e17  _DMA_CH6_ISR                          
0     000848be  _DQ0_ABC_F_FUNC                       
0     000848a8  _DQ0_ABC_F_init                       
1     00005c00  _DacaRegs                             
1     00005c10  _DacbRegs                             
1     00005c20  _DaccRegs                             
0     00083ac5  _DataMemory_Com_Write                 
1     0005f070  _DcsmCommonRegs                       
1     0005f000  _DcsmZ1Regs                           
1     0005f040  _DcsmZ2Regs                           
1     0005d000  _DevCfgRegs                           
0     000831fe  _DisableDog                           
0     000831bf  _DisablePeripheralClocks              
1     00007980  _DmaClaSrcSelRegs                     
1     00001000  _DmaRegs                              
1     0000aab2  _ECAP                                 
0     00082d3b  _ECAP1_ISR                            
0     00082d45  _ECAP2_ISR                            
0     00082d4f  _ECAP3_ISR                            
0     00082d59  _ECAP4_ISR                            
0     00082d63  _ECAP5_ISR                            
0     00082d6d  _ECAP6_ISR                            
1     00005000  _ECap1Regs                            
1     00005020  _ECap2Regs                            
1     00005040  _ECap3Regs                            
1     00005060  _ECap4Regs                            
1     00005080  _ECap5Regs                            
1     000050a0  _ECap6Regs                            
0     000830a1  _EMIF_ERROR_ISR                       
0     000830fb  _EMPTY_ISR                            
0     00082bb5  _EMU_ISR                              
1     0000a9e4  _EPWM                                 
0     00082ff7  _EPWM10_ISR                           
0     00082fcf  _EPWM10_TZ_ISR                        
0     00083001  _EPWM11_ISR                           
0     00082fd9  _EPWM11_TZ_ISR                        
0     0008300b  _EPWM12_ISR                           
0     00082fe3  _EPWM12_TZ_ISR                        
1     0000aaf5  _EPWM1_CMPA                           
1     0000aaf6  _EPWM1_CMPB                           
0     00082ceb  _EPWM1_ISR                            
1     0000aaf4  _EPWM1_TBPRD                          
0     00082c9b  _EPWM1_TZ_ISR                         
1     0000aaf8  _EPWM2_CMPA                           
1     0000aaf9  _EPWM2_CMPB                           
0     00082cf5  _EPWM2_ISR                            
1     0000aaf7  _EPWM2_TBPRD                          
0     00082ca5  _EPWM2_TZ_ISR                         
1     0000aafb  _EPWM3_CMPA                           
1     0000aafc  _EPWM3_CMPB                           
0     00082cff  _EPWM3_ISR                            
1     0000aafa  _EPWM3_TBPRD                          
0     00082caf  _EPWM3_TZ_ISR                         
0     00082d09  _EPWM4_ISR                            
0     00082cb9  _EPWM4_TZ_ISR                         
0     00082d13  _EPWM5_ISR                            
0     00082cc3  _EPWM5_TZ_ISR                         
0     00082d1d  _EPWM6_ISR                            
0     00082ccd  _EPWM6_TZ_ISR                         
0     00082d27  _EPWM7_ISR                            
0     00082cd7  _EPWM7_TZ_ISR                         
0     00082d31  _EPWM8_ISR                            
0     00082ce1  _EPWM8_TZ_ISR                         
0     00082fed  _EPWM9_ISR                            
0     00082fc5  _EPWM9_TZ_ISR                         
1     00004900  _EPwm10Regs                           
1     00004a00  _EPwm11Regs                           
1     00004b00  _EPwm12Regs                           
1     00004000  _EPwm1Regs                            
1     00004100  _EPwm2Regs                            
1     00004200  _EPwm3Regs                            
1     00004300  _EPwm4Regs                            
1     00004400  _EPwm5Regs                            
1     00004500  _EPwm6Regs                            
1     00004600  _EPwm7Regs                            
1     00004700  _EPwm8Regs                            
1     00004800  _EPwm9Regs                            
1     00007a00  _EPwmXbarRegs                         
1     0000ab00  _EQEP                                 
0     00082d77  _EQEP1_ISR                            
0     00082d81  _EQEP2_ISR                            
0     00082d8b  _EQEP3_ISR                            
1     00005100  _EQep1Regs                            
1     00005140  _EQep2Regs                            
1     00005180  _EQep3Regs                            
1     0005f480  _Emif1ConfigRegs                      
1     00047000  _Emif1Regs                            
1     0005f4a0  _Emif2ConfigRegs                      
1     00047800  _Emif2Regs                            
0     000849ef  _EnableInterrupts                     
1     0000ab20  _Example_Fail                         
1     0000ab1e  _Example_PassCount                    
1     0000ab1c  _Example_Result                       
0     00008037  _F28x_usDelay                         
1     0000aa2e  _FET_ControlMODE                      
1     0000aa2f  _FET_Options                          
1     0000aa02  _FET_Status                           
1     0000aa4c  _FET_Status_Addr                      
0     000830b5  _FLASH_CORRECTABLE_ERROR_ISR          
0     00082f89  _FPU_OVERFLOW_ISR                     
0     00082f93  _FPU_UNDERFLOW_ISR                    
1     0000a814  _F_flag                               
1     0005f800  _Flash0CtrlRegs                       
1     0005fb00  _Flash0EccRegs                        
0     00008029  _FlashOff                             
1     00050024  _FlashPumpSemaphoreRegs               
0     000841f9  _GPIO_EnableUnbondedIOPullups         
0     000841d4  _GPIO_EnableUnbondedIOPullupsFor100Pin
0     000841bb  _GPIO_EnableUnbondedIOPullupsFor176Pin
0     0008420f  _GPIO_ReadPin                         
0     00084160  _GPIO_SetupLock                       
0     00084040  _GPIO_SetupPinMux                     
0     000840cc  _GPIO_SetupPinOptions                 
0     00084189  _GPIO_SetupXINT1Gpio                  
0     00084193  _GPIO_SetupXINT2Gpio                  
0     0008419d  _GPIO_SetupXINT3Gpio                  
0     000841a7  _GPIO_SetupXINT4Gpio                  
0     000841b1  _GPIO_SetupXINT5Gpio                  
0     0008497c  _GPIO_TogglePin                       
0     00084226  _GPIO_WritePin                        
1     00007c00  _GpioCtrlRegs                         
1     00007f00  _GpioDataRegs                         
0     00083573  _HALT                                 
0     0008358c  _HIB                                  
1     0000ab28  _I2C                                  
0     00082e2b  _I2CA_FIFO_ISR                        
0     00082e21  _I2CA_ISR                             
0     00082e3f  _I2CB_FIFO_ISR                        
0     00083a42  _I2CB_GpioInit                        
0     00082e35  _I2CB_ISR                             
0     00083a4d  _I2CB_Init                            
0     00083bdf  _I2CB_ReadData                        
0     00083bae  _I2CB_WriteData                       
1     0000a819  _I2C_ERROR_FLAG                       
1     0000aa26  _I2C_MODE_Val                         
1     0000aa80  _I2cMsgIn1                            
1     0000aa5c  _I2cMsgOut1                           
1     00007300  _I2caRegs                             
1     00007340  _I2cbRegs                             
0     0008355f  _IDLE                                 
0     00082bc9  _ILLEGAL_ISR                          
0     00082a58  _INTERRUPT_ISR_TZProtect              
0     00082f9d  _IPC0_ISR                             
0     00082fa7  _IPC1_ISR                             
0     00082fb1  _IPC2_ISR                             
0     00082fbb  _IPC3_ISR                             
1     0000a82a  _Ia_Current                           
1     0000a834  _Ia_Current_norm                      
1     0000a82c  _Ib_Current                           
1     0000a836  _Ib_Current_norm                      
1     0000a82e  _Ic_Current                           
1     0000a838  _Ic_Current_norm                      
1     0000a830  _Id_Current                           
1     0000a878  _Id_out                               
1     0000a87c  _Id_out_norm                          
1     0000a84a  _Id_pid_ki                            
1     0000a846  _Id_pid_kp                            
0     000833fb  _InitAuxPll                           
0     0008470a  _InitCpuTimers                        
0     00084558  _InitEPwm10Gpio                       
0     0008456b  _InitEPwm11Gpio                       
0     0008457f  _InitEPwm12Gpio                       
0     00083e39  _InitEPwm1Example                     
0     000844ae  _InitEPwm1Gpio                        
0     00083ead  _InitEPwm2Example                     
0     000844c0  _InitEPwm2Gpio                        
0     00083f26  _InitEPwm3Example                     
0     000844d2  _InitEPwm3Gpio                        
0     000844e6  _InitEPwm4Gpio                        
0     000844fa  _InitEPwm5Gpio                        
0     0008450c  _InitEPwm6Gpio                        
0     0008451e  _InitEPwm7Gpio                        
0     00084532  _InitEPwm8Gpio                        
0     00084546  _InitEPwm9Gpio                        
0     00084495  _InitEPwmGpio                         
0     00008000  _InitFlash                            
0     00084000  _InitGpio                             
0     0008313b  _InitPeripheralClocks                 
0     000849d0  _InitPieCtrl                          
0     000849f8  _InitPieVectTable                     
0     00083112  _InitSysCtrl                          
0     0008320c  _InitSysPll                           
0     000839cc  _Init_EQEP1                           
0     000839a9  _Init_EQEP1_Gpio                      
0     0008398e  _Init_Variables                       
1     00007900  _InputXbarRegs                        
1     0000aa47  _Int_Temperature_Addr                 
1     0000aa20  _Int_Temperature_Value                
1     00050000  _IpcRegs                              
1     0000a832  _Iq_Current                           
1     0000a87a  _Iq_out                               
1     0000a87e  _Iq_out_norm                          
1     0000a84c  _Iq_pid_ki                            
1     0000a848  _Iq_pid_kp                            
1     0000a81e  _K_norm                               
1     0000a870  _Kt                                   
1     0000a866  _Ld                                   
1     0000a868  _Lq                                   
1     0000a840  _M                                    
1     0000ab2c  _MCBSP                                
0     00082dbd  _MCBSPA_RX_ISR                        
0     00082dc7  _MCBSPA_TX_ISR                        
0     00082dd1  _MCBSPB_RX_ISR                        
0     00082ddb  _MCBSPB_TX_ISR                        
1     0000aa31  _Manufacturing_Status_Value           
1     00006000  _McbspaRegs                           
1     00006040  _McbspbRegs                           
1     0005f400  _MemCfgRegs                           
1     0005f500  _MemoryErrorRegs                      
0     00082bbf  _NMI_ISR                              
0     00083108  _NOTUSED_ISR                          
1     00007060  _NmiIntruptRegs                       
1     0000aa2b  _OCC_Threshold_A                      
1     0000aa2c  _OCD1_Threshold_A                     
1     0000aa2d  _OCD2_Threshold_A                     
1     0000aa33  _OTP_WRITE_Value                      
1     0000aa32  _OTP_WR_CHECK_Value                   
1     00007a80  _OutputXbarRegs                       
[...]
0     000849f8  _InitPieVectTable                     
0     00084a1e  _bsp_relay_init                       
0     00084a3b  _memcpy                               
0     00084a58  LL$$AND                               
0     00084a60  LL$$OR                                
0     00084a68  LL$$XOR                               
0     00084a70  __args_main                           
0     00084a82  __register_unlock                     
0     00084a86  __register_lock                       
0     00084a8a  __nop                                 
0     00084a93  _SetDBGIER                            
0     00084a96  __system_pre_init                     
0     00086000  _RamfuncsLoadStart                    
0     0008603f  _RamfuncsLoadEnd                      
0     00090000  _PieVectTableInit                     
1     00000400  __stack                               
1     00000600  __STACK_END                           
1     00000b00  _AdcaResultRegs                       
1     00000b20  _AdcbResultRegs                       
1     00000b40  _AdccResultRegs                       
1     00000b60  _AdcdResultRegs                       
1     00000c00  _CpuTimer0Regs                        
1     00000c08  _CpuTimer1Regs                        
1     00000c10  _CpuTimer2Regs                        
1     00000ce0  _PieCtrlRegs                          
1     00000d00  _PieVectTable                         
1     00001000  _DmaRegs                              
1     00001400  _Cla1Regs                             
1     00003000  _Clb1LogicCfgRegs                     
1     00003100  _Clb1LogicCtrlRegs                    
1     00003200  _Clb1DataExchRegs                     
1     00003400  _Clb2LogicCfgRegs                     
1     00003500  _Clb2LogicCtrlRegs                    
1     00003600  _Clb2DataExchRegs                     
1     00003800  _Clb3LogicCfgRegs                     
1     00003900  _Clb3LogicCtrlRegs                    
1     00003a00  _Clb3DataExchRegs                     
1     00003c00  _Clb4LogicCfgRegs                     
1     00003d00  _Clb4LogicCtrlRegs                    
1     00003e00  _Clb4DataExchRegs                     
1     00004000  _EPwm1Regs                            
1     00004100  _EPwm2Regs                            
1     00004200  _EPwm3Regs                            
1     00004300  _EPwm4Regs                            
1     00004400  _EPwm5Regs                            
1     00004500  _EPwm6Regs                            
1     00004600  _EPwm7Regs                            
1     00004700  _EPwm8Regs                            
1     00004800  _EPwm9Regs                            
1     00004900  _EPwm10Regs                           
1     00004a00  _EPwm11Regs                           
1     00004b00  _EPwm12Regs                           
1     00005000  _ECap1Regs                            
1     00005020  _ECap2Regs                            
1     00005040  _ECap3Regs                            
1     00005060  _ECap4Regs                            
1     00005080  _ECap5Regs                            
1     000050a0  _ECap6Regs                            
1     00005100  _EQep1Regs                            
1     00005140  _EQep2Regs                            
1     00005180  _EQep3Regs                            
1     00005c00  _DacaRegs                             
1     00005c10  _DacbRegs                             
1     00005c20  _DaccRegs                             
1     00005c80  _Cmpss1Regs                           
1     00005ca0  _Cmpss2Regs                           
1     00005cc0  _Cmpss3Regs                           
1     00005ce0  _Cmpss4Regs                           
1     00005d00  _Cmpss5Regs                           
1     00005d20  _Cmpss6Regs                           
1     00005d40  _Cmpss7Regs                           
1     00005d60  _Cmpss8Regs                           
1     00005e00  _Sdfm1Regs                            
1     00005e80  _Sdfm2Regs                            
1     00006000  _McbspaRegs                           
1     00006040  _McbspbRegs                           
1     00006100  _SpiaRegs                             
1     00006110  _SpibRegs                             
1     00006120  _SpicRegs                             
1     00006200  _UppRegs                              
1     00007000  _WdRegs                               
1     00007060  _NmiIntruptRegs                       
1     00007070  _XintRegs                             
1     00007200  _SciaRegs                             
1     00007210  _ScibRegs                             
1     00007220  _ScicRegs                             
1     00007230  _ScidRegs                             
1     00007300  _I2caRegs                             
1     00007340  _I2cbRegs                             
1     00007400  _AdcaRegs                             
1     00007480  _AdcbRegs                             
1     00007500  _AdccRegs                             
1     00007580  _AdcdRegs                             
1     00007900  _InputXbarRegs                        
1     00007920  _XbarRegs                             
1     00007940  _SyncSocRegs                          
1     00007980  _DmaClaSrcSelRegs                     
1     00007a00  _EPwmXbarRegs                         
1     00007a40  _ClbXbarRegs                          
1     00007a80  _OutputXbarRegs                       
1     00007c00  _GpioCtrlRegs                         
1     00007f00  _GpioDataRegs                         
1     0000a800  _APhase_Current                       
1     0000a801  _BPhase_Current                       
1     0000a802  _CPhase_Current                       
1     0000a803  _flag                                 
1     0000a804  _flag2                                
1     0000a805  _Bus_Voltage_AD                       
1     0000a806  _Bus_Current_AD                       
1     0000a807  _Supercapacitor_Voltage_AD            
1     0000a808  _Turn_on_off                          
1     0000a809  _state_flag                           
1     0000a80a  _zhuanziDw_flag                       
1     0000a80b  _RELAY2_flag                          
1     0000a80c  _RELAY1_flag                          
1     0000a80d  _RELAY2_flag_last                     
1     0000a80e  _RELAY1_flag_last                     
1     0000a80f  _PEM_ENABLE                           
1     0000a810  _count_flag                           
1     0000a811  _motorspeed_rpm                       
1     0000a812  _motorspeed_rpm_last                  
1     0000a813  _motorspeed_sum                       
1     0000a814  _F_flag                               
1     0000a815  _TZ_flag                              
1     0000a816  _TZ                                   
1     0000a817  _COM_flag                             
1     0000a818  _COM_Allow                            
1     0000a819  _I2C_ERROR_FLAG                       
1     0000a81a  _zl_flag                              
1     0000a81b  _gd_f                                 
1     0000a81c  _gd_count                             
1     0000a81e  _K_norm                               
1     0000a820  _Ua_Voltage                           
1     0000a822  _Ub_Voltage                           
1     0000a824  _Uc_Voltage                           
1     0000a826  _Ud_Voltage                           
1     0000a828  _Uq_Voltage                           
1     0000a82a  _Ia_Current                           
1     0000a82c  _Ib_Current                           
1     0000a82e  _Ic_Current                           
1     0000a830  _Id_Current                           
1     0000a832  _Iq_Current                           
1     0000a834  _Ia_Current_norm                      
1     0000a836  _Ib_Current_norm                      
1     0000a838  _Ic_Current_norm                      
1     0000a83e  _Supercapacitor_Voltage               
1     0000a840  _M                                    
1     0000a842  _Sin_the                              
1     0000a844  _Cos_the                              
1     0000a846  _Id_pid_kp                            
1     0000a848  _Iq_pid_kp                            
1     0000a84a  _Id_pid_ki                            
1     0000a84c  _Iq_pid_ki                            
1     0000a84e  _current_out_limit                    
1     0000a850  _speed_pid_kp                         
1     0000a852  _speed_pid_ki                         
1     0000a854  _speed_out_limit                      
1     0000a856  _currentDC_pid_kp                     
1     0000a858  _currentDC_pid_ki                     
1     0000a85a  _currentDC_out_limit                  
1     0000a85c  _currentDC_ref                        
1     0000a85e  _currentDC_ref_ctr                    
1     0000a860  _speed_ref                            
1     0000a862  _speed_ref_ctr                        
1     0000a864  _speed_normK                          
1     0000a866  _Ld                                   
1     0000a868  _Lq                                   
1     0000a86a  _Rs                                   
1     0000a86c  _Pn                                   
1     0000a86e  _flux                                 
1     0000a870  _Kt                                   
1     0000a872  _Te                                   
1     0000a874  _w1_d                                 
1     0000a876  _w1_q                                 
1     0000a878  _Id_out                               
1     0000a87a  _Iq_out                               
1     0000a87c  _Id_out_norm                          
1     0000a87e  _Iq_out_norm                          
1     0000a880  _Varef                                
1     0000a882  _Vbref                                
1     0000a884  _Vcref                                
1     0000a886  _led_count                            
1     0000a888  _led_T                                
1     0000a88a  _SPEED_cal_K                          
1     0000a88c  _abc_dq0_pos1_speed                   
1     0000a8a0  _abc_dq0_pos1_cur                     
1     0000a8c0  _dq0_abc1_cur                         
1     0000a8d4  _motor                                
1     0000a900  _current_pid_d                        
1     0000a940  _current_pid_q                        
1     0000a980  _speed_pid                            
1     0000a9c0  _currentDC_pid                        
1     0000a9e4  _EPWM                                 
1     0000a9fe  _CB_ACTIVE_CELLSA_Addr                
1     0000aa00  _Ram_SetFlag                          
1     0000aa01  _Alarm_Set                            
1     0000aa02  _FET_Status                           
1     0000aa03  _Pump_Control                         
1     0000aa04  _Safety_Alert_A                       
1     0000aa05  _Safety_Status_A                      
1     0000aa06  _Safety_Alert_B                       
1     0000aa07  _Safety_Status_B                      
1     0000aa08  _Safety_Alert_C                       
1     0000aa09  _Safety_Status_C                      
1     0000aa0a  _PF_Alert_A                           
1     0000aa0b  _PF_Status_A                          
1     0000aa0c  _PF_Alert_B                           
1     0000aa0d  _PF_Status_B                          
1     0000aa0e  _PF_Alert_C                           
1     0000aa0f  _PF_Status_C                          
1     0000aa10  _PF_Alert_D                           
1     0000aa11  _PF_Status_D                          
1     0000aa12  _Cell1_Voltage_mv                     
1     0000aa13  _Cell2_Voltage_mv                     
1     0000aa14  _Cell3_Voltage_mv                     
1     0000aa15  _Cell4_Voltage_mv                     
1     0000aa16  _Cell5_Voltage_mv                     
1     0000aa17  _Cell6_Voltage_mv                     
1     0000aa18  _Cell7_Voltage_mv                     
1     0000aa19  _Cell8_Voltage_mv                     
1     0000aa1a  _Cell9_Voltage_mv                     
1     0000aa1b  _Cell10_Voltage_mv                    
1     0000aa1c  _Stack_Voltage_mv                     
1     0000aa1d  _PACK_Pin_Voltage_mv                  
1     0000aa1e  _CC2_Current_mA                       
1     0000aa1f  _CC2_Current_mA_Real                  
1     0000aa20  _Int_Temperature_Value                
1     0000aa21  _TS1_Temperature_Value                
1     0000aa22  _TS2_Temperature_Value                
1     0000aa23  _TS3_Temperature_Value                
1     0000aa24  _CB_ACTIVE_CELLS                      
1     0000aa25  _Battery_Status                       
1     0000aa26  _I2C_MODE_Val                         
1     0000aa27  _Vcell_Num                            
1     0000aa28  _COV_Threshold_mv                     
1     0000aa29  _CUV_Threshold_mv                     
1     0000aa2a  _SCD_Threshold_A                      
1     0000aa2b  _OCC_Threshold_A                      
1     0000aa2c  _OCD1_Threshold_A                     
1     0000aa2d  _OCD2_Threshold_A                     
1     0000aa2e  _FET_ControlMODE                      
1     0000aa2f  _FET_Options                          
1     0000aa30  _Protections_A                        
1     0000aa31  _Manufacturing_Status_Value           
1     0000aa32  _OTP_WR_CHECK_Value                   
1     0000aa33  _OTP_WRITE_Value                      
1     0000aa34  _Safety_Alert_A_Addr                  
1     0000aa35  _Safety_Status_A_Addr                 
1     0000aa36  _Safety_Alert_B_Addr                  
1     0000aa37  _Safety_Status_B_Addr                 
1     0000aa38  _Safety_Alert_C_Addr                  
1     0000aa39  _Safety_Status_C_Addr                 
1     0000aa3a  _Cell1_Voltage_Addr                   
1     0000aa3b  _Cell2_Voltage_Addr                   
1     0000aa3c  _Cell3_Voltage_Addr                   
1     0000aa3d  _Cell4_Voltage_Addr                   
1     0000aa3e  _Cell5_Voltage_Addr                   
1     0000aa3f  _Cell6_Voltage_Addr                   
1     0000aa40  _Cell7_Voltage_Addr                   
1     0000aa41  _Cell8_Voltage_Addr                   
1     0000aa42  _Cell9_Voltage_Addr                   
1     0000aa43  _Cell10_Voltage_Addr                  
1     0000aa44  _Stack_Voltage_Addr                   
1     0000aa45  _PACK_Pin_Voltage_Addr                
1     0000aa46  _CC2_Current_Addr                     
1     0000aa47  _Int_Temperature_Addr                 
1     0000aa48  _TS1_Temperature_Addr                 
1     0000aa49  _TS2_Temperature_Addr                 
1     0000aa4a  _TS3_Temperature_Addr                 
1     0000aa4b  _Battery_Status_Addr                  
1     0000aa4c  _FET_Status_Addr                      
1     0000aa4d  _PF_Alert_A_Addr                      
1     0000aa4e  _PF_Status_A_Addr                     
1     0000aa4f  _PF_Alert_B_Addr                      
1     0000aa50  _PF_Status_B_Addr                     
1     0000aa51  _PF_Alert_C_Addr                      
1     0000aa52  _PF_Status_C_Addr                     
1     0000aa53  _PF_Alert_D_Addr                      
1     0000aa54  _PF_Status_D_Addr                     
1     0000aa55  _SendData_length                      
1     0000aa56  _SendReg_address                      
1     0000aa57  _ReadData_length                      
1     0000aa58  _ReadReg_address                      
1     0000aa5a  _CurrentMsgPtr                        
1     0000aa5c  _I2cMsgOut1                           
1     0000aa80  _I2cMsgIn1                            
1     0000aa94  _TRIP_SEL                             
1     0000aab2  _ECAP                                 
1     0000aac0  _CpuTimer0                            
1     0000aac8  _CpuTimer1                            
1     0000aad0  _CpuTimer2                            
1     0000aad8  _Vab_filte                            
1     0000aade  _VBus_filte                           
1     0000aae4  _temp_filte                           
1     0000aaea  _ADC                                  
1     0000aaf4  _EPWM1_TBPRD                          
1     0000aaf5  _EPWM1_CMPA                           
1     0000aaf6  _EPWM1_CMPB                           
1     0000aaf7  _EPWM2_TBPRD                          
1     0000aaf8  _EPWM2_CMPA                           
1     0000aaf9  _EPWM2_CMPB                           
1     0000aafa  _EPWM3_TBPRD                          
1     0000aafb  _EPWM3_CMPA                           
1     0000aafc  _EPWM3_CMPB                           
1     0000aafd  _DEADTIME                             
1     0000aafe  __lock                                
1     0000ab00  _EQEP                                 
1     0000ab08  _SPI                                  
1     0000ab10  _tempSensor_tempSlope                 
1     0000ab12  _tempSensor_tempOffset                
1     0000ab14  _tempSensor_scaleFactor               
1     0000ab16  _SDFM                                 
1     0000ab1c  _Example_Result                       
1     0000ab1e  _Example_PassCount                    
1     0000ab20  _Example_Fail                         
1     0000ab22  ___TI_enable_exit_profile_output      
1     0000ab24  ___TI_cleanup_ptr                     
1     0000ab26  ___TI_dtors_ptr                       
1     0000ab28  _I2C                                  
1     0000ab2c  _MCBSP                                
1     0000ab30  _SCI                                  
1     0000ab34  __unlock                              
1     0000ab38  _deviceOpen                           
1     0003fc00  _g_asIPCCPU1toCPU2Buffers             
1     0003fc80  _g_usPutWriteIndexes                  
1     0003fc84  _g_usGetReadIndexes                   
1     00047000  _Emif1Regs                            
1     00047800  _Emif2Regs                            
1     00048000  _CanaRegs                             
1     0004a000  _CanbRegs                             
1     00050000  _IpcRegs                              
1     00050024  _FlashPumpSemaphoreRegs               
1     0005d000  _DevCfgRegs                           
1     0005d180  _AnalogSubsysRegs                     
1     0005d200  _ClkCfgRegs                           
1     0005d300  _CpuSysRegs                           
1     0005e608  _RomPrefetchRegs                      
1     0005f000  _DcsmZ1Regs                           
1     0005f040  _DcsmZ2Regs                           
1     0005f070  _DcsmCommonRegs                       
1     0005f400  _MemCfgRegs                           
1     0005f480  _Emif1ConfigRegs                      
1     0005f4a0  _Emif2ConfigRegs                      
1     0005f4c0  _AccessProtectionRegs                 
1     0005f500  _MemoryErrorRegs                      
1     0005f540  _RomWaitStateRegs                     
1     0005f800  _Flash0CtrlRegs                       
1     0005fb00  _Flash0EccRegs                        
abs   0000003f  _RamfuncsLoadSize                     
abs   0000003f  _RamfuncsRunSize                      
abs   00000200  __STACK_SIZE                          
abs   ffffffff  .text                                 
abs   ffffffff  ___TI_pprof_out_hndl                  
abs   ffffffff  ___TI_prof_data_size                  
abs   ffffffff  ___TI_prof_data_start                 
abs   ffffffff  ___binit__                            
abs   ffffffff  ___c_args__                           
abs   ffffffff  ___etext__                            
abs   ffffffff  ___pinit__                            
abs   ffffffff  ___text__                             
abs   ffffffff  binit                                 
abs   ffffffff  etext                                 
abs   ffffffff  pinit                                 

[621 symbols]
