******************************************************************************
             TMS320C2000 Linker PC v22.6.0                     
******************************************************************************
>> Linked Mon Dec  2 23:10:00 2024

OUTPUT FILE NAME:   <ThreePhaseRectifier_SpeedV3.out>
ENTRY POINT SYMBOL: "_c_int00"  address: 00084a2f


MEMORY CONFIGURATION

         name            origin    length      used     unused   attr    fill
----------------------  --------  ---------  --------  --------  ----  --------
PAGE 0:
  RAMM0                 00000122   000002de  00000000  000002de  RWIX
  RAMLS0                00008000   00000800  0000003f  000007c1  RWIX
  RAMLS1                00008800   00000800  00000000  00000800  RWIX
  RAMLS2                00009000   00000800  00000000  00000800  RWIX
  RAMLS3                00009800   00000800  00000000  00000800  RWIX
  RAMLS4                0000a000   00000800  00000000  00000800  RWIX
  RAMD0                 0000b000   00000800  00000000  00000800  RWIX
  RAMGS14               0001a000   00001000  00000000  00001000  RWIX
  RAMGS15               0001b000   00001000  00000000  00001000  RWIX
  BEGIN                 00080000   00000002  00000002  00000000  RWIX
  FLASHA                00080002   00001ffe  00000000  00001ffe  RWIX
  FLASHB                00082000   00002000  00001ffe  00000002  RWIX
  FLASHC                00084000   00002000  00000be9  00001417  RWIX
  FLASHD                00086000   00002000  0000003f  00001fc1  RWIX
  FLASHE                00088000   00008000  00000000  00008000  RWIX
  FLASHF                00090000   00008000  000001c0  00007e40  RWIX
  FLASHG                00098000   00008000  00000000  00008000  RWIX
  FLASHH                000a0000   00008000  00000000  00008000  RWIX
  FLASHI                000a8000   00008000  00000000  00008000  RWIX
  FLASHJ                000b0000   00008000  00000000  00008000  RWIX
  FLASHK                000b8000   00002000  00000000  00002000  RWIX
  FLASHL                000ba000   00002000  00000000  00002000  RWIX
  FLASHM                000bc000   00002000  00000000  00002000  RWIX
  FLASHN                000be000   00002000  00000000  00002000  RWIX
  RESET                 003fffc0   00000002  00000000  00000002  RWIX

PAGE 1:
  BOOT_RSVD             00000002   00000120  00000000  00000120  RWIX
  RAMM1                 00000400   00000400  00000200  00000200  RWIX
  ADCARESULT            00000b00   00000018  00000018  00000000  RWIX
  ADCBRESULT            00000b20   00000018  00000018  00000000  RWIX
  ADCCRESULT            00000b40   00000018  00000018  00000000  RWIX
  ADCDRESULT            00000b60   00000018  00000018  00000000  RWIX
  CPUTIMER0             00000c00   00000008  00000008  00000000  RWIX
  CPUTIMER1             00000c08   00000008  00000008  00000000  RWIX
  CPUTIMER2             00000c10   00000008  00000008  00000000  RWIX
  PIECTRL               00000ce0   0000001a  0000001a  00000000  RWIX
  PIEVECTTABLE          00000d00   00000200  000001c0  00000040  RWIX
  DMA                   00001000   00000200  000000e0  00000120  RWIX
  CLA1                  00001400   00000080  0000003e  00000042  RWIX
  CLB1LOGICCFG          00003000   00000052  0000003e  00000014  RWIX
  CLB1LOGICCTRL         00003100   00000040  00000040  00000000  RWIX
  CLB1DATAEXCH          00003200   00000200  00000108  000000f8  RWIX
  CLB2LOGICCFG          00003400   00000052  0000003e  00000014  RWIX
  CLB2LOGICCTRL         00003500   00000040  00000040  00000000  RWIX
  CLB2DATAEXCH          00003600   00000200  00000108  000000f8  RWIX
  CLB3LOGICCFG          00003800   00000052  0000003e  00000014  RWIX
  CLB3LOGICCTRL         00003900   00000040  00000040  00000000  RWIX
  CLB3DATAEXCH          00003a00   00000200  00000108  000000f8  RWIX
  CLB4LOGICCFG          00003c00   00000052  0000003e  00000014  RWIX
  CLB4LOGICCTRL         00003d00   00000040  00000040  00000000  RWIX
  CLB4DATAEXCH          00003e00   00000200  00000108  000000f8  RWIX
  EPWM1                 00004000   00000100  00000100  00000000  RWIX
  EPWM2                 00004100   00000100  00000100  00000000  RWIX
  EPWM3                 00004200   00000100  00000100  00000000  RWIX
  EPWM4                 00004300   00000100  00000100  00000000  RWIX
  EPWM5                 00004400   00000100  00000100  00000000  RWIX
  EPWM6                 00004500   00000100  00000100  00000000  RWIX
  EPWM7                 00004600   00000100  00000100  00000000  RWIX
  EPWM8                 00004700   00000100  00000100  00000000  RWIX
  EPWM9                 00004800   00000100  00000100  00000000  RWIX
  EPWM10                00004900   00000100  00000100  00000000  RWIX
  EPWM11                00004a00   00000100  00000100  00000000  RWIX
  EPWM12                00004b00   00000100  00000100  00000000  RWIX
  ECAP1                 00005000   00000020  0000001a  00000006  RWIX
  ECAP2                 00005020   00000020  0000001a  00000006  RWIX
  ECAP3                 00005040   00000020  0000001a  00000006  RWIX
  ECAP4                 00005060   00000020  0000001a  00000006  RWIX
  ECAP5                 00005080   00000020  0000001a  00000006  RWIX
  ECAP6                 000050a0   00000020  0000001a  00000006  RWIX
  EQEP1                 00005100   00000022  00000022  00000000  RWIX
  EQEP2                 00005140   00000022  00000022  00000000  RWIX
  EQEP3                 00005180   00000022  00000022  00000000  RWIX
  DACA                  00005c00   00000008  00000007  00000001  RWIX
  DACB                  00005c10   00000008  00000007  00000001  RWIX
  DACC                  00005c20   00000008  00000007  00000001  RWIX
  CMPSS1                00005c80   00000020  0000001b  00000005  RWIX
  CMPSS2                00005ca0   00000020  0000001b  00000005  RWIX
  CMPSS3                00005cc0   00000020  0000001b  00000005  RWIX
  CMPSS4                00005ce0   00000020  0000001b  00000005  RWIX
  CMPSS5                00005d00   00000020  0000001b  00000005  RWIX
  CMPSS6                00005d20   00000020  0000001b  00000005  RWIX
  CMPSS7                00005d40   00000020  0000001b  00000005  RWIX
  CMPSS8                00005d60   00000020  0000001b  00000005  RWIX
  SDFM1                 00005e00   00000080  00000048  00000038  RWIX
  SDFM2                 00005e80   00000080  00000048  00000038  RWIX
  MCBSPA                00006000   00000024  00000024  00000000  RWIX
  MCBSPB                00006040   00000024  00000024  00000000  RWIX
  SPIA                  00006100   00000010  00000010  00000000  RWIX
  SPIB                  00006110   00000010  00000010  00000000  RWIX
  SPIC                  00006120   00000010  00000010  00000000  RWIX
  UPP                   00006200   00000048  00000048  00000000  RWIX
  WD                    00007000   0000002b  0000002b  00000000  RWIX
  NMIINTRUPT            00007060   00000007  00000007  00000000  RWIX
  XINT                  00007070   0000000b  0000000b  00000000  RWIX
  SCIA                  00007200   00000010  00000010  00000000  RWIX
  SCIB                  00007210   00000010  00000010  00000000  RWIX
  SCIC                  00007220   00000010  00000010  00000000  RWIX
  SCID                  00007230   00000010  00000010  00000000  RWIX
  I2CA                  00007300   00000022  00000022  00000000  RWIX
  I2CB                  00007340   00000022  00000022  00000000  RWIX
  ADCA                  00007400   00000080  0000007c  00000004  RWIX
  ADCB                  00007480   00000080  0000007c  00000004  RWIX
  ADCC                  00007500   00000080  0000007c  00000004  RWIX
  ADCD                  00007580   00000080  0000007c  00000004  RWIX
  INPUTXBAR             00007900   00000020  00000020  00000000  RWIX
  XBAR                  00007920   00000020  0000000e  00000012  RWIX
  SYNCSOC               00007940   00000006  00000006  00000000  RWIX
  DMACLASRCSEL          00007980   0000001a  0000001a  00000000  RWIX
  EPWMXBAR              00007a00   00000040  00000040  00000000  RWIX
  CLBXBAR               00007a40   00000040  00000040  00000000  RWIX
  OUTPUTXBAR            00007a80   00000040  00000040  00000000  RWIX
  GPIOCTRL              00007c00   00000180  00000180  00000000  RWIX
  GPIODATA              00007f00   00000030  00000030  00000000  RWIX
  RAMLS5                0000a800   00000800  0000032a  000004d6  RWIX
  RAMD1                 0000b800   00000800  00000000  00000800  RWIX
  RAMGS0                0000c000   00001000  00000000  00001000  RWIX
  RAMGS1                0000d000   00001000  00000000  00001000  RWIX
  RAMGS2                0000e000   00001000  00000000  00001000  RWIX
  RAMGS3                0000f000   00001000  00000000  00001000  RWIX
  RAMGS4                00010000   00001000  00000000  00001000  RWIX
  RAMGS5                00011000   00001000  00000000  00001000  RWIX
  RAMGS6                00012000   00001000  00000000  00001000  RWIX
  RAMGS7                00013000   00001000  00000000  00001000  RWIX
  RAMGS8                00014000   00001000  00000000  00001000  RWIX
  RAMGS9                00015000   00001000  00000000  00001000  RWIX
  RAMGS10               00016000   00001000  00000000  00001000  RWIX
  RAMGS11               00017000   00001000  00000000  00001000  RWIX
  RAMGS12               00018000   00001000  00000000  00001000  RWIX
  RAMGS13               00019000   00001000  00000000  00001000  RWIX
  CPU2TOCPU1RAM         0003f800   00000400  00000000  00000400  RWIX
  CPU1TOCPU2RAM         0003fc00   00000400  00000088  00000378  RWIX
  EMIF1                 00047000   00000070  00000028  00000048  RWIX
  EMIF2                 00047800   00000070  00000028  00000048  RWIX
  CANA                  00048000   00000200  00000164  0000009c  RWIX
  CANB                  0004a000   00000200  00000164  0000009c  RWIX
  IPC                   00050000   00000024  00000024  00000000  RWIX
  FLASHPUMPSEMAPHORE    00050024   00000002  00000002  00000000  RWIX
  DEVCFG                0005d000   0000012e  0000012e  00000000  RWIX
  ANALOGSUBSYS          0005d180   00000048  0000003e  0000000a  RWIX
  CLKCFG                0005d200   00000032  00000032  00000000  RWIX
  CPUSYS                0005d300   00000082  00000082  00000000  RWIX
  ROMPREFETCH           0005e608   00000002  00000002  00000000  RWIX
  DCSMZ1                0005f000   00000024  00000022  00000002  RWIX
  DCSMZ2                0005f040   00000024  00000022  00000002  RWIX
  DCSMCOMMON            0005f070   00000008  00000006  00000002  RWIX
  MEMCFG                0005f400   00000080  00000076  0000000a  RWIX
  EMIF1CONFIG           0005f480   00000020  0000000a  00000016  RWIX
  EMIF2CONFIG           0005f4a0   00000020  0000000a  00000016  RWIX
  ACCESSPROTECTION      0005f4c0   00000040  0000002e  00000012  RWIX
  MEMORYERROR           0005f500   00000040  0000003a  00000006  RWIX
  ROMWAITSTATE          0005f540   00000002  00000002  00000000  RWIX
  FLASH0CTRL            0005f800   00000182  00000182  00000000  RWIX
  FLASH0ECC             0005fb00   00000028  00000028  00000000  RWIX
  EMIF1_CS2n            00100000   00200000  00000000  00200000  RWIX
  EMIF1_CS3n            00300000   00080000  00000000  00080000  RWIX


SECTION ALLOCATION MAP

 output                                  attributes/
section   page    origin      length       input sections
--------  ----  ----------  ----------   ----------------
.cinit     0    00082000    0000041a     
                  00082000    000001b2     bsp_I2C.obj (.cinit)
                  000821b2    0000015c     main.obj (.cinit)
                  0008230e    00000028     bsp_epwm.obj (.cinit)
                  00082336    00000021     F2837xD_struct.obj (.cinit:_TRIP_SEL)
                  00082357    0000001d     F2837xD_struct.obj (.cinit:_EPWM)
                  00082374    00000014     485_ModobusRTU.obj (.cinit)
                  00082388    00000011     F2837xD_struct.obj (.cinit:_ECAP)
                  00082399    0000000f     device.obj (.cinit)
                  000823a8    0000000e     rts2800_fpu32.lib : exit.c.obj (.cinit)
                  000823b6    0000000d     F2837xD_struct.obj (.cinit:_ADC)
                  000823c3    0000000b     F2837xD_struct.obj (.cinit:_EQEP)
                  000823ce    0000000b     F2837xD_struct.obj (.cinit:_SPI)
                  000823d9    00000009     F2837xD_struct.obj (.cinit:_SDFM)
                  000823e2    00000009     bsp_eQEP.obj (.cinit)
                  000823eb    00000007     F2837xD_struct.obj (.cinit:_I2C)
                  000823f2    00000007     F2837xD_struct.obj (.cinit:_MCBSP)
                  000823f9    00000007     F2837xD_struct.obj (.cinit:_SCI)
                  00082400    00000005     bsp_I2C.obj (.cinit:_CB_ACTIVE_CELLSA_Addr)
                  00082405    00000005     bsp_I2C.obj (.cinit:_Cells_MaxMinVoltage)
                  0008240a    00000005     rts2800_fpu32.lib : _lock.c.obj (.cinit:__lock)
                  0008240f    00000005                       : _lock.c.obj (.cinit:__unlock)
                  00082414    00000004     F2837xD_sci_io.obj (.cinit)
                  00082418    00000002     --HOLE-- [fill = 0]

.pinit     0    00082000    00000000     UNINITIALIZED

codestart 
*          0    00080000    00000002     
                  00080000    00000002     F2837xD_CodeStartBranch.obj (codestart)

.TI.ramfunc 
*          0    00086000    0000003f     RUN ADDR = 00008000
                  00086000    00000037     F2837xD_SysCtrl.obj (.TI.ramfunc)
                  00086037    00000004     F2837xD_usDelay.obj (.TI.ramfunc)
                  0008603b    00000004     sysctl.obj (.TI.ramfunc)

.stack     1    00000400    00000200     UNINITIALIZED
                  00000400    00000200     --HOLE--

.switch    0    0008241c    00000028     
                  0008241c    00000028     485_ModobusRTU.obj (.switch:_Read_InputRegister)

.reset     0    003fffc0    00000002     DSECT
                  003fffc0    00000002     rts2800_fpu32.lib : boot28.asm.obj (.reset)

.econst    0    00090000    000001c0     
                  00090000    000001c0     F2837xD_PieVect.obj (.econst:_PieVectTableInit)

AdcaResultRegsFile 
*          1    00000b00    00000018     UNINITIALIZED
                  00000b00    00000018     F2837xD_GlobalVariableDefs.obj (AdcaResultRegsFile)

AdcbResultRegsFile 
*          1    00000b20    00000018     UNINITIALIZED
                  00000b20    00000018     F2837xD_GlobalVariableDefs.obj (AdcbResultRegsFile)

AdccResultRegsFile 
*          1    00000b40    00000018     UNINITIALIZED
                  00000b40    00000018     F2837xD_GlobalVariableDefs.obj (AdccResultRegsFile)

AdcdResultRegsFile 
*          1    00000b60    00000018     UNINITIALIZED
                  00000b60    00000018     F2837xD_GlobalVariableDefs.obj (AdcdResultRegsFile)

CpuTimer0RegsFile 
*          1    00000c00    00000008     UNINITIALIZED
                  00000c00    00000008     F2837xD_GlobalVariableDefs.obj (CpuTimer0RegsFile)

CpuTimer1RegsFile 
*          1    00000c08    00000008     UNINITIALIZED
                  00000c08    00000008     F2837xD_GlobalVariableDefs.obj (CpuTimer1RegsFile)

CpuTimer2RegsFile 
*          1    00000c10    00000008     UNINITIALIZED
                  00000c10    00000008     F2837xD_GlobalVariableDefs.obj (CpuTimer2RegsFile)

PieCtrlRegsFile 
*          1    00000ce0    0000001a     UNINITIALIZED
                  00000ce0    0000001a     F2837xD_GlobalVariableDefs.obj (PieCtrlRegsFile)

DmaRegsFile 
*          1    00001000    000000e0     UNINITIALIZED
                  00001000    000000e0     F2837xD_GlobalVariableDefs.obj (DmaRegsFile)

Cla1RegsFile 
*          1    00001400    0000003e     UNINITIALIZED
                  00001400    0000003e     F2837xD_GlobalVariableDefs.obj (Cla1RegsFile)

Clb1LogicCfgRegsFile 
*          1    00003000    0000003e     UNINITIALIZED
                  00003000    0000003e     F2837xD_GlobalVariableDefs.obj (Clb1LogicCfgRegsFile)

Clb1LogicCtrlRegsFile 
*          1    00003100    00000040     UNINITIALIZED
                  00003100    00000040     F2837xD_GlobalVariableDefs.obj (Clb1LogicCtrlRegsFile)

Clb1DataExchRegsFile 
*          1    00003200    00000108     UNINITIALIZED
                  00003200    00000108     F2837xD_GlobalVariableDefs.obj (Clb1DataExchRegsFile)

Clb2LogicCfgRegsFile 
*          1    00003400    0000003e     UNINITIALIZED
                  00003400    0000003e     F2837xD_GlobalVariableDefs.obj (Clb2LogicCfgRegsFile)

Clb2LogicCtrlRegsFile 
*          1    00003500    00000040     UNINITIALIZED
                  00003500    00000040     F2837xD_GlobalVariableDefs.obj (Clb2LogicCtrlRegsFile)

Clb2DataExchRegsFile 
*          1    00003600    00000108     UNINITIALIZED
                  00003600    00000108     F2837xD_GlobalVariableDefs.obj (Clb2DataExchRegsFile)

Clb3LogicCfgRegsFile 
*          1    00003800    0000003e     UNINITIALIZED
                  00003800    0000003e     F2837xD_GlobalVariableDefs.obj (Clb3LogicCfgRegsFile)

Clb3LogicCtrlRegsFile 
*          1    00003900    00000040     UNINITIALIZED
                  00003900    00000040     F2837xD_GlobalVariableDefs.obj (Clb3LogicCtrlRegsFile)

Clb3DataExchRegsFile 
*          1    00003a00    00000108     UNINITIALIZED
                  00003a00    00000108     F2837xD_GlobalVariableDefs.obj (Clb3DataExchRegsFile)

Clb4LogicCfgRegsFile 
*          1    00003c00    0000003e     UNINITIALIZED
                  00003c00    0000003e     F2837xD_GlobalVariableDefs.obj (Clb4LogicCfgRegsFile)

Clb4LogicCtrlRegsFile 
*          1    00003d00    00000040     UNINITIALIZED
                  00003d00    00000040     F2837xD_GlobalVariableDefs.obj (Clb4LogicCtrlRegsFile)

Clb4DataExchRegsFile 
*          1    00003e00    00000108     UNINITIALIZED
                  00003e00    00000108     F2837xD_GlobalVariableDefs.obj (Clb4DataExchRegsFile)

EPwm1RegsFile 
*          1    00004000    00000100     UNINITIALIZED
                  00004000    00000100     F2837xD_GlobalVariableDefs.obj (EPwm1RegsFile)

EPwm2RegsFile 
*          1    00004100    00000100     UNINITIALIZED
                  00004100    00000100     F2837xD_GlobalVariableDefs.obj (EPwm2RegsFile)

EPwm3RegsFile 
*          1    00004200    00000100     UNINITIALIZED
                  00004200    00000100     F2837xD_GlobalVariableDefs.obj (EPwm3RegsFile)

EPwm4RegsFile 
*          1    00004300    00000100     UNINITIALIZED
                  00004300    00000100     F2837xD_GlobalVariableDefs.obj (EPwm4RegsFile)

EPwm5RegsFile 
*          1    00004400    00000100     UNINITIALIZED
                  00004400    00000100     F2837xD_GlobalVariableDefs.obj (EPwm5RegsFile)

EPwm6RegsFile 
*          1    00004500    00000100     UNINITIALIZED
                  00004500    00000100     F2837xD_GlobalVariableDefs.obj (EPwm6RegsFile)

EPwm7RegsFile 
*          1    00004600    00000100     UNINITIALIZED
                  00004600    00000100     F2837xD_GlobalVariableDefs.obj (EPwm7RegsFile)

EPwm8RegsFile 
*          1    00004700    00000100     UNINITIALIZED
                  00004700    00000100     F2837xD_GlobalVariableDefs.obj (EPwm8RegsFile)

EPwm9RegsFile 
*          1    00004800    00000100     UNINITIALIZED
                  00004800    00000100     F2837xD_GlobalVariableDefs.obj (EPwm9RegsFile)

EPwm10RegsFile 
*          1    00004900    00000100     UNINITIALIZED
                  00004900    00000100     F2837xD_GlobalVariableDefs.obj (EPwm10RegsFile)

EPwm11RegsFile 
*          1    00004a00    00000100     UNINITIALIZED
                  00004a00    00000100     F2837xD_GlobalVariableDefs.obj (EPwm11RegsFile)

EPwm12RegsFile 
*          1    00004b00    00000100     UNINITIALIZED
                  00004b00    00000100     F2837xD_GlobalVariableDefs.obj (EPwm12RegsFile)

ECap1RegsFile 
*          1    00005000    0000001a     UNINITIALIZED
                  00005000    0000001a     F2837xD_GlobalVariableDefs.obj (ECap1RegsFile)

ECap2RegsFile 
*          1    00005020    0000001a     UNINITIALIZED
                  00005020    0000001a     F2837xD_GlobalVariableDefs.obj (ECap2RegsFile)

ECap3RegsFile 
*          1    00005040    0000001a     UNINITIALIZED
                  00005040    0000001a     F2837xD_GlobalVariableDefs.obj (ECap3RegsFile)

ECap4RegsFile 
*          1    00005060    0000001a     UNINITIALIZED
                  00005060    0000001a     F2837xD_GlobalVariableDefs.obj (ECap4RegsFile)

ECap5RegsFile 
*          1    00005080    0000001a     UNINITIALIZED
                  00005080    0000001a     F2837xD_GlobalVariableDefs.obj (ECap5RegsFile)

ECap6RegsFile 
*          1    000050a0    0000001a     UNINITIALIZED
                  000050a0    0000001a     F2837xD_GlobalVariableDefs.obj (ECap6RegsFile)

EQep1RegsFile 
*          1    00005100    00000022     UNINITIALIZED
                  00005100    00000022     F2837xD_GlobalVariableDefs.obj (EQep1RegsFile)

EQep2RegsFile 
*          1    00005140    00000022     UNINITIALIZED
                  00005140    00000022     F2837xD_GlobalVariableDefs.obj (EQep2RegsFile)

EQep3RegsFile 
*          1    00005180    00000022     UNINITIALIZED
                  00005180    00000022     F2837xD_GlobalVariableDefs.obj (EQep3RegsFile)

DacaRegsFile 
*          1    00005c00    00000007     UNINITIALIZED
                  00005c00    00000007     F2837xD_GlobalVariableDefs.obj (DacaRegsFile)

DacbRegsFile 
*          1    00005c10    00000007     UNINITIALIZED
                  00005c10    00000007     F2837xD_GlobalVariableDefs.obj (DacbRegsFile)

DaccRegsFile 
*          1    00005c20    00000007     UNINITIALIZED
                  00005c20    00000007     F2837xD_GlobalVariableDefs.obj (DaccRegsFile)

Cmpss1RegsFile 
*          1    00005c80    0000001b     UNINITIALIZED
                  00005c80    0000001b     F2837xD_GlobalVariableDefs.obj (Cmpss1RegsFile)

Cmpss2RegsFile 
*          1    00005ca0    0000001b     UNINITIALIZED
                  00005ca0    0000001b     F2837xD_GlobalVariableDefs.obj (Cmpss2RegsFile)

Cmpss3RegsFile 
*          1    00005cc0    0000001b     UNINITIALIZED
                  00005cc0    0000001b     F2837xD_GlobalVariableDefs.obj (Cmpss3RegsFile)

Cmpss4RegsFile 
*          1    00005ce0    0000001b     UNINITIALIZED
                  00005ce0    0000001b     F2837xD_GlobalVariableDefs.obj (Cmpss4RegsFile)

Cmpss5RegsFile 
*          1    00005d00    0000001b     UNINITIALIZED
                  00005d00    0000001b     F2837xD_GlobalVariableDefs.obj (Cmpss5RegsFile)

Cmpss6RegsFile 
*          1    00005d20    0000001b     UNINITIALIZED
                  00005d20    0000001b     F2837xD_GlobalVariableDefs.obj (Cmpss6RegsFile)

Cmpss7RegsFile 
*          1    00005d40    0000001b     UNINITIALIZED
                  00005d40    0000001b     F2837xD_GlobalVariableDefs.obj (Cmpss7RegsFile)

Cmpss8RegsFile 
*          1    00005d60    0000001b     UNINITIALIZED
                  00005d60    0000001b     F2837xD_GlobalVariableDefs.obj (Cmpss8RegsFile)

Sdfm1RegsFile 
*          1    00005e00    00000048     UNINITIALIZED
                  00005e00    00000048     F2837xD_GlobalVariableDefs.obj (Sdfm1RegsFile)

Sdfm2RegsFile 
*          1    00005e80    00000048     UNINITIALIZED
                  00005e80    00000048     F2837xD_GlobalVariableDefs.obj (Sdfm2RegsFile)

McbspaRegsFile 
*          1    00006000    00000024     UNINITIALIZED
                  00006000    00000024     F2837xD_GlobalVariableDefs.obj (McbspaRegsFile)

McbspbRegsFile 
*          1    00006040    00000024     UNINITIALIZED
                  00006040    00000024     F2837xD_GlobalVariableDefs.obj (McbspbRegsFile)

SpiaRegsFile 
*          1    00006100    00000010     UNINITIALIZED
                  00006100    00000010     F2837xD_GlobalVariableDefs.obj (SpiaRegsFile)

SpibRegsFile 
*          1    00006110    00000010     UNINITIALIZED
                  00006110    00000010     F2837xD_GlobalVariableDefs.obj (SpibRegsFile)

SpicRegsFile 
*          1    00006120    00000010     UNINITIALIZED
                  00006120    00000010     F2837xD_GlobalVariableDefs.obj (SpicRegsFile)

UppRegsFile 
*          1    00006200    00000048     UNINITIALIZED
                  00006200    00000048     F2837xD_GlobalVariableDefs.obj (UppRegsFile)

WdRegsFile 
*          1    00007000    0000002b     UNINITIALIZED
                  00007000    0000002b     F2837xD_GlobalVariableDefs.obj (WdRegsFile)

NmiIntruptRegsFile 
*          1    00007060    00000007     UNINITIALIZED
                  00007060    00000007     F2837xD_GlobalVariableDefs.obj (NmiIntruptRegsFile)

XintRegsFile 
*          1    00007070    0000000b     UNINITIALIZED
                  00007070    0000000b     F2837xD_GlobalVariableDefs.obj (XintRegsFile)

SciaRegsFile 
*          1    00007200    00000010     UNINITIALIZED
                  00007200    00000010     F2837xD_GlobalVariableDefs.obj (SciaRegsFile)

ScibRegsFile 
*          1    00007210    00000010     UNINITIALIZED
                  00007210    00000010     F2837xD_GlobalVariableDefs.obj (ScibRegsFile)

ScicRegsFile 
*          1    00007220    00000010     UNINITIALIZED
                  00007220    00000010     F2837xD_GlobalVariableDefs.obj (ScicRegsFile)

ScidRegsFile 
*          1    00007230    00000010     UNINITIALIZED
                  00007230    00000010     F2837xD_GlobalVariableDefs.obj (ScidRegsFile)

I2caRegsFile 
*          1    00007300    00000022     UNINITIALIZED
                  00007300    00000022     F2837xD_GlobalVariableDefs.obj (I2caRegsFile)

I2cbRegsFile 
*          1    00007340    00000022     UNINITIALIZED
                  00007340    00000022     F2837xD_GlobalVariableDefs.obj (I2cbRegsFile)

AdcaRegsFile 
*          1    00007400    0000007c     UNINITIALIZED
                  00007400    0000007c     F2837xD_GlobalVariableDefs.obj (AdcaRegsFile)

AdcbRegsFile 
*          1    00007480    0000007c     UNINITIALIZED
                  00007480    0000007c     F2837xD_GlobalVariableDefs.obj (AdcbRegsFile)

AdccRegsFile 
*          1    00007500    0000007c     UNINITIALIZED
                  00007500    0000007c     F2837xD_GlobalVariableDefs.obj (AdccRegsFile)

AdcdRegsFile 
*          1    00007580    0000007c     UNINITIALIZED
                  00007580    0000007c     F2837xD_GlobalVariableDefs.obj (AdcdRegsFile)

InputXbarRegsFile 
*          1    00007900    00000020     UNINITIALIZED
                  00007900    00000020     F2837xD_GlobalVariableDefs.obj (InputXbarRegsFile)

XbarRegsFile 
*          1    00007920    0000000e     UNINITIALIZED
                  00007920    0000000e     F2837xD_GlobalVariableDefs.obj (XbarRegsFile)

SyncSocRegsFile 
*          1    00007940    00000006     UNINITIALIZED
                  00007940    00000006     F2837xD_GlobalVariableDefs.obj (SyncSocRegsFile)

DmaClaSrcSelRegsFile 
*          1    00007980    0000001a     UNINITIALIZED
                  00007980    0000001a     F2837xD_GlobalVariableDefs.obj (DmaClaSrcSelRegsFile)

EPwmXbarRegsFile 
*          1    00007a00    00000040     UNINITIALIZED
                  00007a00    00000040     F2837xD_GlobalVariableDefs.obj (EPwmXbarRegsFile)

ClbXbarRegsFile 
*          1    00007a40    00000040     UNINITIALIZED
                  00007a40    00000040     F2837xD_GlobalVariableDefs.obj (ClbXbarRegsFile)

OutputXbarRegsFile 
*          1    00007a80    00000040     UNINITIALIZED
                  00007a80    00000040     F2837xD_GlobalVariableDefs.obj (OutputXbarRegsFile)

GpioCtrlRegsFile 
*          1    00007c00    00000180     UNINITIALIZED
                  00007c00    00000180     F2837xD_GlobalVariableDefs.obj (GpioCtrlRegsFile)

GpioDataRegsFile 
*          1    00007f00    00000030     UNINITIALIZED
                  00007f00    00000030     F2837xD_GlobalVariableDefs.obj (GpioDataRegsFile)

PUTBUFFER 
*          1    0003fc00    00000080     UNINITIALIZED
                  0003fc00    00000080     F2837xD_Ipc_Driver.obj (PUTBUFFER)

PUTWRITEIDX 
*          1    0003fc80    00000004     UNINITIALIZED
                  0003fc80    00000004     F2837xD_Ipc_Driver.obj (PUTWRITEIDX)

GETREADIDX 
*          1    0003fc84    00000004     UNINITIALIZED
                  0003fc84    00000004     F2837xD_Ipc_Driver.obj (GETREADIDX)

GETBUFFER 
*          0    0003f800    00000080     DSECT
                  0003f800    00000080     F2837xD_Ipc_Driver.obj (GETBUFFER)

GETWRITEIDX 
*          0    0003f880    00000004     DSECT
                  0003f880    00000004     F2837xD_Ipc_Driver.obj (GETWRITEIDX)

PUTREADIDX 
*          0    0003f884    00000004     DSECT
                  0003f884    00000004     F2837xD_Ipc_Driver.obj (PUTREADIDX)

PieVectTableFile 
*          1    00000d00    000001c0     UNINITIALIZED
                  00000d00    000001c0     F2837xD_GlobalVariableDefs.obj (PieVectTableFile)

EmuKeyVar 
*          1    00000d00    00000000     UNINITIALIZED

EmuBModeVar 
*          1    00000d00    00000000     UNINITIALIZED

EmuBootPinsVar 
*          1    00000d00    00000000     UNINITIALIZED

FlashCallbackVar 
*          1    00000d00    00000000     UNINITIALIZED

FlashScalingVar 
*          1    00000d00    00000000     UNINITIALIZED

Emif1RegsFile 
*          1    00047000    00000028     UNINITIALIZED
                  00047000    00000028     F2837xD_GlobalVariableDefs.obj (Emif1RegsFile)

Emif2RegsFile 
*          1    00047800    00000028     UNINITIALIZED
                  00047800    00000028     F2837xD_GlobalVariableDefs.obj (Emif2RegsFile)

CanaRegsFile 
*          1    00048000    00000164     UNINITIALIZED
                  00048000    00000164     F2837xD_GlobalVariableDefs.obj (CanaRegsFile)

CanbRegsFile 
*          1    0004a000    00000164     UNINITIALIZED
                  0004a000    00000164     F2837xD_GlobalVariableDefs.obj (CanbRegsFile)

IpcRegsFile 
*          1    00050000    00000024     UNINITIALIZED
                  00050000    00000024     F2837xD_GlobalVariableDefs.obj (IpcRegsFile)

FlashPumpSemaphoreRegsFile 
*          1    00050024    00000002     UNINITIALIZED
                  00050024    00000002     F2837xD_GlobalVariableDefs.obj (FlashPumpSemaphoreRegsFile)

DevCfgRegsFile 
*          1    0005d000    0000012e     UNINITIALIZED
                  0005d000    0000012e     F2837xD_GlobalVariableDefs.obj (DevCfgRegsFile)

AnalogSubsysRegsFile 
*          1    0005d180    0000003e     UNINITIALIZED
                  0005d180    0000003e     F2837xD_GlobalVariableDefs.obj (AnalogSubsysRegsFile)

ClkCfgRegsFile 
*          1    0005d200    00000032     UNINITIALIZED
                  0005d200    00000032     F2837xD_GlobalVariableDefs.obj (ClkCfgRegsFile)

CpuSysRegsFile 
*          1    0005d300    00000082     UNINITIALIZED
                  0005d300    00000082     F2837xD_GlobalVariableDefs.obj (CpuSysRegsFile)

DcsmZ1RegsFile 
*          1    0005f000    00000022     UNINITIALIZED
                  0005f000    00000022     F2837xD_GlobalVariableDefs.obj (DcsmZ1RegsFile)

DcsmZ2RegsFile 
*          1    0005f040    00000022     UNINITIALIZED
                  0005f040    00000022     F2837xD_GlobalVariableDefs.obj (DcsmZ2RegsFile)

DcsmCommonRegsFile 
*          1    0005f070    00000006     UNINITIALIZED
                  0005f070    00000006     F2837xD_GlobalVariableDefs.obj (DcsmCommonRegsFile)

MemCfgRegsFile 
*          1    0005f400    00000076     UNINITIALIZED
                  0005f400    00000076     F2837xD_GlobalVariableDefs.obj (MemCfgRegsFile)

Emif1ConfigRegsFile 
*          1    0005f480    0000000a     UNINITIALIZED
                  0005f480    0000000a     F2837xD_GlobalVariableDefs.obj (Emif1ConfigRegsFile)

Emif2ConfigRegsFile 
*          1    0005f4a0    0000000a     UNINITIALIZED
                  0005f4a0    0000000a     F2837xD_GlobalVariableDefs.obj (Emif2ConfigRegsFile)

AccessProtectionRegsFile 
*          1    0005f4c0    0000002e     UNINITIALIZED
                  0005f4c0    0000002e     F2837xD_GlobalVariableDefs.obj (AccessProtectionRegsFile)

MemoryErrorRegsFile 
*          1    0005f500    0000003a     UNINITIALIZED
                  0005f500    0000003a     F2837xD_GlobalVariableDefs.obj (MemoryErrorRegsFile)

Flash0CtrlRegsFile 
*          1    0005f800    00000182     UNINITIALIZED
                  0005f800    00000182     F2837xD_GlobalVariableDefs.obj (Flash0CtrlRegsFile)

Flash0EccRegsFile 
*          1    0005fb00    00000028     UNINITIALIZED
                  0005fb00    00000028     F2837xD_GlobalVariableDefs.obj (Flash0EccRegsFile)

RomPrefetchRegsFile 
*          1    0005e608    00000002     UNINITIALIZED
                  0005e608    00000002     F2837xD_GlobalVariableDefs.obj (RomPrefetchRegsFile)

RomWaitStateRegsFile 
*          1    0005f540    00000002     UNINITIALIZED
                  0005f540    00000002     F2837xD_GlobalVariableDefs.obj (RomWaitStateRegsFile)

.text.1    0    00082444    00001bbc     
                  00082444    00000585     F2837xD_DefaultISR.obj (.text:retain)
                  000829c9    000004dd     main.obj (.text:retain)
                  00082ea6    000004b4     F2837xD_SysCtrl.obj (.text)
                  0008335a    00000433     bsp_I2C.obj (.text)
                  0008378d    0000037b     main.obj (.text)
                  00083b08    00000257     485_ModobusRTU.obj (.text)
                  00083d5f    00000244     F2837xD_Gpio.obj (.text)
                  00083fa3    00000059     Solar_Lib_Float.lib : ABC_DQ0_POS_F.obj (.text)
                  00083ffc    00000003     F2837xD_DBGIER.obj (.text)
                  00083fff    00000001     rts2800_fpu32.lib : startup.c.obj (.text)

.text.2    0    00084000    00000be9     
                  00084000    000001c7     bsp_epwm.obj (.text)
                  000841c7    00000136     bsp_eQEP.obj (.text)
                  000842fd    0000012a     bsp_pid_ctrl.obj (.text)
                  00084427    00000127     bsp_adc.obj (.text)
                  0008454e    000000fd     F2837xD_EPwm.obj (.text)
                  0008464b    000000f0     F2837xD_Adc.obj (.text)
                  0008473b    00000088     rts2800_fpu32.lib : fs_div28.asm.obj (.text)
                  000847c3    0000007c     F2837xD_CpuTimers.obj (.text)
                  0008483f    00000071     485_ModobusRTU.obj (.text:retain)
                  000848b0    00000066     rts2800_fpu32.lib : s_sinf.c.obj (.text)
                  00084916    00000063                       : s_cosf.c.obj (.text)
                  00084979    0000005f     bsp_I2C.obj (.text:retain)
                  000849d8    00000057     Solar_Lib_Float.lib : DQ0_ABC_F.obj (.text)
                  00084a2f    00000056     rts2800_fpu32.lib : boot28.asm.obj (.text)
                  00084a85    00000052     bsp_led.obj (.text)
                  00084ad7    00000029     rts2800_fpu32.lib : exit.c.obj (.text)
                  00084b00    00000028     F2837xD_PieCtrl.obj (.text)
                  00084b28    00000026     F2837xD_PieVect.obj (.text)
                  00084b4e    00000024     rts2800_fpu32.lib : cpy_tbl.c.obj (.text)
                  00084b72    0000001d     bsp_relay.obj (.text)
                  00084b8f    0000001d     rts2800_fpu32.lib : memcpy.c.obj (.text)
                  00084bac    00000018                       : ll_aox28.asm.obj (.text)
                  00084bc4    00000012                       : args_main.c.obj (.text)
                  00084bd6    00000009                       : _lock.c.obj (.text)
                  00084bdf    00000008     F2837xD_CodeStartBranch.obj (.text)
                  00084be7    00000002     rts2800_fpu32.lib : pre_init.c.obj (.text)

.ebss      1    0000a800    0000032a     UNINITIALIZED
                  0000a800    000001a4     main.obj (.ebss)
                  0000a9a4    0000001a     F2837xD_struct.obj (.ebss:_EPWM)
                  0000a9be    00000002     bsp_I2C.obj (.ebss:_CB_ACTIVE_CELLSA_Addr)
                  0000a9c0    00000094     bsp_I2C.obj (.ebss)
                  0000aa54    0000001e     F2837xD_struct.obj (.ebss:_TRIP_SEL)
                  0000aa72    0000000e     F2837xD_struct.obj (.ebss:_ECAP)
                  0000aa80    0000001a     bsp_eQEP.obj (.ebss)
                  0000aa9a    00000018     F2837xD_CpuTimers.obj (.ebss)
                  0000aab2    0000000a     F2837xD_struct.obj (.ebss:_ADC)
                  0000aabc    00000004     F2837xD_struct.obj (.ebss:_I2C)
                  0000aac0    00000012     bsp_adc.obj (.ebss)
                  0000aad2    0000000a     bsp_epwm.obj (.ebss)
                  0000aadc    00000008     F2837xD_struct.obj (.ebss:_EQEP)
                  0000aae4    00000008     F2837xD_struct.obj (.ebss:_SPI)
                  0000aaec    00000008     485_ModobusRTU.obj (.ebss:_rx_buffer)
                  0000aaf4    00000008     485_ModobusRTU.obj (.ebss:_tx_buffer)
                  0000aafc    00000004     F2837xD_struct.obj (.ebss:_MCBSP)
                  0000ab00    00000006     F2837xD_TempSensorConv.obj (.ebss)
                  0000ab06    00000006     F2837xD_struct.obj (.ebss:_SDFM)
                  0000ab0c    00000006     device.obj (.ebss)
                  0000ab12    00000006     rts2800_fpu32.lib : exit.c.obj (.ebss)
                  0000ab18    00000005     485_ModobusRTU.obj (.ebss)
                  0000ab1d    00000001     F2837xD_sci_io.obj (.ebss)
                  0000ab1e    00000004     F2837xD_struct.obj (.ebss:_SCI)
                  0000ab22    00000002     bsp_I2C.obj (.ebss:_Cells_MaxMinVoltage)
                  0000ab24    00000002     rts2800_fpu32.lib : _lock.c.obj (.ebss:__lock)
                  0000ab26    00000002                       : _lock.c.obj (.ebss:__unlock)
                  0000ab28    00000002     bsp_led.obj (.ebss)

MODULE SUMMARY

       Module                           code    initialized data   uninitialized data
       ------                           ----    ----------------   ------------------
    .\
       main.obj                         2136    348                420               
    +--+--------------------------------+-------+------------------+--------------------+
       Total:                           2136    348                420               
                                                                                     
    .\BSP\485_ModobusRTU\
       485_ModobusRTU.obj               712     60                 21                
    +--+--------------------------------+-------+------------------+--------------------+
       Total:                           712     60                 21                
                                                                                     
    .\BSP\ADC\
       bsp_adc.obj                      295     0                  18                
    +--+--------------------------------+-------+------------------+--------------------+
       Total:                           295     0                  18                
                                                                                     
    .\BSP\EPWM\
       bsp_epwm.obj                     455     40                 10                
    +--+--------------------------------+-------+------------------+--------------------+
       Total:                           455     40                 10                
                                                                                     
    .\BSP\I2C\
       bsp_I2C.obj                      1170    444                152               
    +--+--------------------------------+-------+------------------+--------------------+
       Total:                           1170    444                152               
                                                                                     
    .\BSP\LED\
       bsp_led.obj                      82      0                  2                 
    +--+--------------------------------+-------+------------------+--------------------+
       Total:                           82      0                  2                 
                                                                                     
    .\BSP\PID\
       bsp_pid_ctrl.obj                 298     0                  0                 
    +--+--------------------------------+-------+------------------+--------------------+
       Total:                           298     0                  0                 
                                                                                     
    .\BSP\RELAY\
       bsp_relay.obj                    29      0                  0                 
    +--+--------------------------------+-------+------------------+--------------------+
       Total:                           29      0                  0                 
                                                                                     
    .\BSP\eQEP\
       bsp_eQEP.obj                     310     9                  26                
    +--+--------------------------------+-------+------------------+--------------------+
       Total:                           310     9                  26                
                                                                                     
    .\common\source\
       F2837xD_DefaultISR.obj           1413    0                  0                 
       F2837xD_SysCtrl.obj              1314    0                  0                 
       F2837xD_Gpio.obj                 580     0                  0                 
       F2837xD_PieVect.obj              38      448                0                 
       F2837xD_struct.obj               0       144                114               
       F2837xD_EPwm.obj                 253     0                  0                 
       F2837xD_Adc.obj                  240     0                  0                 
       F2837xD_CpuTimers.obj            124     0                  24                
       F2837xD_Ipc_Driver.obj           0       0                  136               
       F2837xD_PieCtrl.obj              40      0                  0                 
       device.obj                       0       15                 6                 
       F2837xD_CodeStartBranch.obj      10      0                  0                 
       F2837xD_usDelay.obj              8       0                  0                 
       F2837xD_TempSensorConv.obj       0       0                  6                 
       F2837xD_sci_io.obj               0       4                  1                 
       F2837xD_DBGIER.obj               3       0                  0                 
    +--+--------------------------------+-------+------------------+--------------------+
       Total:                           4023    611                287               
                                                                                     
    .\driverlib\
       sysctl.obj                       8       0                  0                 
    +--+--------------------------------+-------+------------------+--------------------+
       Total:                           8       0                  0                 
                                                                                     
    .\headers\source\
       F2837xD_GlobalVariableDefs.obj   0       0                  9854              
    +--+--------------------------------+-------+------------------+--------------------+
       Total:                           0       0                  9854              
                                                                                     
    D:/controlSUITE/libs/app_libs/solar/v1.2/float/lib/Solar_Lib_Float.lib
       ABC_DQ0_POS_F.obj                89      0                  0                 
       DQ0_ABC_F.obj                    87      0                  0                 
    +--+--------------------------------+-------+------------------+--------------------+
       Total:                           176     0                  0                 
                                                                                     
    D:\CCS12.3\ccs\tools\compiler\ti-cgt-c2000_22.6.0.LTS\lib\rts2800_fpu32.lib
       fs_div28.asm.obj                 136     0                  0                 
       s_sinf.c.obj                     102     0                  0                 
       s_cosf.c.obj                     99      0                  0                 
       boot28.asm.obj                   86      0                  0                 
       exit.c.obj                       41      14                 6                 
       cpy_tbl.c.obj                    36      0                  0                 
       memcpy.c.obj                     29      0                  0                 
       ll_aox28.asm.obj                 24      0                  0                 
       _lock.c.obj                      9       10                 4                 
       args_main.c.obj                  18      0                  0                 
       pre_init.c.obj                   2       0                  0                 
       startup.c.obj                    1       0                  0                 
    +--+--------------------------------+-------+------------------+--------------------+
       Total:                           583     24                 10                
                                                                                     
       Stack:                           0       0                  512               
    +--+--------------------------------+-------+------------------+--------------------+
       Grand Total:                     10277   1536               11312             


GLOBAL DATA SYMBOLS: SORTED BY DATA PAGE

address     data page           name
--------    ----------------    ----
00000400      10 (00000400)     __stack

00000b00      2c (00000b00)     _AdcaResultRegs
00000b20      2c (00000b00)     _AdcbResultRegs

00000b40      2d (00000b40)     _AdccResultRegs
00000b60      2d (00000b40)     _AdcdResultRegs

00000c00      30 (00000c00)     _CpuTimer0Regs
00000c08      30 (00000c00)     _CpuTimer1Regs
00000c10      30 (00000c00)     _CpuTimer2Regs

00000ce0      33 (00000cc0)     _PieCtrlRegs

00000d00      34 (00000d00)     _PieVectTable

00001000      40 (00001000)     _DmaRegs

00001400      50 (00001400)     _Cla1Regs

00003000      c0 (00003000)     _Clb1LogicCfgRegs

00003100      c4 (00003100)     _Clb1LogicCtrlRegs

00003200      c8 (00003200)     _Clb1DataExchRegs

00003400      d0 (00003400)     _Clb2LogicCfgRegs

00003500      d4 (00003500)     _Clb2LogicCtrlRegs

00003600      d8 (00003600)     _Clb2DataExchRegs

00003800      e0 (00003800)     _Clb3LogicCfgRegs

00003900      e4 (00003900)     _Clb3LogicCtrlRegs

00003a00      e8 (00003a00)     _Clb3DataExchRegs

00003c00      f0 (00003c00)     _Clb4LogicCfgRegs

00003d00      f4 (00003d00)     _Clb4LogicCtrlRegs

00003e00      f8 (00003e00)     _Clb4DataExchRegs

00004000     100 (00004000)     _EPwm1Regs

00004100     104 (00004100)     _EPwm2Regs

00004200     108 (00004200)     _EPwm3Regs

00004300     10c (00004300)     _EPwm4Regs

00004400     110 (00004400)     _EPwm5Regs

00004500     114 (00004500)     _EPwm6Regs

00004600     118 (00004600)     _EPwm7Regs

00004700     11c (00004700)     _EPwm8Regs

00004800     120 (00004800)     _EPwm9Regs

00004900     124 (00004900)     _EPwm10Regs

00004a00     128 (00004a00)     _EPwm11Regs

00004b00     12c (00004b00)     _EPwm12Regs

00005000     140 (00005000)     _ECap1Regs
00005020     140 (00005000)     _ECap2Regs

00005040     141 (00005040)     _ECap3Regs
00005060     141 (00005040)     _ECap4Regs

00005080     142 (00005080)     _ECap5Regs
000050a0     142 (00005080)     _ECap6Regs

00005100     144 (00005100)     _EQep1Regs

00005140     145 (00005140)     _EQep2Regs

00005180     146 (00005180)     _EQep3Regs

00005c00     170 (00005c00)     _DacaRegs
00005c10     170 (00005c00)     _DacbRegs
00005c20     170 (00005c00)     _DaccRegs

00005c80     172 (00005c80)     _Cmpss1Regs
00005ca0     172 (00005c80)     _Cmpss2Regs

00005cc0     173 (00005cc0)     _Cmpss3Regs
00005ce0     173 (00005cc0)     _Cmpss4Regs

00005d00     174 (00005d00)     _Cmpss5Regs
00005d20     174 (00005d00)     _Cmpss6Regs

00005d40     175 (00005d40)     _Cmpss7Regs
00005d60     175 (00005d40)     _Cmpss8Regs

00005e00     178 (00005e00)     _Sdfm1Regs

00005e80     17a (00005e80)     _Sdfm2Regs

00006000     180 (00006000)     _McbspaRegs

00006040     181 (00006040)     _McbspbRegs

00006100     184 (00006100)     _SpiaRegs
00006110     184 (00006100)     _SpibRegs
00006120     184 (00006100)     _SpicRegs

00006200     188 (00006200)     _UppRegs

00007000     1c0 (00007000)     _WdRegs

00007060     1c1 (00007040)     _NmiIntruptRegs
00007070     1c1 (00007040)     _XintRegs

00007200     1c8 (00007200)     _SciaRegs
00007210     1c8 (00007200)     _ScibRegs
00007220     1c8 (00007200)     _ScicRegs
00007230     1c8 (00007200)     _ScidRegs

00007300     1cc (00007300)     _I2caRegs

00007340     1cd (00007340)     _I2cbRegs

00007400     1d0 (00007400)     _AdcaRegs

00007480     1d2 (00007480)     _AdcbRegs

00007500     1d4 (00007500)     _AdccRegs

00007580     1d6 (00007580)     _AdcdRegs

00007900     1e4 (00007900)     _InputXbarRegs
00007920     1e4 (00007900)     _XbarRegs

00007940     1e5 (00007940)     _SyncSocRegs

00007980     1e6 (00007980)     _DmaClaSrcSelRegs

00007a00     1e8 (00007a00)     _EPwmXbarRegs

00007a40     1e9 (00007a40)     _ClbXbarRegs

00007a80     1ea (00007a80)     _OutputXbarRegs

00007c00     1f0 (00007c00)     _GpioCtrlRegs

00007f00     1fc (00007f00)     _GpioDataRegs

0000a800     2a0 (0000a800)     _APhase_Current
0000a801     2a0 (0000a800)     _BPhase_Current
0000a802     2a0 (0000a800)     _CPhase_Current
0000a803     2a0 (0000a800)     _flag
0000a804     2a0 (0000a800)     _flag2
0000a805     2a0 (0000a800)     _Bus_Voltage_AD
0000a806     2a0 (0000a800)     _Bus_Current_AD
0000a807     2a0 (0000a800)     _Supercapacitor_Voltage_AD
0000a808     2a0 (0000a800)     _Turn_on_off
0000a809     2a0 (0000a800)     _state_flag
0000a80a     2a0 (0000a800)     _zhuanziDw_flag
0000a80b     2a0 (0000a800)     _RELAY2_flag
0000a80c     2a0 (0000a800)     _RELAY1_flag
0000a80d     2a0 (0000a800)     _RELAY2_flag_last
0000a80e     2a0 (0000a800)     _RELAY1_flag_last
0000a80f     2a0 (0000a800)     _PEM_ENABLE
0000a810     2a0 (0000a800)     _TZ_flag
0000a811     2a0 (0000a800)     _TZ
0000a812     2a0 (0000a800)     _zl_flag
0000a813     2a0 (0000a800)     _gd_f
0000a814     2a0 (0000a800)     _gd_count
0000a816     2a0 (0000a800)     _K_norm
0000a818     2a0 (0000a800)     _Ua_Voltage
0000a81a     2a0 (0000a800)     _Ub_Voltage
0000a81c     2a0 (0000a800)     _Uc_Voltage
0000a81e     2a0 (0000a800)     _Ud_Voltage
0000a820     2a0 (0000a800)     _Uq_Voltage
0000a822     2a0 (0000a800)     _Ia_Current
0000a824     2a0 (0000a800)     _Ib_Current
0000a826     2a0 (0000a800)     _Ic_Current
0000a828     2a0 (0000a800)     _Id_Current
0000a82a     2a0 (0000a800)     _Iq_Current
0000a82c     2a0 (0000a800)     _Ia_Current_norm
0000a82e     2a0 (0000a800)     _Ib_Current_norm
0000a830     2a0 (0000a800)     _Ic_Current_norm
0000a832     2a0 (0000a800)     _Bus_Voltage
0000a834     2a0 (0000a800)     _Bus_Current
0000a836     2a0 (0000a800)     _Supercapacitor_Voltage
0000a838     2a0 (0000a800)     _M
0000a83a     2a0 (0000a800)     _Sin_the
0000a83c     2a0 (0000a800)     _Cos_the
0000a83e     2a0 (0000a800)     _Id_pid_kp

0000a840     2a1 (0000a840)     _Iq_pid_kp
0000a842     2a1 (0000a840)     _Id_pid_ki
0000a844     2a1 (0000a840)     _Iq_pid_ki
0000a846     2a1 (0000a840)     _current_out_limit
0000a848     2a1 (0000a840)     _speed_pid_kp
0000a84a     2a1 (0000a840)     _speed_pid_ki
0000a84c     2a1 (0000a840)     _speed_out_limit
0000a84e     2a1 (0000a840)     _currentDC_pid_kp
0000a850     2a1 (0000a840)     _currentDC_pid_ki
0000a852     2a1 (0000a840)     _currentDC_out_limit
0000a854     2a1 (0000a840)     _currentDC_ref
0000a856     2a1 (0000a840)     _currentDC_ref_ctr
0000a858     2a1 (0000a840)     _speed_ref
0000a85a     2a1 (0000a840)     _speed_ref_ctr
0000a85c     2a1 (0000a840)     _speed_normK
0000a85e     2a1 (0000a840)     _Ld
0000a860     2a1 (0000a840)     _Lq
0000a862     2a1 (0000a840)     _Rs
0000a864     2a1 (0000a840)     _Pn
0000a866     2a1 (0000a840)     _flux
0000a868     2a1 (0000a840)     _Kt
0000a86a     2a1 (0000a840)     _Te
0000a86c     2a1 (0000a840)     _w1_d
0000a86e     2a1 (0000a840)     _w1_q
0000a870     2a1 (0000a840)     _Id_out
0000a872     2a1 (0000a840)     _Iq_out
0000a874     2a1 (0000a840)     _Id_out_norm
0000a876     2a1 (0000a840)     _Iq_out_norm
0000a878     2a1 (0000a840)     _Varef
0000a87a     2a1 (0000a840)     _Vbref
0000a87c     2a1 (0000a840)     _Vcref

0000a880     2a2 (0000a880)     _abc_dq0_pos1_speed
0000a894     2a2 (0000a880)     _abc_dq0_pos1_cur
0000a8a8     2a2 (0000a880)     _dq0_abc1_cur

0000a8c0     2a3 (0000a8c0)     _current_pid_d

0000a900     2a4 (0000a900)     _current_pid_q

0000a940     2a5 (0000a940)     _speed_pid

0000a980     2a6 (0000a980)     _currentDC_pid
0000a9a4     2a6 (0000a980)     _EPWM
0000a9be     2a6 (0000a980)     _CB_ACTIVE_CELLSA_Addr

0000a9c0     2a7 (0000a9c0)     _COM_flag
0000a9c1     2a7 (0000a9c0)     _I2C_ERROR_FLAG
0000a9c2     2a7 (0000a9c0)     _COM_Allow
0000a9c3     2a7 (0000a9c0)     _Ram_SetFlag
0000a9c4     2a7 (0000a9c0)     _Alarm_Set
0000a9c5     2a7 (0000a9c0)     _FET_Status
0000a9c6     2a7 (0000a9c0)     _Pump_Control
0000a9c7     2a7 (0000a9c0)     _Safety_Alert_A
0000a9c8     2a7 (0000a9c0)     _Safety_Status_A
0000a9c9     2a7 (0000a9c0)     _Safety_Alert_B
0000a9ca     2a7 (0000a9c0)     _Safety_Status_B
0000a9cb     2a7 (0000a9c0)     _Safety_Alert_C
0000a9cc     2a7 (0000a9c0)     _Safety_Status_C
0000a9cd     2a7 (0000a9c0)     _PF_Alert_A
0000a9ce     2a7 (0000a9c0)     _PF_Status_A
0000a9cf     2a7 (0000a9c0)     _PF_Alert_B
0000a9d0     2a7 (0000a9c0)     _PF_Status_B
0000a9d1     2a7 (0000a9c0)     _PF_Alert_C
0000a9d2     2a7 (0000a9c0)     _PF_Status_C
0000a9d3     2a7 (0000a9c0)     _PF_Alert_D
0000a9d4     2a7 (0000a9c0)     _PF_Status_D
0000a9d5     2a7 (0000a9c0)     _Cell1_Voltage_mv
0000a9d6     2a7 (0000a9c0)     _Cell2_Voltage_mv
0000a9d7     2a7 (0000a9c0)     _Cell3_Voltage_mv
0000a9d8     2a7 (0000a9c0)     _Cell4_Voltage_mv
0000a9d9     2a7 (0000a9c0)     _Cell5_Voltage_mv
0000a9da     2a7 (0000a9c0)     _Cell6_Voltage_mv
0000a9db     2a7 (0000a9c0)     _Cell7_Voltage_mv
0000a9dc     2a7 (0000a9c0)     _Cell8_Voltage_mv
0000a9dd     2a7 (0000a9c0)     _Cell9_Voltage_mv
0000a9de     2a7 (0000a9c0)     _Cell10_Voltage_mv
0000a9df     2a7 (0000a9c0)     _Stack_Voltage_mv
0000a9e0     2a7 (0000a9c0)     _PACK_Pin_Voltage_mv
0000a9e1     2a7 (0000a9c0)     _CC2_Current_mA
0000a9e2     2a7 (0000a9c0)     _CC2_Current_mA_Real
0000a9e3     2a7 (0000a9c0)     _Cells_MinVoltage_mv
0000a9e4     2a7 (0000a9c0)     _Cells_MaxVoltage_mv
0000a9e5     2a7 (0000a9c0)     _Int_Temperature_Value
0000a9e6     2a7 (0000a9c0)     _TS1_Temperature_Value
0000a9e7     2a7 (0000a9c0)     _TS2_Temperature_Value
0000a9e8     2a7 (0000a9c0)     _TS3_Temperature_Value
0000a9e9     2a7 (0000a9c0)     _CB_ACTIVE_CELLS
0000a9ea     2a7 (0000a9c0)     _Battery_Status
0000a9eb     2a7 (0000a9c0)     _I2C_MODE_Val
0000a9ec     2a7 (0000a9c0)     _Vcell_Num
0000a9ed     2a7 (0000a9c0)     _COV_Threshold_mv
0000a9ee     2a7 (0000a9c0)     _CUV_Threshold_mv
0000a9ef     2a7 (0000a9c0)     _SCD_Threshold_A
0000a9f0     2a7 (0000a9c0)     _OCC_Threshold_A
0000a9f1     2a7 (0000a9c0)     _OCD1_Threshold_A
0000a9f2     2a7 (0000a9c0)     _OCD2_Threshold_A
0000a9f3     2a7 (0000a9c0)     _FET_ControlMODE
0000a9f4     2a7 (0000a9c0)     _FET_Options
0000a9f5     2a7 (0000a9c0)     _Protections_A
0000a9f6     2a7 (0000a9c0)     _Manufacturing_Status_Value
0000a9f7     2a7 (0000a9c0)     _OTP_WR_CHECK_Value
0000a9f8     2a7 (0000a9c0)     _OTP_WRITE_Value
0000a9f9     2a7 (0000a9c0)     _Safety_Alert_A_Addr
0000a9fa     2a7 (0000a9c0)     _Safety_Status_A_Addr
0000a9fb     2a7 (0000a9c0)     _Safety_Alert_B_Addr
0000a9fc     2a7 (0000a9c0)     _Safety_Status_B_Addr
0000a9fd     2a7 (0000a9c0)     _Safety_Alert_C_Addr
0000a9fe     2a7 (0000a9c0)     _Safety_Status_C_Addr
0000a9ff     2a7 (0000a9c0)     _Cell1_Voltage_Addr

0000aa00     2a8 (0000aa00)     _Cell2_Voltage_Addr
0000aa01     2a8 (0000aa00)     _Cell3_Voltage_Addr
0000aa02     2a8 (0000aa00)     _Cell4_Voltage_Addr
0000aa03     2a8 (0000aa00)     _Cell5_Voltage_Addr
0000aa04     2a8 (0000aa00)     _Cell6_Voltage_Addr
0000aa05     2a8 (0000aa00)     _Cell7_Voltage_Addr
0000aa06     2a8 (0000aa00)     _Cell8_Voltage_Addr
0000aa07     2a8 (0000aa00)     _Cell9_Voltage_Addr
0000aa08     2a8 (0000aa00)     _Cell10_Voltage_Addr
0000aa09     2a8 (0000aa00)     _Stack_Voltage_Addr
0000aa0a     2a8 (0000aa00)     _PACK_Pin_Voltage_Addr
0000aa0b     2a8 (0000aa00)     _CC2_Current_Addr
0000aa0c     2a8 (0000aa00)     _Int_Temperature_Addr
0000aa0d     2a8 (0000aa00)     _TS1_Temperature_Addr
0000aa0e     2a8 (0000aa00)     _TS2_Temperature_Addr
0000aa0f     2a8 (0000aa00)     _TS3_Temperature_Addr
0000aa10     2a8 (0000aa00)     _Battery_Status_Addr
0000aa11     2a8 (0000aa00)     _FET_Status_Addr
0000aa12     2a8 (0000aa00)     _PF_Alert_A_Addr
0000aa13     2a8 (0000aa00)     _PF_Status_A_Addr
0000aa14     2a8 (0000aa00)     _PF_Alert_B_Addr
0000aa15     2a8 (0000aa00)     _PF_Status_B_Addr
0000aa16     2a8 (0000aa00)     _PF_Alert_C_Addr
0000aa17     2a8 (0000aa00)     _PF_Status_C_Addr
0000aa18     2a8 (0000aa00)     _PF_Alert_D_Addr
0000aa19     2a8 (0000aa00)     _PF_Status_D_Addr
0000aa1a     2a8 (0000aa00)     _SendData_length
0000aa1b     2a8 (0000aa00)     _SendReg_address
0000aa1c     2a8 (0000aa00)     _ReadData_length
0000aa1d     2a8 (0000aa00)     _ReadReg_address
0000aa1e     2a8 (0000aa00)     _Bat_ERR_STATUS
0000aa1f     2a8 (0000aa00)     _Bat_PACK_Voltage
0000aa20     2a8 (0000aa00)     _Bat_PACK_Current
0000aa21     2a8 (0000aa00)     _Bat_CELL_MaxVoltage
0000aa22     2a8 (0000aa00)     _Bat_CELL_MinVoltage
0000aa23     2a8 (0000aa00)     _Cap_ERR_STATUS
0000aa24     2a8 (0000aa00)     _Cap_PACK_Voltage
0000aa25     2a8 (0000aa00)     _Cap_PACK_Current
0000aa26     2a8 (0000aa00)     _Cap_CELL_MaxVoltage
0000aa27     2a8 (0000aa00)     _Cap_CELL_MinVoltage
0000aa28     2a8 (0000aa00)     _CurrentMsgPtr
0000aa2a     2a8 (0000aa00)     _I2cMsgOut1

0000aa40     2a9 (0000aa40)     _I2cMsgIn1
0000aa54     2a9 (0000aa40)     _TRIP_SEL
0000aa72     2a9 (0000aa40)     _ECAP

0000aa80     2aa (0000aa80)     _motorspeed_rpm
0000aa82     2aa (0000aa80)     _SPEED_cal_K
0000aa84     2aa (0000aa80)     _motor
0000aa9a     2aa (0000aa80)     _CpuTimer0
0000aaa2     2aa (0000aa80)     _CpuTimer1
0000aaaa     2aa (0000aa80)     _CpuTimer2
0000aab2     2aa (0000aa80)     _ADC
0000aabc     2aa (0000aa80)     _I2C

0000aac0     2ab (0000aac0)     _Vab_filte
0000aac6     2ab (0000aac0)     _VBus_filte
0000aacc     2ab (0000aac0)     _temp_filte
0000aad2     2ab (0000aac0)     _EPWM1_TBPRD
0000aad3     2ab (0000aac0)     _EPWM1_CMPA
0000aad4     2ab (0000aac0)     _EPWM1_CMPB
0000aad5     2ab (0000aac0)     _EPWM2_TBPRD
0000aad6     2ab (0000aac0)     _EPWM2_CMPA
0000aad7     2ab (0000aac0)     _EPWM2_CMPB
0000aad8     2ab (0000aac0)     _EPWM3_TBPRD
0000aad9     2ab (0000aac0)     _EPWM3_CMPA
0000aada     2ab (0000aac0)     _EPWM3_CMPB
0000aadb     2ab (0000aac0)     _DEADTIME
0000aadc     2ab (0000aac0)     _EQEP
0000aae4     2ab (0000aac0)     _SPI
0000aaec     2ab (0000aac0)     _rx_buffer
0000aaf4     2ab (0000aac0)     _tx_buffer
0000aafc     2ab (0000aac0)     _MCBSP

0000ab00     2ac (0000ab00)     _tempSensor_tempSlope
0000ab02     2ac (0000ab00)     _tempSensor_tempOffset
0000ab04     2ac (0000ab00)     _tempSensor_scaleFactor
0000ab06     2ac (0000ab00)     _SDFM
0000ab0c     2ac (0000ab00)     _Example_Result
0000ab0e     2ac (0000ab00)     _Example_PassCount
0000ab10     2ac (0000ab00)     _Example_Fail
0000ab12     2ac (0000ab00)     ___TI_enable_exit_profile_output
0000ab14     2ac (0000ab00)     ___TI_cleanup_ptr
0000ab16     2ac (0000ab00)     ___TI_dtors_ptr
0000ab18     2ac (0000ab00)     _modbus_slave_addr
0000ab19     2ac (0000ab00)     _crc_err
0000ab1a     2ac (0000ab00)     _func_code_err
0000ab1b     2ac (0000ab00)     _receive_Rerr
0000ab1c     2ac (0000ab00)     _slave_addr_Rerr
0000ab1d     2ac (0000ab00)     _deviceOpen
0000ab1e     2ac (0000ab00)     _SCI
0000ab22     2ac (0000ab00)     _Cells_MaxMinVoltage
0000ab24     2ac (0000ab00)     __lock
0000ab26     2ac (0000ab00)     __unlock

0003f800     fe0 (0003f800)     _g_asIPCCPU2toCPU1Buffers

0003f880     fe2 (0003f880)     _g_usGetWriteIndexes
0003f884     fe2 (0003f880)     _g_usPutReadIndexes

0003fc00     ff0 (0003fc00)     _g_asIPCCPU1toCPU2Buffers

0003fc80     ff2 (0003fc80)     _g_usPutWriteIndexes
0003fc84     ff2 (0003fc80)     _g_usGetReadIndexes

00047000    11c0 (00047000)     _Emif1Regs

00047800    11e0 (00047800)     _Emif2Regs

00048000    1200 (00048000)     _CanaRegs

0004a000    1280 (0004a000)     _CanbRegs

00050000    1400 (00050000)     _IpcRegs
00050024    1400 (00050000)     _FlashPumpSemaphoreRegs

0005d000    1740 (0005d000)     _DevCfgRegs

0005d180    1746 (0005d180)     _AnalogSubsysRegs

0005d200    1748 (0005d200)     _ClkCfgRegs

0005d300    174c (0005d300)     _CpuSysRegs

0005e608    1798 (0005e600)     _RomPrefetchRegs

0005f000    17c0 (0005f000)     _DcsmZ1Regs

0005f040    17c1 (0005f040)     _DcsmZ2Regs
0005f070    17c1 (0005f040)     _DcsmCommonRegs

0005f400    17d0 (0005f400)     _MemCfgRegs

0005f480    17d2 (0005f480)     _Emif1ConfigRegs
0005f4a0    17d2 (0005f480)     _Emif2ConfigRegs

0005f4c0    17d3 (0005f4c0)     _AccessProtectionRegs

0005f500    17d4 (0005f500)     _MemoryErrorRegs

0005f540    17d5 (0005f540)     _RomWaitStateRegs

0005f800    17e0 (0005f800)     _Flash0CtrlRegs

0005fb00    17ec (0005fb00)     _Flash0EccRegs

00090000    2400 (00090000)     _PieVectTableInit


GLOBAL SYMBOLS: SORTED ALPHABETICALLY BY Name 

page  address   name                                  
----  -------   ----                                  
abs   ffffffff  .text                                 
0     00084ad7  C$$EXIT                               
0     0008473b  FS$$DIV                               
0     00084bac  LL$$AND                               
0     00084bb4  LL$$OR                                
0     00084bbc  LL$$XOR                               
0     00083fb9  _ABC_DQ0_POS_F_FUNC                   
0     00083fa3  _ABC_DQ0_POS_F_init                   
1     0000aab2  _ADC                                  
0     00082502  _ADCA1_ISR                            
0     00082782  _ADCA2_ISR                            
0     0008278c  _ADCA3_ISR                            
0     00082796  _ADCA4_ISR                            
0     00082778  _ADCA_EVT_ISR                         
0     0008250c  _ADCB1_ISR                            
0     000827aa  _ADCB2_ISR                            
0     000827b4  _ADCB3_ISR                            
0     000827be  _ADCB4_ISR                            
0     000827a0  _ADCB_EVT_ISR                         
0     00082516  _ADCC1_ISR                            
0     00082912  _ADCC2_ISR                            
0     0008291c  _ADCC3_ISR                            
0     00082926  _ADCC4_ISR                            
0     00082908  _ADCC_EVT_ISR                         
0     00082534  _ADCD1_ISR                            
0     0008293a  _ADCD2_ISR                            
0     00082944  _ADCD3_ISR                            
0     0008294e  _ADCD4_ISR                            
0     00082930  _ADCD_EVT_ISR                         
1     0000a800  _APhase_Current                       
0     0008298a  _AUX_PLL_SLIP_ISR                     
1     0005f4c0  _AccessProtectionRegs                 
0     0008464b  _AdcSetMode                           
1     00007400  _AdcaRegs                             
1     00000b00  _AdcaResultRegs                       
1     00007480  _AdcbRegs                             
1     00000b20  _AdcbResultRegs                       
1     00007500  _AdccRegs                             
1     00000b40  _AdccResultRegs                       
1     00007580  _AdcdRegs                             
1     00000b60  _AdcdResultRegs                       
1     0000a9c4  _Alarm_Set                            
1     0005d180  _AnalogSubsysRegs                     
0     000832e9  _AuxAuxClkSel                         
0     000832d3  _AuxIntOsc2Sel                        
0     000832dd  _AuxXtalOscSel                        
1     0000a801  _BPhase_Current                       
1     0000aa21  _Bat_CELL_MaxVoltage                  
1     0000aa22  _Bat_CELL_MinVoltage                  
1     0000aa1e  _Bat_ERR_STATUS                       
1     0000aa20  _Bat_PACK_Current                     
1     0000aa1f  _Bat_PACK_Voltage                     
1     0000a9ea  _Battery_Status                       
1     0000aa10  _Battery_Status_Addr                  
1     0000a834  _Bus_Current                          
1     0000a806  _Bus_Current_AD                       
1     0000a832  _Bus_Voltage                          
1     0000a805  _Bus_Voltage_AD                       
0     00082750  _CANA0_ISR                            
0     0008275a  _CANA1_ISR                            
0     00082764  _CANB0_ISR                            
0     0008276e  _CANB1_ISR                            
1     0000a9e9  _CB_ACTIVE_CELLS                      
1     0000a9be  _CB_ACTIVE_CELLSA_Addr                
1     0000aa0b  _CC2_Current_Addr                     
1     0000a9e1  _CC2_Current_mA                       
1     0000a9e2  _CC2_Current_mA_Real                  
0     000827c8  _CLA1_1_ISR                           
0     000827d2  _CLA1_2_ISR                           
0     000827dc  _CLA1_3_ISR                           
0     000827e6  _CLA1_4_ISR                           
0     000827f0  _CLA1_5_ISR                           
0     000827fa  _CLA1_6_ISR                           
0     00082804  _CLA1_7_ISR                           
0     0008280e  _CLA1_8_ISR                           
0     00082994  _CLA_OVERFLOW_ISR                     
0     0008299e  _CLA_UNDERFLOW_ISR                    
1     0000a9c2  _COM_Allow                            
1     0000a9c0  _COM_flag                             
1     0000a9ed  _COV_Threshold_mv                     
1     0000a802  _CPhase_Current                       
1     0000a9ee  _CUV_Threshold_mv                     
0     00084701  _CalAdcINL                            
1     00048000  _CanaRegs                             
1     0004a000  _CanbRegs                             
1     0000aa26  _Cap_CELL_MaxVoltage                  
1     0000aa27  _Cap_CELL_MinVoltage                  
1     0000aa23  _Cap_ERR_STATUS                       
1     0000aa25  _Cap_PACK_Current                     
1     0000aa24  _Cap_PACK_Voltage                     
1     0000aa08  _Cell10_Voltage_Addr                  
1     0000a9de  _Cell10_Voltage_mv                    
1     0000a9ff  _Cell1_Voltage_Addr                   
1     0000a9d5  _Cell1_Voltage_mv                     
1     0000aa00  _Cell2_Voltage_Addr                   
1     0000a9d6  _Cell2_Voltage_mv                     
1     0000aa01  _Cell3_Voltage_Addr                   
1     0000a9d7  _Cell3_Voltage_mv                     
1     0000aa02  _Cell4_Voltage_Addr                   
1     0000a9d8  _Cell4_Voltage_mv                     
1     0000aa03  _Cell5_Voltage_Addr                   
1     0000a9d9  _Cell5_Voltage_mv                     
1     0000aa04  _Cell6_Voltage_Addr                   
1     0000a9da  _Cell6_Voltage_mv                     
1     0000aa05  _Cell7_Voltage_Addr                   
1     0000a9db  _Cell7_Voltage_mv                     
1     0000aa06  _Cell8_Voltage_Addr                   
1     0000a9dc  _Cell8_Voltage_mv                     
1     0000aa07  _Cell9_Voltage_Addr                   
1     0000a9dd  _Cell9_Voltage_mv                     
1     0000ab22  _Cells_MaxMinVoltage                  
1     0000a9e4  _Cells_MaxVoltage_mv                  
1     0000a9e3  _Cells_MinVoltage_mv                  
1     00001400  _Cla1Regs                             
1     00003200  _Clb1DataExchRegs                     
1     00003000  _Clb1LogicCfgRegs                     
1     00003100  _Clb1LogicCtrlRegs                    
1     00003600  _Clb2DataExchRegs                     
1     00003400  _Clb2LogicCfgRegs                     
1     00003500  _Clb2LogicCtrlRegs                    
1     00003a00  _Clb3DataExchRegs                     
1     00003800  _Clb3LogicCfgRegs                     
1     00003900  _Clb3LogicCtrlRegs                    
1     00003e00  _Clb4DataExchRegs                     
1     00003c00  _Clb4LogicCfgRegs                     
1     00003d00  _Clb4LogicCtrlRegs                    
1     00007a40  _ClbXbarRegs                          
1     0005d200  _ClkCfgRegs                           
1     00005c80  _Cmpss1Regs                           
1     00005ca0  _Cmpss2Regs                           
1     00005cc0  _Cmpss3Regs                           
1     00005ce0  _Cmpss4Regs                           
1     00005d00  _Cmpss5Regs                           
1     00005d20  _Cmpss6Regs                           
1     00005d40  _Cmpss7Regs                           
1     00005d60  _Cmpss8Regs                           
0     00084804  _ConfigCpuTimer                       
0     0008333d  _ConfigureTMXAnalogTrim               
1     0000a83c  _Cos_the                              
1     0005d300  _CpuSysRegs                           
1     0000aa9a  _CpuTimer0                            
1     00000c00  _CpuTimer0Regs                        
1     0000aaa2  _CpuTimer1                            
1     00000c08  _CpuTimer1Regs                        
1     0000aaaa  _CpuTimer2                            
1     00000c10  _CpuTimer2Regs                        
0     0008327e  _CsmUnlock                            
1     0000aa28  _CurrentMsgPtr                        
0     00082458  _DATALOG_ISR                          
1     0000aadb  _DEADTIME                             
0     0008269c  _DMA_CH1_ISR                          
0     000826a6  _DMA_CH2_ISR                          
0     000826b0  _DMA_CH3_ISR                          
0     000826ba  _DMA_CH4_ISR                          
0     000826c4  _DMA_CH5_ISR                          
0     000826ce  _DMA_CH6_ISR                          
0     000849ee  _DQ0_ABC_F_FUNC                       
0     000849d8  _DQ0_ABC_F_init                       
1     00005c00  _DacaRegs                             
1     00005c10  _DacbRegs                             
1     00005c20  _DaccRegs                             
0     000833dd  _DataMemory_Com_Write                 
1     0005f070  _DcsmCommonRegs                       
1     0005f000  _DcsmZ1Regs                           
1     0005f040  _DcsmZ2Regs                           
1     0005d000  _DevCfgRegs                           
0     00082f92  _DisableDog                           
0     00082f53  _DisablePeripheralClocks              
1     00007980  _DmaClaSrcSelRegs                     
1     00001000  _DmaRegs                              
1     0000aa72  _ECAP                                 
0     000825f2  _ECAP1_ISR                            
0     000825fc  _ECAP2_ISR                            
0     00082606  _ECAP3_ISR                            
0     00082610  _ECAP4_ISR                            
0     0008261a  _ECAP5_ISR                            
0     00082624  _ECAP6_ISR                            
1     00005000  _ECap1Regs                            
1     00005020  _ECap2Regs                            
1     00005040  _ECap3Regs                            
1     00005060  _ECap4Regs                            
1     00005080  _ECap5Regs                            
1     000050a0  _ECap6Regs                            
0     00082958  _EMIF_ERROR_ISR                       
0     000829b2  _EMPTY_ISR                            
0     0008246c  _EMU_ISR                              
1     0000a9a4  _EPWM                                 
0     000828ae  _EPWM10_ISR                           
0     00082886  _EPWM10_TZ_ISR                        
0     000828b8  _EPWM11_ISR                           
0     00082890  _EPWM11_TZ_ISR                        
0     000828c2  _EPWM12_ISR                           
0     0008289a  _EPWM12_TZ_ISR                        
1     0000aad3  _EPWM1_CMPA                           
1     0000aad4  _EPWM1_CMPB                           
0     000825a2  _EPWM1_ISR                            
1     0000aad2  _EPWM1_TBPRD                          
0     00082552  _EPWM1_TZ_ISR                         
1     0000aad6  _EPWM2_CMPA                           
1     0000aad7  _EPWM2_CMPB                           
0     000825ac  _EPWM2_ISR                            
1     0000aad5  _EPWM2_TBPRD                          
0     0008255c  _EPWM2_TZ_ISR                         
1     0000aad9  _EPWM3_CMPA                           
1     0000aada  _EPWM3_CMPB                           
0     000825b6  _EPWM3_ISR                            
1     0000aad8  _EPWM3_TBPRD                          
0     00082566  _EPWM3_TZ_ISR                         
0     000825c0  _EPWM4_ISR                            
0     00082570  _EPWM4_TZ_ISR                         
0     000825ca  _EPWM5_ISR                            
0     0008257a  _EPWM5_TZ_ISR                         
0     000825d4  _EPWM6_ISR                            
0     00082584  _EPWM6_TZ_ISR                         
0     000825de  _EPWM7_ISR                            
0     0008258e  _EPWM7_TZ_ISR                         
0     000825e8  _EPWM8_ISR                            
0     00082598  _EPWM8_TZ_ISR                         
0     000828a4  _EPWM9_ISR                            
0     0008287c  _EPWM9_TZ_ISR                         
1     00004900  _EPwm10Regs                           
1     00004a00  _EPwm11Regs                           
1     00004b00  _EPwm12Regs                           
1     00004000  _EPwm1Regs                            
1     00004100  _EPwm2Regs                            
1     00004200  _EPwm3Regs                            
1     00004300  _EPwm4Regs                            
1     00004400  _EPwm5Regs                            
1     00004500  _EPwm6Regs                            
1     00004600  _EPwm7Regs                            
1     00004700  _EPwm8Regs                            
1     00004800  _EPwm9Regs                            
1     00007a00  _EPwmXbarRegs                         
1     0000aadc  _EQEP                                 
0     0008262e  _EQEP1_ISR                            
0     00082638  _EQEP2_ISR                            
0     00082642  _EQEP3_ISR                            
1     00005100  _EQep1Regs                            
1     00005140  _EQep2Regs                            
1     00005180  _EQep3Regs                            
1     0005f480  _Emif1ConfigRegs                      
1     00047000  _Emif1Regs                            
1     0005f4a0  _Emif2ConfigRegs                      
1     00047800  _Emif2Regs                            
0     00084b1f  _EnableInterrupts                     
1     0000ab10  _Example_Fail                         
1     0000ab0e  _Example_PassCount                    
1     0000ab0c  _Example_Result                       
0     00008037  _F28x_usDelay                         
1     0000a9f3  _FET_ControlMODE                      
1     0000a9f4  _FET_Options                          
1     0000a9c5  _FET_Status                           
1     0000aa11  _FET_Status_Addr                      
0     0008296c  _FLASH_CORRECTABLE_ERROR_ISR          
0     00082840  _FPU_OVERFLOW_ISR                     
0     0008284a  _FPU_UNDERFLOW_ISR                    
1     0005f800  _Flash0CtrlRegs                       
1     0005fb00  _Flash0EccRegs                        
0     00008029  _FlashOff                             
1     00050024  _FlashPumpSemaphoreRegs               
0     00083f58  _GPIO_EnableUnbondedIOPullups         
0     00083f33  _GPIO_EnableUnbondedIOPullupsFor100Pin
0     00083f1a  _GPIO_EnableUnbondedIOPullupsFor176Pin
0     00083f6e  _GPIO_ReadPin                         
0     00083ebf  _GPIO_SetupLock                       
0     00083d9f  _GPIO_SetupPinMux                     
0     00083e2b  _GPIO_SetupPinOptions                 
0     00083ee8  _GPIO_SetupXINT1Gpio                  
0     00083ef2  _GPIO_SetupXINT2Gpio                  
0     00083efc  _GPIO_SetupXINT3Gpio                  
0     00083f06  _GPIO_SetupXINT4Gpio                  
0     00083f10  _GPIO_SetupXINT5Gpio                  
0     00084aac  _GPIO_TogglePin                       
0     00083f85  _GPIO_WritePin                        
1     00007c00  _GpioCtrlRegs                         
1     00007f00  _GpioDataRegs                         
0     00083307  _HALT                                 
0     00083320  _HIB                                  
1     0000aabc  _I2C                                  
0     000826e2  _I2CA_FIFO_ISR                        
0     000826d8  _I2CA_ISR                             
0     000826f6  _I2CB_FIFO_ISR                        
0     0008335a  _I2CB_GpioInit                        
0     000826ec  _I2CB_ISR                             
0     00083365  _I2CB_Init                            
0     000834f7  _I2CB_ReadData                        
0     000834c6  _I2CB_WriteData                       
1     0000a9c1  _I2C_ERROR_FLAG                       
1     0000a9eb  _I2C_MODE_Val                         
1     0000aa40  _I2cMsgIn1                            
1     0000aa2a  _I2cMsgOut1                           
1     00007300  _I2caRegs                             
1     00007340  _I2cbRegs                             
0     000832f3  _IDLE                                 
0     00082480  _ILLEGAL_ISR                          
0     00082df2  _INTERRUPT_ISR_TZProtect              
0     00082854  _IPC0_ISR                             
0     0008285e  _IPC1_ISR                             
0     00082868  _IPC2_ISR                             
0     00082872  _IPC3_ISR                             
1     0000a822  _Ia_Current                           
1     0000a82c  _Ia_Current_norm                      
1     0000a824  _Ib_Current                           
1     0000a82e  _Ib_Current_norm                      
1     0000a826  _Ic_Current                           
1     0000a830  _Ic_Current_norm                      
1     0000a828  _Id_Current                           
1     0000a870  _Id_out                               
1     0000a874  _Id_out_norm                          
1     0000a842  _Id_pid_ki                            
1     0000a83e  _Id_pid_kp                            
[...]
1     00000600  __STACK_END                           
1     00000b00  _AdcaResultRegs                       
1     00000b20  _AdcbResultRegs                       
1     00000b40  _AdccResultRegs                       
1     00000b60  _AdcdResultRegs                       
1     00000c00  _CpuTimer0Regs                        
1     00000c08  _CpuTimer1Regs                        
1     00000c10  _CpuTimer2Regs                        
1     00000ce0  _PieCtrlRegs                          
1     00000d00  _PieVectTable                         
1     00001000  _DmaRegs                              
1     00001400  _Cla1Regs                             
1     00003000  _Clb1LogicCfgRegs                     
1     00003100  _Clb1LogicCtrlRegs                    
1     00003200  _Clb1DataExchRegs                     
1     00003400  _Clb2LogicCfgRegs                     
1     00003500  _Clb2LogicCtrlRegs                    
1     00003600  _Clb2DataExchRegs                     
1     00003800  _Clb3LogicCfgRegs                     
1     00003900  _Clb3LogicCtrlRegs                    
1     00003a00  _Clb3DataExchRegs                     
1     00003c00  _Clb4LogicCfgRegs                     
1     00003d00  _Clb4LogicCtrlRegs                    
1     00003e00  _Clb4DataExchRegs                     
1     00004000  _EPwm1Regs                            
1     00004100  _EPwm2Regs                            
1     00004200  _EPwm3Regs                            
1     00004300  _EPwm4Regs                            
1     00004400  _EPwm5Regs                            
1     00004500  _EPwm6Regs                            
1     00004600  _EPwm7Regs                            
1     00004700  _EPwm8Regs                            
1     00004800  _EPwm9Regs                            
1     00004900  _EPwm10Regs                           
1     00004a00  _EPwm11Regs                           
1     00004b00  _EPwm12Regs                           
1     00005000  _ECap1Regs                            
1     00005020  _ECap2Regs                            
1     00005040  _ECap3Regs                            
1     00005060  _ECap4Regs                            
1     00005080  _ECap5Regs                            
1     000050a0  _ECap6Regs                            
1     00005100  _EQep1Regs                            
1     00005140  _EQep2Regs                            
1     00005180  _EQep3Regs                            
1     00005c00  _DacaRegs                             
1     00005c10  _DacbRegs                             
1     00005c20  _DaccRegs                             
1     00005c80  _Cmpss1Regs                           
1     00005ca0  _Cmpss2Regs                           
1     00005cc0  _Cmpss3Regs                           
1     00005ce0  _Cmpss4Regs                           
1     00005d00  _Cmpss5Regs                           
1     00005d20  _Cmpss6Regs                           
1     00005d40  _Cmpss7Regs                           
1     00005d60  _Cmpss8Regs                           
1     00005e00  _Sdfm1Regs                            
1     00005e80  _Sdfm2Regs                            
1     00006000  _McbspaRegs                           
1     00006040  _McbspbRegs                           
1     00006100  _SpiaRegs                             
1     00006110  _SpibRegs                             
1     00006120  _SpicRegs                             
1     00006200  _UppRegs                              
1     00007000  _WdRegs                               
1     00007060  _NmiIntruptRegs                       
1     00007070  _XintRegs                             
1     00007200  _SciaRegs                             
1     00007210  _ScibRegs                             
1     00007220  _ScicRegs                             
1     00007230  _ScidRegs                             
1     00007300  _I2caRegs                             
1     00007340  _I2cbRegs                             
1     00007400  _AdcaRegs                             
1     00007480  _AdcbRegs                             
1     00007500  _AdccRegs                             
1     00007580  _AdcdRegs                             
1     00007900  _InputXbarRegs                        
1     00007920  _XbarRegs                             
1     00007940  _SyncSocRegs                          
1     00007980  _DmaClaSrcSelRegs                     
1     00007a00  _EPwmXbarRegs                         
1     00007a40  _ClbXbarRegs                          
1     00007a80  _OutputXbarRegs                       
1     00007c00  _GpioCtrlRegs                         
1     00007f00  _GpioDataRegs                         
1     0000a800  _APhase_Current                       
1     0000a801  _BPhase_Current                       
1     0000a802  _CPhase_Current                       
1     0000a803  _flag                                 
1     0000a804  _flag2                                
1     0000a805  _Bus_Voltage_AD                       
1     0000a806  _Bus_Current_AD                       
1     0000a807  _Supercapacitor_Voltage_AD            
1     0000a808  _Turn_on_off                          
1     0000a809  _state_flag                           
1     0000a80a  _zhuanziDw_flag                       
1     0000a80b  _RELAY2_flag                          
1     0000a80c  _RELAY1_flag                          
1     0000a80d  _RELAY2_flag_last                     
1     0000a80e  _RELAY1_flag_last                     
1     0000a80f  _PEM_ENABLE                           
1     0000a810  _TZ_flag                              
1     0000a811  _TZ                                   
1     0000a812  _zl_flag                              
1     0000a813  _gd_f                                 
1     0000a814  _gd_count                             
1     0000a816  _K_norm                               
1     0000a818  _Ua_Voltage                           
1     0000a81a  _Ub_Voltage                           
1     0000a81c  _Uc_Voltage                           
1     0000a81e  _Ud_Voltage                           
1     0000a820  _Uq_Voltage                           
1     0000a822  _Ia_Current                           
1     0000a824  _Ib_Current                           
1     0000a826  _Ic_Current                           
1     0000a828  _Id_Current                           
1     0000a82a  _Iq_Current                           
1     0000a82c  _Ia_Current_norm                      
1     0000a82e  _Ib_Current_norm                      
1     0000a830  _Ic_Current_norm                      
1     0000a832  _Bus_Voltage                          
1     0000a834  _Bus_Current                          
1     0000a836  _Supercapacitor_Voltage               
1     0000a838  _M                                    
1     0000a83a  _Sin_the                              
1     0000a83c  _Cos_the                              
1     0000a83e  _Id_pid_kp                            
1     0000a840  _Iq_pid_kp                            
1     0000a842  _Id_pid_ki                            
1     0000a844  _Iq_pid_ki                            
1     0000a846  _current_out_limit                    
1     0000a848  _speed_pid_kp                         
1     0000a84a  _speed_pid_ki                         
1     0000a84c  _speed_out_limit                      
1     0000a84e  _currentDC_pid_kp                     
1     0000a850  _currentDC_pid_ki                     
1     0000a852  _currentDC_out_limit                  
1     0000a854  _currentDC_ref                        
1     0000a856  _currentDC_ref_ctr                    
1     0000a858  _speed_ref                            
1     0000a85a  _speed_ref_ctr                        
1     0000a85c  _speed_normK                          
1     0000a85e  _Ld                                   
1     0000a860  _Lq                                   
1     0000a862  _Rs                                   
1     0000a864  _Pn                                   
1     0000a866  _flux                                 
1     0000a868  _Kt                                   
1     0000a86a  _Te                                   
1     0000a86c  _w1_d                                 
1     0000a86e  _w1_q                                 
1     0000a870  _Id_out                               
1     0000a872  _Iq_out                               
1     0000a874  _Id_out_norm                          
1     0000a876  _Iq_out_norm                          
1     0000a878  _Varef                                
1     0000a87a  _Vbref                                
1     0000a87c  _Vcref                                
1     0000a880  _abc_dq0_pos1_speed                   
1     0000a894  _abc_dq0_pos1_cur                     
1     0000a8a8  _dq0_abc1_cur                         
1     0000a8c0  _current_pid_d                        
1     0000a900  _current_pid_q                        
1     0000a940  _speed_pid                            
1     0000a980  _currentDC_pid                        
1     0000a9a4  _EPWM                                 
1     0000a9be  _CB_ACTIVE_CELLSA_Addr                
1     0000a9c0  _COM_flag                             
1     0000a9c1  _I2C_ERROR_FLAG                       
1     0000a9c2  _COM_Allow                            
1     0000a9c3  _Ram_SetFlag                          
1     0000a9c4  _Alarm_Set                            
1     0000a9c5  _FET_Status                           
1     0000a9c6  _Pump_Control                         
1     0000a9c7  _Safety_Alert_A                       
1     0000a9c8  _Safety_Status_A                      
1     0000a9c9  _Safety_Alert_B                       
1     0000a9ca  _Safety_Status_B                      
1     0000a9cb  _Safety_Alert_C                       
1     0000a9cc  _Safety_Status_C                      
1     0000a9cd  _PF_Alert_A                           
1     0000a9ce  _PF_Status_A                          
1     0000a9cf  _PF_Alert_B                           
1     0000a9d0  _PF_Status_B                          
1     0000a9d1  _PF_Alert_C                           
1     0000a9d2  _PF_Status_C                          
1     0000a9d3  _PF_Alert_D                           
1     0000a9d4  _PF_Status_D                          
1     0000a9d5  _Cell1_Voltage_mv                     
1     0000a9d6  _Cell2_Voltage_mv                     
1     0000a9d7  _Cell3_Voltage_mv                     
1     0000a9d8  _Cell4_Voltage_mv                     
1     0000a9d9  _Cell5_Voltage_mv                     
1     0000a9da  _Cell6_Voltage_mv                     
1     0000a9db  _Cell7_Voltage_mv                     
1     0000a9dc  _Cell8_Voltage_mv                     
1     0000a9dd  _Cell9_Voltage_mv                     
1     0000a9de  _Cell10_Voltage_mv                    
1     0000a9df  _Stack_Voltage_mv                     
1     0000a9e0  _PACK_Pin_Voltage_mv                  
1     0000a9e1  _CC2_Current_mA                       
1     0000a9e2  _CC2_Current_mA_Real                  
1     0000a9e3  _Cells_MinVoltage_mv                  
1     0000a9e4  _Cells_MaxVoltage_mv                  
1     0000a9e5  _Int_Temperature_Value                
1     0000a9e6  _TS1_Temperature_Value                
1     0000a9e7  _TS2_Temperature_Value                
1     0000a9e8  _TS3_Temperature_Value                
1     0000a9e9  _CB_ACTIVE_CELLS                      
1     0000a9ea  _Battery_Status                       
1     0000a9eb  _I2C_MODE_Val                         
1     0000a9ec  _Vcell_Num                            
1     0000a9ed  _COV_Threshold_mv                     
1     0000a9ee  _CUV_Threshold_mv                     
1     0000a9ef  _SCD_Threshold_A                      
1     0000a9f0  _OCC_Threshold_A                      
1     0000a9f1  _OCD1_Threshold_A                     
1     0000a9f2  _OCD2_Threshold_A                     
1     0000a9f3  _FET_ControlMODE                      
1     0000a9f4  _FET_Options                          
1     0000a9f5  _Protections_A                        
1     0000a9f6  _Manufacturing_Status_Value           
1     0000a9f7  _OTP_WR_CHECK_Value                   
1     0000a9f8  _OTP_WRITE_Value                      
1     0000a9f9  _Safety_Alert_A_Addr                  
1     0000a9fa  _Safety_Status_A_Addr                 
1     0000a9fb  _Safety_Alert_B_Addr                  
1     0000a9fc  _Safety_Status_B_Addr                 
1     0000a9fd  _Safety_Alert_C_Addr                  
1     0000a9fe  _Safety_Status_C_Addr                 
1     0000a9ff  _Cell1_Voltage_Addr                   
1     0000aa00  _Cell2_Voltage_Addr                   
1     0000aa01  _Cell3_Voltage_Addr                   
1     0000aa02  _Cell4_Voltage_Addr                   
1     0000aa03  _Cell5_Voltage_Addr                   
1     0000aa04  _Cell6_Voltage_Addr                   
1     0000aa05  _Cell7_Voltage_Addr                   
1     0000aa06  _Cell8_Voltage_Addr                   
1     0000aa07  _Cell9_Voltage_Addr                   
1     0000aa08  _Cell10_Voltage_Addr                  
1     0000aa09  _Stack_Voltage_Addr                   
1     0000aa0a  _PACK_Pin_Voltage_Addr                
1     0000aa0b  _CC2_Current_Addr                     
1     0000aa0c  _Int_Temperature_Addr                 
1     0000aa0d  _TS1_Temperature_Addr                 
1     0000aa0e  _TS2_Temperature_Addr                 
1     0000aa0f  _TS3_Temperature_Addr                 
1     0000aa10  _Battery_Status_Addr                  
1     0000aa11  _FET_Status_Addr                      
1     0000aa12  _PF_Alert_A_Addr                      
1     0000aa13  _PF_Status_A_Addr                     
1     0000aa14  _PF_Alert_B_Addr                      
1     0000aa15  _PF_Status_B_Addr                     
1     0000aa16  _PF_Alert_C_Addr                      
1     0000aa17  _PF_Status_C_Addr                     
1     0000aa18  _PF_Alert_D_Addr                      
1     0000aa19  _PF_Status_D_Addr                     
1     0000aa1a  _SendData_length                      
1     0000aa1b  _SendReg_address                      
1     0000aa1c  _ReadData_length                      
1     0000aa1d  _ReadReg_address                      
1     0000aa1e  _Bat_ERR_STATUS                       
1     0000aa1f  _Bat_PACK_Voltage                     
1     0000aa20  _Bat_PACK_Current                     
1     0000aa21  _Bat_CELL_MaxVoltage                  
1     0000aa22  _Bat_CELL_MinVoltage                  
1     0000aa23  _Cap_ERR_STATUS                       
1     0000aa24  _Cap_PACK_Voltage                     
1     0000aa25  _Cap_PACK_Current                     
1     0000aa26  _Cap_CELL_MaxVoltage                  
1     0000aa27  _Cap_CELL_MinVoltage                  
1     0000aa28  _CurrentMsgPtr                        
1     0000aa2a  _I2cMsgOut1                           
1     0000aa40  _I2cMsgIn1                            
1     0000aa54  _TRIP_SEL                             
1     0000aa72  _ECAP                                 
1     0000aa80  _motorspeed_rpm                       
1     0000aa82  _SPEED_cal_K                          
1     0000aa84  _motor                                
1     0000aa9a  _CpuTimer0                            
1     0000aaa2  _CpuTimer1                            
1     0000aaaa  _CpuTimer2                            
1     0000aab2  _ADC                                  
1     0000aabc  _I2C                                  
1     0000aac0  _Vab_filte                            
1     0000aac6  _VBus_filte                           
1     0000aacc  _temp_filte                           
1     0000aad2  _EPWM1_TBPRD                          
1     0000aad3  _EPWM1_CMPA                           
1     0000aad4  _EPWM1_CMPB                           
1     0000aad5  _EPWM2_TBPRD                          
1     0000aad6  _EPWM2_CMPA                           
1     0000aad7  _EPWM2_CMPB                           
1     0000aad8  _EPWM3_TBPRD                          
1     0000aad9  _EPWM3_CMPA                           
1     0000aada  _EPWM3_CMPB                           
1     0000aadb  _DEADTIME                             
1     0000aadc  _EQEP                                 
1     0000aae4  _SPI                                  
1     0000aaec  _rx_buffer                            
1     0000aaf4  _tx_buffer                            
1     0000aafc  _MCBSP                                
1     0000ab00  _tempSensor_tempSlope                 
1     0000ab02  _tempSensor_tempOffset                
1     0000ab04  _tempSensor_scaleFactor               
1     0000ab06  _SDFM                                 
1     0000ab0c  _Example_Result                       
1     0000ab0e  _Example_PassCount                    
1     0000ab10  _Example_Fail                         
1     0000ab12  ___TI_enable_exit_profile_output      
1     0000ab14  ___TI_cleanup_ptr                     
1     0000ab16  ___TI_dtors_ptr                       
1     0000ab18  _modbus_slave_addr                    
1     0000ab19  _crc_err                              
1     0000ab1a  _func_code_err                        
1     0000ab1b  _receive_Rerr                         
1     0000ab1c  _slave_addr_Rerr                      
1     0000ab1d  _deviceOpen                           
1     0000ab1e  _SCI                                  
1     0000ab22  _Cells_MaxMinVoltage                  
1     0000ab24  __lock                                
1     0000ab26  __unlock                              
1     0003fc00  _g_asIPCCPU1toCPU2Buffers             
1     0003fc80  _g_usPutWriteIndexes                  
1     0003fc84  _g_usGetReadIndexes                   
1     00047000  _Emif1Regs                            
1     00047800  _Emif2Regs                            
1     00048000  _CanaRegs                             
1     0004a000  _CanbRegs                             
1     00050000  _IpcRegs                              
1     00050024  _FlashPumpSemaphoreRegs               
1     0005d000  _DevCfgRegs                           
1     0005d180  _AnalogSubsysRegs                     
1     0005d200  _ClkCfgRegs                           
1     0005d300  _CpuSysRegs                           
1     0005e608  _RomPrefetchRegs                      
1     0005f000  _DcsmZ1Regs                           
1     0005f040  _DcsmZ2Regs                           
1     0005f070  _DcsmCommonRegs                       
1     0005f400  _MemCfgRegs                           
1     0005f480  _Emif1ConfigRegs                      
1     0005f4a0  _Emif2ConfigRegs                      
1     0005f4c0  _AccessProtectionRegs                 
1     0005f500  _MemoryErrorRegs                      
1     0005f540  _RomWaitStateRegs                     
1     0005f800  _Flash0CtrlRegs                       
1     0005fb00  _Flash0EccRegs                        
abs   0000003f  _RamfuncsLoadSize                     
abs   0000003f  _RamfuncsRunSize                      
abs   00000200  __STACK_SIZE                          
abs   ffffffff  .text                                 
abs   ffffffff  ___TI_pprof_out_hndl                  
abs   ffffffff  ___TI_prof_data_size                  
abs   ffffffff  ___TI_prof_data_start                 
abs   ffffffff  ___binit__                            
abs   ffffffff  ___c_args__                           
abs   ffffffff  ___etext__                            
abs   ffffffff  ___pinit__                            
abs   ffffffff  ___text__                             
abs   ffffffff  binit                                 
abs   ffffffff  etext                                 
abs   ffffffff  pinit                                 

[647 symbols]
