<?xml version="1.0" encoding="ISO-8859-1" ?>
<link_info>
   <banner>TMS320C2000 Linker PC v22.6.0.LTS</banner>
   <copyright>Copyright (c) 1996-2018 Texas Instruments Incorporated</copyright>
   <link_time>0x66caf807</link_time>
   <link_errors>0x0</link_errors>
   <output_file>ThreePhaseRectifier1.out</output_file>
   <entry_point>
      <name>_c_int00</name>
      <address>0x84732</address>
   </entry_point>
   <input_file_list>
      <input_file id="fl-2">
         <path>.\</path>
         <kind>object</kind>
         <file>main.obj</file>
         <name>main.obj</name>
      </input_file>
      <input_file id="fl-3">
         <path>.\BSP\ADC\</path>
         <kind>object</kind>
         <file>bsp_adc.obj</file>
         <name>bsp_adc.obj</name>
      </input_file>
      <input_file id="fl-4">
         <path>.\BSP\EMIF\</path>
         <kind>object</kind>
         <file>bsp_emif.obj</file>
         <name>bsp_emif.obj</name>
      </input_file>
      <input_file id="fl-5">
         <path>.\BSP\EMIF\</path>
         <kind>object</kind>
         <file>emif_asram_pin_setup.obj</file>
         <name>emif_asram_pin_setup.obj</name>
      </input_file>
      <input_file id="fl-6">
         <path>.\BSP\EPWM\</path>
         <kind>object</kind>
         <file>bsp_epwm.obj</file>
         <name>bsp_epwm.obj</name>
      </input_file>
      <input_file id="fl-7">
         <path>.\BSP\INT\</path>
         <kind>object</kind>
         <file>bsp_timer.obj</file>
         <name>bsp_timer.obj</name>
      </input_file>
      <input_file id="fl-8">
         <path>.\BSP\LED\</path>
         <kind>object</kind>
         <file>bsp_led.obj</file>
         <name>bsp_led.obj</name>
      </input_file>
      <input_file id="fl-9">
         <path>.\BSP\PID\</path>
         <kind>object</kind>
         <file>bsp_pid_ctrl.obj</file>
         <name>bsp_pid_ctrl.obj</name>
      </input_file>
      <input_file id="fl-a">
         <path>.\BSP\RELAY\</path>
         <kind>object</kind>
         <file>bsp_relay.obj</file>
         <name>bsp_relay.obj</name>
      </input_file>
      <input_file id="fl-b">
         <path>.\BSP\SPLL_SOGI\</path>
         <kind>object</kind>
         <file>SPLL_1ph_SOGI_F.obj</file>
         <name>SPLL_1ph_SOGI_F.obj</name>
      </input_file>
      <input_file id="fl-c">
         <path>.\common\source\</path>
         <kind>object</kind>
         <file>F2837xD_Adc.obj</file>
         <name>F2837xD_Adc.obj</name>
      </input_file>
      <input_file id="fl-d">
         <path>.\common\source\</path>
         <kind>object</kind>
         <file>F2837xD_CodeStartBranch.obj</file>
         <name>F2837xD_CodeStartBranch.obj</name>
      </input_file>
      <input_file id="fl-e">
         <path>.\common\source\</path>
         <kind>object</kind>
         <file>F2837xD_CpuTimers.obj</file>
         <name>F2837xD_CpuTimers.obj</name>
      </input_file>
      <input_file id="fl-f">
         <path>.\common\source\</path>
         <kind>object</kind>
         <file>F2837xD_DBGIER.obj</file>
         <name>F2837xD_DBGIER.obj</name>
      </input_file>
      <input_file id="fl-10">
         <path>.\common\source\</path>
         <kind>object</kind>
         <file>F2837xD_DefaultISR.obj</file>
         <name>F2837xD_DefaultISR.obj</name>
      </input_file>
      <input_file id="fl-11">
         <path>.\common\source\</path>
         <kind>object</kind>
         <file>F2837xD_Dma.obj</file>
         <name>F2837xD_Dma.obj</name>
      </input_file>
      <input_file id="fl-12">
         <path>.\common\source\</path>
         <kind>object</kind>
         <file>F2837xD_ECap.obj</file>
         <name>F2837xD_ECap.obj</name>
      </input_file>
      <input_file id="fl-13">
         <path>.\common\source\</path>
         <kind>object</kind>
         <file>F2837xD_EPwm.obj</file>
         <name>F2837xD_EPwm.obj</name>
      </input_file>
      <input_file id="fl-14">
         <path>.\common\source\</path>
         <kind>object</kind>
         <file>F2837xD_EQep.obj</file>
         <name>F2837xD_EQep.obj</name>
      </input_file>
      <input_file id="fl-15">
         <path>.\common\source\</path>
         <kind>object</kind>
         <file>F2837xD_Emif.obj</file>
         <name>F2837xD_Emif.obj</name>
      </input_file>
      <input_file id="fl-16">
         <path>.\common\source\</path>
         <kind>object</kind>
         <file>F2837xD_Gpio.obj</file>
         <name>F2837xD_Gpio.obj</name>
      </input_file>
      <input_file id="fl-17">
         <path>.\common\source\</path>
         <kind>object</kind>
         <file>F2837xD_I2C.obj</file>
         <name>F2837xD_I2C.obj</name>
      </input_file>
      <input_file id="fl-18">
         <path>.\common\source\</path>
         <kind>object</kind>
         <file>F2837xD_Ipc.obj</file>
         <name>F2837xD_Ipc.obj</name>
      </input_file>
      <input_file id="fl-19">
         <path>.\common\source\</path>
         <kind>object</kind>
         <file>F2837xD_Ipc_Driver.obj</file>
         <name>F2837xD_Ipc_Driver.obj</name>
      </input_file>
      <input_file id="fl-1a">
         <path>.\common\source\</path>
         <kind>object</kind>
         <file>F2837xD_Ipc_Driver_Lite.obj</file>
         <name>F2837xD_Ipc_Driver_Lite.obj</name>
      </input_file>
      <input_file id="fl-1b">
         <path>.\common\source\</path>
         <kind>object</kind>
         <file>F2837xD_Ipc_Driver_Util.obj</file>
         <name>F2837xD_Ipc_Driver_Util.obj</name>
      </input_file>
      <input_file id="fl-1c">
         <path>.\common\source\</path>
         <kind>object</kind>
         <file>F2837xD_Mcbsp.obj</file>
         <name>F2837xD_Mcbsp.obj</name>
      </input_file>
      <input_file id="fl-1d">
         <path>.\common\source\</path>
         <kind>object</kind>
         <file>F2837xD_PieCtrl.obj</file>
         <name>F2837xD_PieCtrl.obj</name>
      </input_file>
      <input_file id="fl-1e">
         <path>.\common\source\</path>
         <kind>object</kind>
         <file>F2837xD_PieVect.obj</file>
         <name>F2837xD_PieVect.obj</name>
      </input_file>
      <input_file id="fl-1f">
         <path>.\common\source\</path>
         <kind>object</kind>
         <file>F2837xD_Sci.obj</file>
         <name>F2837xD_Sci.obj</name>
      </input_file>
      <input_file id="fl-20">
         <path>.\common\source\</path>
         <kind>object</kind>
         <file>F2837xD_Spi.obj</file>
         <name>F2837xD_Spi.obj</name>
      </input_file>
      <input_file id="fl-21">
         <path>.\common\source\</path>
         <kind>object</kind>
         <file>F2837xD_SysCtrl.obj</file>
         <name>F2837xD_SysCtrl.obj</name>
      </input_file>
      <input_file id="fl-22">
         <path>.\common\source\</path>
         <kind>object</kind>
         <file>F2837xD_TempSensorConv.obj</file>
         <name>F2837xD_TempSensorConv.obj</name>
      </input_file>
      <input_file id="fl-23">
         <path>.\common\source\</path>
         <kind>object</kind>
         <file>F2837xD_Upp.obj</file>
         <name>F2837xD_Upp.obj</name>
      </input_file>
      <input_file id="fl-24">
         <path>.\common\source\</path>
         <kind>object</kind>
         <file>F2837xD_can.obj</file>
         <name>F2837xD_can.obj</name>
      </input_file>
      <input_file id="fl-25">
         <path>.\common\source\</path>
         <kind>object</kind>
         <file>F2837xD_sci_io.obj</file>
         <name>F2837xD_sci_io.obj</name>
      </input_file>
      <input_file id="fl-26">
         <path>.\common\source\</path>
         <kind>object</kind>
         <file>F2837xD_sdfm_drivers.obj</file>
         <name>F2837xD_sdfm_drivers.obj</name>
      </input_file>
      <input_file id="fl-27">
         <path>.\common\source\</path>
         <kind>object</kind>
         <file>F2837xD_struct.obj</file>
         <name>F2837xD_struct.obj</name>
      </input_file>
      <input_file id="fl-28">
         <path>.\common\source\</path>
         <kind>object</kind>
         <file>F2837xD_usDelay.obj</file>
         <name>F2837xD_usDelay.obj</name>
      </input_file>
      <input_file id="fl-29">
         <path>.\common\source\</path>
         <kind>object</kind>
         <file>device.obj</file>
         <name>device.obj</name>
      </input_file>
      <input_file id="fl-2a">
         <path>.\driverlib\</path>
         <kind>object</kind>
         <file>adc.obj</file>
         <name>adc.obj</name>
      </input_file>
      <input_file id="fl-2b">
         <path>.\driverlib\</path>
         <kind>object</kind>
         <file>asysctl.obj</file>
         <name>asysctl.obj</name>
      </input_file>
      <input_file id="fl-2c">
         <path>.\driverlib\</path>
         <kind>object</kind>
         <file>can.obj</file>
         <name>can.obj</name>
      </input_file>
      <input_file id="fl-2d">
         <path>.\driverlib\</path>
         <kind>object</kind>
         <file>cla.obj</file>
         <name>cla.obj</name>
      </input_file>
      <input_file id="fl-2e">
         <path>.\driverlib\</path>
         <kind>object</kind>
         <file>clb.obj</file>
         <name>clb.obj</name>
      </input_file>
      <input_file id="fl-2f">
         <path>.\driverlib\</path>
         <kind>object</kind>
         <file>cmpss.obj</file>
         <name>cmpss.obj</name>
      </input_file>
      <input_file id="fl-30">
         <path>.\driverlib\</path>
         <kind>object</kind>
         <file>cputimer.obj</file>
         <name>cputimer.obj</name>
      </input_file>
      <input_file id="fl-31">
         <path>.\driverlib\</path>
         <kind>object</kind>
         <file>dac.obj</file>
         <name>dac.obj</name>
      </input_file>
      <input_file id="fl-32">
         <path>.\driverlib\</path>
         <kind>object</kind>
         <file>dcsm.obj</file>
         <name>dcsm.obj</name>
      </input_file>
      <input_file id="fl-33">
         <path>.\driverlib\</path>
         <kind>object</kind>
         <file>dma.obj</file>
         <name>dma.obj</name>
      </input_file>
      <input_file id="fl-34">
         <path>.\driverlib\</path>
         <kind>object</kind>
         <file>ecap.obj</file>
         <name>ecap.obj</name>
      </input_file>
      <input_file id="fl-35">
         <path>.\driverlib\</path>
         <kind>object</kind>
         <file>emif.obj</file>
         <name>emif.obj</name>
      </input_file>
      <input_file id="fl-36">
         <path>.\driverlib\</path>
         <kind>object</kind>
         <file>epwm.obj</file>
         <name>epwm.obj</name>
      </input_file>
      <input_file id="fl-37">
         <path>.\driverlib\</path>
         <kind>object</kind>
         <file>eqep.obj</file>
         <name>eqep.obj</name>
      </input_file>
      <input_file id="fl-38">
         <path>.\driverlib\</path>
         <kind>object</kind>
         <file>flash.obj</file>
         <name>flash.obj</name>
      </input_file>
      <input_file id="fl-39">
         <path>.\driverlib\</path>
         <kind>object</kind>
         <file>gpio.obj</file>
         <name>gpio.obj</name>
      </input_file>
      <input_file id="fl-3a">
         <path>.\driverlib\</path>
         <kind>object</kind>
         <file>hrpwm.obj</file>
         <name>hrpwm.obj</name>
      </input_file>
      <input_file id="fl-3b">
         <path>.\driverlib\</path>
         <kind>object</kind>
         <file>i2c.obj</file>
         <name>i2c.obj</name>
      </input_file>
      <input_file id="fl-3c">
         <path>.\driverlib\</path>
         <kind>object</kind>
         <file>interrupt.obj</file>
         <name>interrupt.obj</name>
      </input_file>
      <input_file id="fl-3d">
         <path>.\driverlib\</path>
         <kind>object</kind>
         <file>ipc.obj</file>
         <name>ipc.obj</name>
      </input_file>
      <input_file id="fl-3e">
         <path>.\driverlib\</path>
         <kind>object</kind>
         <file>mcbsp.obj</file>
         <name>mcbsp.obj</name>
      </input_file>
      <input_file id="fl-3f">
         <path>.\driverlib\</path>
         <kind>object</kind>
         <file>memcfg.obj</file>
         <name>memcfg.obj</name>
      </input_file>
      <input_file id="fl-40">
         <path>.\driverlib\</path>
         <kind>object</kind>
         <file>sci.obj</file>
         <name>sci.obj</name>
      </input_file>
      <input_file id="fl-41">
         <path>.\driverlib\</path>
         <kind>object</kind>
         <file>sdfm.obj</file>
         <name>sdfm.obj</name>
      </input_file>
      <input_file id="fl-42">
         <path>.\driverlib\</path>
         <kind>object</kind>
         <file>spi.obj</file>
         <name>spi.obj</name>
      </input_file>
      <input_file id="fl-43">
         <path>.\driverlib\</path>
         <kind>object</kind>
         <file>sysctl.obj</file>
         <name>sysctl.obj</name>
      </input_file>
      <input_file id="fl-44">
         <path>.\driverlib\</path>
         <kind>object</kind>
         <file>upp.obj</file>
         <name>upp.obj</name>
      </input_file>
      <input_file id="fl-45">
         <path>.\driverlib\</path>
         <kind>object</kind>
         <file>usb.obj</file>
         <name>usb.obj</name>
      </input_file>
      <input_file id="fl-46">
         <path>.\driverlib\</path>
         <kind>object</kind>
         <file>version.obj</file>
         <name>version.obj</name>
      </input_file>
      <input_file id="fl-47">
         <path>.\driverlib\</path>
         <kind>object</kind>
         <file>xbar.obj</file>
         <name>xbar.obj</name>
      </input_file>
      <input_file id="fl-48">
         <path>.\headers\source\</path>
         <kind>object</kind>
         <file>F2837xD_GlobalVariableDefs.obj</file>
         <name>F2837xD_GlobalVariableDefs.obj</name>
      </input_file>
      <input_file id="fl-54">
         <kind>object</kind>
         <file>&lt;internal&gt;</file>
         <name>&lt;internal&gt;</name>
      </input_file>
      <input_file id="fl-66">
         <path>D:\CCS12.3\ccs\tools\compiler\ti-cgt-c2000_22.6.0.LTS\lib\</path>
         <kind>archive</kind>
         <file>rts2800_fpu32.lib</file>
         <name>s_cosf.c.obj</name>
      </input_file>
      <input_file id="fl-67">
         <path>D:\CCS12.3\ccs\tools\compiler\ti-cgt-c2000_22.6.0.LTS\lib\</path>
         <kind>archive</kind>
         <file>rts2800_fpu32.lib</file>
         <name>s_roundf.c.obj</name>
      </input_file>
      <input_file id="fl-68">
         <path>D:\CCS12.3\ccs\tools\compiler\ti-cgt-c2000_22.6.0.LTS\lib\</path>
         <kind>archive</kind>
         <file>rts2800_fpu32.lib</file>
         <name>s_sinf.c.obj</name>
      </input_file>
      <input_file id="fl-69">
         <path>D:\CCS12.3\ccs\tools\compiler\ti-cgt-c2000_22.6.0.LTS\lib\</path>
         <kind>archive</kind>
         <file>rts2800_fpu32.lib</file>
         <name>boot28.asm.obj</name>
      </input_file>
      <input_file id="fl-6a">
         <path>D:\CCS12.3\ccs\tools\compiler\ti-cgt-c2000_22.6.0.LTS\lib\</path>
         <kind>archive</kind>
         <file>rts2800_fpu32.lib</file>
         <name>fs_div28.asm.obj</name>
      </input_file>
      <input_file id="fl-6b">
         <path>D:\CCS12.3\ccs\tools\compiler\ti-cgt-c2000_22.6.0.LTS\lib\</path>
         <kind>archive</kind>
         <file>rts2800_fpu32.lib</file>
         <name>ll_aox28.asm.obj</name>
      </input_file>
      <input_file id="fl-6c">
         <path>D:\CCS12.3\ccs\tools\compiler\ti-cgt-c2000_22.6.0.LTS\lib\</path>
         <kind>archive</kind>
         <file>rts2800_fpu32.lib</file>
         <name>cpy_tbl.c.obj</name>
      </input_file>
      <input_file id="fl-6d">
         <path>D:\CCS12.3\ccs\tools\compiler\ti-cgt-c2000_22.6.0.LTS\lib\</path>
         <kind>archive</kind>
         <file>rts2800_fpu32.lib</file>
         <name>memcpy.c.obj</name>
      </input_file>
      <input_file id="fl-6e">
         <path>D:\CCS12.3\ccs\tools\compiler\ti-cgt-c2000_22.6.0.LTS\lib\</path>
         <kind>archive</kind>
         <file>rts2800_fpu32.lib</file>
         <name>pre_init.c.obj</name>
      </input_file>
      <input_file id="fl-6f">
         <path>D:\CCS12.3\ccs\tools\compiler\ti-cgt-c2000_22.6.0.LTS\lib\</path>
         <kind>archive</kind>
         <file>rts2800_fpu32.lib</file>
         <name>startup.c.obj</name>
      </input_file>
      <input_file id="fl-70">
         <path>D:\CCS12.3\ccs\tools\compiler\ti-cgt-c2000_22.6.0.LTS\lib\</path>
         <kind>archive</kind>
         <file>rts2800_fpu32.lib</file>
         <name>exit.c.obj</name>
      </input_file>
      <input_file id="fl-71">
         <path>D:\CCS12.3\ccs\tools\compiler\ti-cgt-c2000_22.6.0.LTS\lib\</path>
         <kind>archive</kind>
         <file>rts2800_fpu32.lib</file>
         <name>_lock.c.obj</name>
      </input_file>
      <input_file id="fl-72">
         <path>D:\CCS12.3\ccs\tools\compiler\ti-cgt-c2000_22.6.0.LTS\lib\</path>
         <kind>archive</kind>
         <file>rts2800_fpu32.lib</file>
         <name>args_main.c.obj</name>
      </input_file>
      <input_file id="fl-73">
         <path>D:\CCS12.3\ccs\tools\compiler\ti-cgt-c2000_22.6.0.LTS\lib\</path>
         <kind>archive</kind>
         <file>rts2800_fpu32.lib</file>
         <name>memset.c.obj</name>
      </input_file>
      <input_file id="fl-74">
         <path>D:\CCS12.3\ccs\tools\compiler\ti-cgt-c2000_22.6.0.LTS\lib\</path>
         <kind>archive</kind>
         <file>rts2800_fpu32.lib</file>
         <name>s_floorf.c.obj</name>
      </input_file>
      <input_file id="fl-75">
         <path>D:\controlSUITE\libs\app_libs\solar\v1.2\float\lib\</path>
         <kind>archive</kind>
         <file>Solar_Lib_Float.lib</file>
         <name>DQ0_ABC_F.obj</name>
      </input_file>
      <input_file id="fl-76">
         <path>D:\controlSUITE\libs\app_libs\solar\v1.2\float\lib\</path>
         <kind>archive</kind>
         <file>Solar_Lib_Float.lib</file>
         <name>ABC_DQ0_POS_F.obj</name>
      </input_file>
      <input_file id="fl-77">
         <path>D:\controlSUITE\libs\app_libs\solar\v1.2\float\lib\</path>
         <kind>archive</kind>
         <file>Solar_Lib_Float.lib</file>
         <name>ABC_DQ0_NEG_F.obj</name>
      </input_file>
   </input_file_list>
   <object_component_list>
      <object_component id="oc-90">
         <name>.cinit</name>
         <load_address>0x82000</load_address>
         <run_address>0x82000</run_address>
         <size>0x156</size>
         <input_file_ref idref="fl-2"/>
      </object_component>
      <object_component id="oc-a8">
         <name>.cinit</name>
         <load_address>0x82156</load_address>
         <run_address>0x82156</run_address>
         <size>0x28</size>
         <input_file_ref idref="fl-6"/>
      </object_component>
      <object_component id="oc-224">
         <name>.cinit:_TRIP_SEL</name>
         <load_address>0x8217e</load_address>
         <run_address>0x8217e</run_address>
         <size>0x21</size>
         <input_file_ref idref="fl-27"/>
      </object_component>
      <object_component id="oc-254">
         <name>.cinit:_EPWM</name>
         <load_address>0x8219f</load_address>
         <run_address>0x8219f</run_address>
         <size>0x1d</size>
         <input_file_ref idref="fl-27"/>
      </object_component>
      <object_component id="oc-214">
         <name>.cinit:_ECAP</name>
         <load_address>0x821bc</load_address>
         <run_address>0x821bc</run_address>
         <size>0x11</size>
         <input_file_ref idref="fl-27"/>
      </object_component>
      <object_component id="oc-160">
         <name>.cinit</name>
         <load_address>0x821cd</load_address>
         <run_address>0x821cd</run_address>
         <size>0xf</size>
         <input_file_ref idref="fl-29"/>
      </object_component>
      <object_component id="oc-29f">
         <name>.cinit</name>
         <load_address>0x821dc</load_address>
         <run_address>0x821dc</run_address>
         <size>0xe</size>
         <input_file_ref idref="fl-70"/>
      </object_component>
      <object_component id="oc-24d">
         <name>.cinit:_ADC</name>
         <load_address>0x821ea</load_address>
         <run_address>0x821ea</run_address>
         <size>0xd</size>
         <input_file_ref idref="fl-27"/>
      </object_component>
      <object_component id="oc-228">
         <name>.cinit:_EQEP</name>
         <load_address>0x821f7</load_address>
         <run_address>0x821f7</run_address>
         <size>0xb</size>
         <input_file_ref idref="fl-27"/>
      </object_component>
      <object_component id="oc-20b">
         <name>.cinit:_SPI</name>
         <load_address>0x82202</load_address>
         <run_address>0x82202</run_address>
         <size>0xb</size>
         <input_file_ref idref="fl-27"/>
      </object_component>
      <object_component id="oc-248">
         <name>.cinit:_SDFM</name>
         <load_address>0x8220d</load_address>
         <run_address>0x8220d</run_address>
         <size>0x9</size>
         <input_file_ref idref="fl-27"/>
      </object_component>
      <object_component id="oc-22c">
         <name>.cinit:_I2C</name>
         <load_address>0x82216</load_address>
         <run_address>0x82216</run_address>
         <size>0x7</size>
         <input_file_ref idref="fl-27"/>
      </object_component>
      <object_component id="oc-230">
         <name>.cinit:_MCBSP</name>
         <load_address>0x8221d</load_address>
         <run_address>0x8221d</run_address>
         <size>0x7</size>
         <input_file_ref idref="fl-27"/>
      </object_component>
      <object_component id="oc-206">
         <name>.cinit:_SCI</name>
         <load_address>0x82224</load_address>
         <run_address>0x82224</run_address>
         <size>0x7</size>
         <input_file_ref idref="fl-27"/>
      </object_component>
      <object_component id="oc-2e2">
         <name>.cinit:__lock</name>
         <load_address>0x8222b</load_address>
         <run_address>0x8222b</run_address>
         <size>0x5</size>
         <input_file_ref idref="fl-71"/>
      </object_component>
      <object_component id="oc-2ed">
         <name>.cinit:__unlock</name>
         <load_address>0x82230</load_address>
         <run_address>0x82230</run_address>
         <size>0x5</size>
         <input_file_ref idref="fl-71"/>
      </object_component>
      <object_component id="oc-14d">
         <name>.cinit</name>
         <load_address>0x82235</load_address>
         <run_address>0x82235</run_address>
         <size>0x4</size>
         <input_file_ref idref="fl-25"/>
      </object_component>
      <object_component id="oc-2d4">
         <name>.cinit:_speed_N</name>
         <load_address>0x82239</load_address>
         <run_address>0x82239</run_address>
         <size>0x4</size>
         <input_file_ref idref="fl-2"/>
      </object_component>
      <object_component id="oc-92">
         <name>.text:retain</name>
         <load_address>0x82240</load_address>
         <run_address>0x82240</run_address>
         <size>0x69a</size>
         <input_file_ref idref="fl-2"/>
      </object_component>
      <object_component id="oc-2d1">
         <name>.text</name>
         <load_address>0x828da</load_address>
         <run_address>0x828da</run_address>
         <size>0x663</size>
         <input_file_ref idref="fl-2"/>
      </object_component>
      <object_component id="oc-df">
         <name>.text:retain</name>
         <load_address>0x82f3d</load_address>
         <run_address>0x82f3d</run_address>
         <size>0x585</size>
         <input_file_ref idref="fl-10"/>
      </object_component>
      <object_component id="oc-2e3">
         <name>.text</name>
         <load_address>0x834c2</load_address>
         <run_address>0x834c2</run_address>
         <size>0x4b4</size>
         <input_file_ref idref="fl-21"/>
      </object_component>
      <object_component id="oc-2ce">
         <name>.text</name>
         <load_address>0x83976</load_address>
         <run_address>0x83976</run_address>
         <size>0x28c</size>
         <input_file_ref idref="fl-b"/>
      </object_component>
      <object_component id="oc-2e4">
         <name>.text</name>
         <load_address>0x83c02</load_address>
         <run_address>0x83c02</run_address>
         <size>0x244</size>
         <input_file_ref idref="fl-16"/>
      </object_component>
      <object_component id="oc-2ea">
         <name>.text</name>
         <load_address>0x83e46</load_address>
         <run_address>0x83e46</run_address>
         <size>0x17b</size>
         <input_file_ref idref="fl-6"/>
      </object_component>
      <object_component id="oc-2d5">
         <name>.text</name>
         <load_address>0x83fc1</load_address>
         <run_address>0x83fc1</run_address>
         <size>0x39</size>
         <input_file_ref idref="fl-67"/>
      </object_component>
      <object_component id="oc-d9">
         <name>.text</name>
         <load_address>0x83ffa</load_address>
         <run_address>0x83ffa</run_address>
         <size>0x3</size>
         <input_file_ref idref="fl-f"/>
      </object_component>
      <object_component id="oc-2c9">
         <name>.text</name>
         <load_address>0x83ffd</load_address>
         <run_address>0x83ffd</run_address>
         <size>0x2</size>
         <input_file_ref idref="fl-6e"/>
      </object_component>
      <object_component id="oc-2cb">
         <name>.text</name>
         <load_address>0x83fff</load_address>
         <run_address>0x83fff</run_address>
         <size>0x1</size>
         <input_file_ref idref="fl-6f"/>
      </object_component>
      <object_component id="oc-2d2">
         <name>.text</name>
         <load_address>0x84000</load_address>
         <run_address>0x84000</run_address>
         <size>0x16d</size>
         <input_file_ref idref="fl-9"/>
      </object_component>
      <object_component id="oc-2e9">
         <name>.text</name>
         <load_address>0x8416d</load_address>
         <run_address>0x8416d</run_address>
         <size>0x127</size>
         <input_file_ref idref="fl-3"/>
      </object_component>
      <object_component id="oc-2f1">
         <name>.text</name>
         <load_address>0x84294</load_address>
         <run_address>0x84294</run_address>
         <size>0xfd</size>
         <input_file_ref idref="fl-13"/>
      </object_component>
      <object_component id="oc-2f0">
         <name>.text</name>
         <load_address>0x84391</load_address>
         <run_address>0x84391</run_address>
         <size>0xf0</size>
         <input_file_ref idref="fl-c"/>
      </object_component>
      <object_component id="oc-280">
         <name>.text</name>
         <load_address>0x84481</load_address>
         <run_address>0x84481</run_address>
         <size>0x88</size>
         <input_file_ref idref="fl-6a"/>
      </object_component>
      <object_component id="oc-2cf">
         <name>.text</name>
         <load_address>0x84509</load_address>
         <run_address>0x84509</run_address>
         <size>0x66</size>
         <input_file_ref idref="fl-68"/>
      </object_component>
      <object_component id="oc-2d0">
         <name>.text</name>
         <load_address>0x8456f</load_address>
         <run_address>0x8456f</run_address>
         <size>0x63</size>
         <input_file_ref idref="fl-66"/>
      </object_component>
      <object_component id="oc-2bf">
         <name>.text</name>
         <load_address>0x845d2</load_address>
         <run_address>0x845d2</run_address>
         <size>0x59</size>
         <input_file_ref idref="fl-76"/>
      </object_component>
      <object_component id="oc-2eb">
         <name>.text</name>
         <load_address>0x8462b</load_address>
         <run_address>0x8462b</run_address>
         <size>0x59</size>
         <input_file_ref idref="fl-74"/>
      </object_component>
      <object_component id="oc-2c4">
         <name>.text</name>
         <load_address>0x84684</load_address>
         <run_address>0x84684</run_address>
         <size>0x57</size>
         <input_file_ref idref="fl-77"/>
      </object_component>
      <object_component id="oc-2ba">
         <name>.text</name>
         <load_address>0x846db</load_address>
         <run_address>0x846db</run_address>
         <size>0x57</size>
         <input_file_ref idref="fl-75"/>
      </object_component>
      <object_component id="oc-8e">
         <name>.text</name>
         <load_address>0x84732</load_address>
         <run_address>0x84732</run_address>
         <size>0x56</size>
         <input_file_ref idref="fl-69"/>
      </object_component>
      <object_component id="oc-2e7">
         <name>.text</name>
         <load_address>0x84788</load_address>
         <run_address>0x84788</run_address>
         <size>0x52</size>
         <input_file_ref idref="fl-8"/>
      </object_component>
      <object_component id="oc-2cd">
         <name>.text</name>
         <load_address>0x847da</load_address>
         <run_address>0x847da</run_address>
         <size>0x29</size>
         <input_file_ref idref="fl-70"/>
      </object_component>
      <object_component id="oc-2e5">
         <name>.text</name>
         <load_address>0x84803</load_address>
         <run_address>0x84803</run_address>
         <size>0x28</size>
         <input_file_ref idref="fl-1d"/>
      </object_component>
      <object_component id="oc-2e6">
         <name>.text</name>
         <load_address>0x8482b</load_address>
         <run_address>0x8482b</run_address>
         <size>0x26</size>
         <input_file_ref idref="fl-1e"/>
      </object_component>
      <object_component id="oc-2ca">
         <name>.text</name>
         <load_address>0x84851</load_address>
         <run_address>0x84851</run_address>
         <size>0x24</size>
         <input_file_ref idref="fl-6c"/>
      </object_component>
      <object_component id="oc-2e8">
         <name>.text</name>
         <load_address>0x84875</load_address>
         <run_address>0x84875</run_address>
         <size>0x1d</size>
         <input_file_ref idref="fl-a"/>
      </object_component>
      <object_component id="oc-2e0">
         <name>.text</name>
         <load_address>0x84892</load_address>
         <run_address>0x84892</run_address>
         <size>0x1d</size>
         <input_file_ref idref="fl-6d"/>
      </object_component>
      <object_component id="oc-285">
         <name>.text</name>
         <load_address>0x848af</load_address>
         <run_address>0x848af</run_address>
         <size>0x18</size>
         <input_file_ref idref="fl-6b"/>
      </object_component>
      <object_component id="oc-2cc">
         <name>.text</name>
         <load_address>0x848c7</load_address>
         <run_address>0x848c7</run_address>
         <size>0x12</size>
         <input_file_ref idref="fl-72"/>
      </object_component>
      <object_component id="oc-2ec">
         <name>.text</name>
         <load_address>0x848d9</load_address>
         <run_address>0x848d9</run_address>
         <size>0x9</size>
         <input_file_ref idref="fl-71"/>
      </object_component>
      <object_component id="oc-cd">
         <name>.text</name>
         <load_address>0x848e2</load_address>
         <run_address>0x848e2</run_address>
         <size>0x8</size>
         <input_file_ref idref="fl-d"/>
      </object_component>
      <object_component id="oc-ce">
         <name>codestart</name>
         <load_address>0x80000</load_address>
         <run_address>0x80000</run_address>
         <size>0x2</size>
         <input_file_ref idref="fl-d"/>
      </object_component>
      <object_component id="oc-2ee">
         <name>.TI.ramfunc</name>
         <load_address>0x86000</load_address>
         <run_address>0x8000</run_address>
         <size>0x37</size>
         <input_file_ref idref="fl-21"/>
      </object_component>
      <object_component id="oc-15a">
         <name>.TI.ramfunc</name>
         <load_address>0x86037</load_address>
         <run_address>0x8037</run_address>
         <size>0x4</size>
         <input_file_ref idref="fl-28"/>
      </object_component>
      <object_component id="oc-1db">
         <name>.TI.ramfunc</name>
         <load_address>0x8603b</load_address>
         <run_address>0x803b</run_address>
         <size>0x4</size>
         <input_file_ref idref="fl-43"/>
      </object_component>
      <object_component id="oc-27a">
         <name>.stack</name>
         <uninitialized>true</uninitialized>
         <run_address>0x400</run_address>
         <size>0x0</size>
         <input_file_ref idref="fl-69"/>
      </object_component>
      <object_component id="oc-386">
         <name>.stack</name>
         <uninitialized>true</uninitialized>
         <run_address>0x400</run_address>
         <size>0x0</size>
      </object_component>
      <object_component id="oc-91">
         <name>.ebss</name>
         <uninitialized>true</uninitialized>
         <run_address>0xa800</run_address>
         <size>0x2ca</size>
         <input_file_ref idref="fl-2"/>
      </object_component>
      <object_component id="oc-2d9">
         <name>.ebss:_TRIP_SEL</name>
         <uninitialized>true</uninitialized>
         <run_address>0xaaca</run_address>
         <size>0x1e</size>
         <input_file_ref idref="fl-27"/>
      </object_component>
      <object_component id="oc-d4">
         <name>.ebss</name>
         <uninitialized>true</uninitialized>
         <run_address>0xaae8</run_address>
         <size>0x18</size>
         <input_file_ref idref="fl-e"/>
      </object_component>
      <object_component id="oc-2df">
         <name>.ebss:_EPWM</name>
         <uninitialized>true</uninitialized>
         <run_address>0xab00</run_address>
         <size>0x1a</size>
         <input_file_ref idref="fl-27"/>
      </object_component>
      <object_component id="oc-98">
         <name>.ebss</name>
         <uninitialized>true</uninitialized>
         <run_address>0xab1a</run_address>
         <size>0x12</size>
         <input_file_ref idref="fl-3"/>
      </object_component>
      <object_component id="oc-2d8">
         <name>.ebss:_ECAP</name>
         <uninitialized>true</uninitialized>
         <run_address>0xab2c</run_address>
         <size>0xe</size>
         <input_file_ref idref="fl-27"/>
      </object_component>
      <object_component id="oc-13d">
         <name>.ebss</name>
         <uninitialized>true</uninitialized>
         <run_address>0xab3a</run_address>
         <size>0x6</size>
         <input_file_ref idref="fl-22"/>
      </object_component>
      <object_component id="oc-2de">
         <name>.ebss:_ADC</name>
         <uninitialized>true</uninitialized>
         <run_address>0xab40</run_address>
         <size>0xa</size>
         <input_file_ref idref="fl-27"/>
      </object_component>
      <object_component id="oc-2d3">
         <name>.ebss:_speed_N</name>
         <uninitialized>true</uninitialized>
         <run_address>0xab4a</run_address>
         <size>0xa</size>
         <input_file_ref idref="fl-2"/>
      </object_component>
      <object_component id="oc-a9">
         <name>.ebss</name>
         <uninitialized>true</uninitialized>
         <run_address>0xab54</run_address>
         <size>0xa</size>
         <input_file_ref idref="fl-6"/>
      </object_component>
      <object_component id="oc-2da">
         <name>.ebss:_EQEP</name>
         <uninitialized>true</uninitialized>
         <run_address>0xab5e</run_address>
         <size>0x8</size>
         <input_file_ref idref="fl-27"/>
      </object_component>
      <object_component id="oc-2d7">
         <name>.ebss:_SPI</name>
         <uninitialized>true</uninitialized>
         <run_address>0xab66</run_address>
         <size>0x8</size>
         <input_file_ref idref="fl-27"/>
      </object_component>
      <object_component id="oc-2dd">
         <name>.ebss:_SDFM</name>
         <uninitialized>true</uninitialized>
         <run_address>0xab6e</run_address>
         <size>0x6</size>
         <input_file_ref idref="fl-27"/>
      </object_component>
      <object_component id="oc-161">
         <name>.ebss</name>
         <uninitialized>true</uninitialized>
         <run_address>0xab74</run_address>
         <size>0x6</size>
         <input_file_ref idref="fl-29"/>
      </object_component>
      <object_component id="oc-2a0">
         <name>.ebss</name>
         <uninitialized>true</uninitialized>
         <run_address>0xab7a</run_address>
         <size>0x6</size>
         <input_file_ref idref="fl-70"/>
      </object_component>
      <object_component id="oc-2db">
         <name>.ebss:_I2C</name>
         <uninitialized>true</uninitialized>
         <run_address>0xab80</run_address>
         <size>0x4</size>
         <input_file_ref idref="fl-27"/>
      </object_component>
      <object_component id="oc-2dc">
         <name>.ebss:_MCBSP</name>
         <uninitialized>true</uninitialized>
         <run_address>0xab84</run_address>
         <size>0x4</size>
         <input_file_ref idref="fl-27"/>
      </object_component>
      <object_component id="oc-2d6">
         <name>.ebss:_SCI</name>
         <uninitialized>true</uninitialized>
         <run_address>0xab88</run_address>
         <size>0x4</size>
         <input_file_ref idref="fl-27"/>
      </object_component>
      <object_component id="oc-2e1">
         <name>.ebss:__lock</name>
         <uninitialized>true</uninitialized>
         <run_address>0xab8c</run_address>
         <size>0x2</size>
         <input_file_ref idref="fl-71"/>
      </object_component>
      <object_component id="oc-2f2">
         <name>.ebss:__unlock</name>
         <uninitialized>true</uninitialized>
         <run_address>0xab8e</run_address>
         <size>0x2</size>
         <input_file_ref idref="fl-71"/>
      </object_component>
      <object_component id="oc-b4">
         <name>.ebss</name>
         <uninitialized>true</uninitialized>
         <run_address>0xab90</run_address>
         <size>0x2</size>
         <input_file_ref idref="fl-8"/>
      </object_component>
      <object_component id="oc-14e">
         <name>.ebss</name>
         <uninitialized>true</uninitialized>
         <run_address>0xab92</run_address>
         <size>0x1</size>
         <input_file_ref idref="fl-25"/>
      </object_component>
      <object_component id="oc-2ef">
         <name>.econst:_PieVectTableInit</name>
         <load_address>0x90000</load_address>
         <run_address>0x90000</run_address>
         <size>0x1c0</size>
         <input_file_ref idref="fl-1e"/>
      </object_component>
      <object_component id="oc-2b5">
         <name>.econst</name>
         <load_address>0x901c0</load_address>
         <run_address>0x901c0</run_address>
         <size>0x2</size>
         <input_file_ref idref="fl-74"/>
      </object_component>
      <object_component id="oc-27b">
         <name>.reset</name>
         <load_address>0x3fffc0</load_address>
         <run_address>0x3fffc0</run_address>
         <size>0x2</size>
         <input_file_ref idref="fl-69"/>
      </object_component>
      <object_component id="oc-111">
         <name>PUTBUFFER</name>
         <uninitialized>true</uninitialized>
         <run_address>0x3fc00</run_address>
         <size>0x80</size>
         <input_file_ref idref="fl-19"/>
      </object_component>
      <object_component id="oc-10d">
         <name>PUTWRITEIDX</name>
         <uninitialized>true</uninitialized>
         <run_address>0x3fc80</run_address>
         <size>0x4</size>
         <input_file_ref idref="fl-19"/>
      </object_component>
      <object_component id="oc-110">
         <name>GETREADIDX</name>
         <uninitialized>true</uninitialized>
         <run_address>0x3fc84</run_address>
         <size>0x4</size>
         <input_file_ref idref="fl-19"/>
      </object_component>
      <object_component id="oc-112">
         <name>GETBUFFER</name>
         <uninitialized>true</uninitialized>
         <run_address>0x3f800</run_address>
         <size>0x80</size>
         <input_file_ref idref="fl-19"/>
      </object_component>
      <object_component id="oc-10f">
         <name>GETWRITEIDX</name>
         <uninitialized>true</uninitialized>
         <run_address>0x3f880</run_address>
         <size>0x4</size>
         <input_file_ref idref="fl-19"/>
      </object_component>
      <object_component id="oc-10e">
         <name>PUTREADIDX</name>
         <uninitialized>true</uninitialized>
         <run_address>0x3f884</run_address>
         <size>0x4</size>
         <input_file_ref idref="fl-19"/>
      </object_component>
      <object_component id="oc-269">
         <name>PieVectTableFile</name>
         <uninitialized>true</uninitialized>
         <run_address>0xd00</run_address>
         <size>0x1c0</size>
         <input_file_ref idref="fl-48"/>
      </object_component>
      <object_component id="oc-236">
         <name>AccessProtectionRegsFile</name>
         <uninitialized>true</uninitialized>
         <run_address>0x5f4c0</run_address>
         <size>0x2e</size>
         <input_file_ref idref="fl-48"/>
      </object_component>
      <object_component id="oc-24c">
         <name>AdcaRegsFile</name>
         <uninitialized>true</uninitialized>
         <run_address>0x7400</run_address>
         <size>0x7c</size>
         <input_file_ref idref="fl-48"/>
      </object_component>
      <object_component id="oc-24e">
         <name>AdcbRegsFile</name>
         <uninitialized>true</uninitialized>
         <run_address>0x7480</run_address>
         <size>0x7c</size>
         <input_file_ref idref="fl-48"/>
      </object_component>
      <object_component id="oc-24f">
         <name>AdccRegsFile</name>
         <uninitialized>true</uninitialized>
         <run_address>0x7500</run_address>
         <size>0x7c</size>
         <input_file_ref idref="fl-48"/>
      </object_component>
      <object_component id="oc-250">
         <name>AdcdRegsFile</name>
         <uninitialized>true</uninitialized>
         <run_address>0x7580</run_address>
         <size>0x7c</size>
         <input_file_ref idref="fl-48"/>
      </object_component>
      <object_component id="oc-20e">
         <name>AdcaResultRegsFile</name>
         <uninitialized>true</uninitialized>
         <run_address>0xb00</run_address>
         <size>0x18</size>
         <input_file_ref idref="fl-48"/>
      </object_component>
      <object_component id="oc-20f">
         <name>AdcbResultRegsFile</name>
         <uninitialized>true</uninitialized>
         <run_address>0xb20</run_address>
         <size>0x18</size>
         <input_file_ref idref="fl-48"/>
      </object_component>
      <object_component id="oc-210">
         <name>AdccResultRegsFile</name>
         <uninitialized>true</uninitialized>
         <run_address>0xb40</run_address>
         <size>0x18</size>
         <input_file_ref idref="fl-48"/>
      </object_component>
      <object_component id="oc-211">
         <name>AdcdResultRegsFile</name>
         <uninitialized>true</uninitialized>
         <run_address>0xb60</run_address>
         <size>0x18</size>
         <input_file_ref idref="fl-48"/>
      </object_component>
      <object_component id="oc-23a">
         <name>AnalogSubsysRegsFile</name>
         <uninitialized>true</uninitialized>
         <run_address>0x5d180</run_address>
         <size>0x3e</size>
         <input_file_ref idref="fl-48"/>
      </object_component>
      <object_component id="oc-265">
         <name>CanaRegsFile</name>
         <uninitialized>true</uninitialized>
         <run_address>0x48000</run_address>
         <size>0x164</size>
         <input_file_ref idref="fl-48"/>
      </object_component>
      <object_component id="oc-266">
         <name>CanbRegsFile</name>
         <uninitialized>true</uninitialized>
         <run_address>0x4a000</run_address>
         <size>0x164</size>
         <input_file_ref idref="fl-48"/>
      </object_component>
      <object_component id="oc-23b">
         <name>Cla1RegsFile</name>
         <uninitialized>true</uninitialized>
         <run_address>0x1400</run_address>
         <size>0x3e</size>
         <input_file_ref idref="fl-48"/>
      </object_component>
      <object_component id="oc-260">
         <name>Clb1DataExchRegsFile</name>
         <uninitialized>true</uninitialized>
         <run_address>0x3200</run_address>
         <size>0x108</size>
         <input_file_ref idref="fl-48"/>
      </object_component>
      <object_component id="oc-261">
         <name>Clb2DataExchRegsFile</name>
         <uninitialized>true</uninitialized>
         <run_address>0x3600</run_address>
         <size>0x108</size>
         <input_file_ref idref="fl-48"/>
      </object_component>
      <object_component id="oc-262">
         <name>Clb3DataExchRegsFile</name>
         <uninitialized>true</uninitialized>
         <run_address>0x3a00</run_address>
         <size>0x108</size>
         <input_file_ref idref="fl-48"/>
      </object_component>
      <object_component id="oc-263">
         <name>Clb4DataExchRegsFile</name>
         <uninitialized>true</uninitialized>
         <run_address>0x3e00</run_address>
         <size>0x108</size>
         <input_file_ref idref="fl-48"/>
      </object_component>
      <object_component id="oc-23c">
         <name>Clb1LogicCfgRegsFile</name>
         <uninitialized>true</uninitialized>
         <run_address>0x3000</run_address>
         <size>0x3e</size>
         <input_file_ref idref="fl-48"/>
      </object_component>
      <object_component id="oc-23d">
         <name>Clb2LogicCfgRegsFile</name>
         <uninitialized>true</uninitialized>
         <run_address>0x3400</run_address>
         <size>0x3e</size>
         <input_file_ref idref="fl-48"/>
      </object_component>
      <object_component id="oc-23e">
         <name>Clb3LogicCfgRegsFile</name>
         <uninitialized>true</uninitialized>
         <run_address>0x3800</run_address>
         <size>0x3e</size>
         <input_file_ref idref="fl-48"/>
      </object_component>
      <object_component id="oc-23f">
         <name>Clb4LogicCfgRegsFile</name>
         <uninitialized>true</uninitialized>
         <run_address>0x3c00</run_address>
         <size>0x3e</size>
         <input_file_ref idref="fl-48"/>
      </object_component>
      <object_component id="oc-240">
         <name>Clb1LogicCtrlRegsFile</name>
         <uninitialized>true</uninitialized>
         <run_address>0x3100</run_address>
         <size>0x40</size>
         <input_file_ref idref="fl-48"/>
      </object_component>
      <object_component id="oc-241">
         <name>Clb2LogicCtrlRegsFile</name>
         <uninitialized>true</uninitialized>
         <run_address>0x3500</run_address>
         <size>0x40</size>
         <input_file_ref idref="fl-48"/>
      </object_component>
      <object_component id="oc-242">
         <name>Clb3LogicCtrlRegsFile</name>
         <uninitialized>true</uninitialized>
         <run_address>0x3900</run_address>
         <size>0x40</size>
         <input_file_ref idref="fl-48"/>
      </object_component>
      <object_component id="oc-243">
         <name>Clb4LogicCtrlRegsFile</name>
         <uninitialized>true</uninitialized>
         <run_address>0x3d00</run_address>
         <size>0x40</size>
         <input_file_ref idref="fl-48"/>
      </object_component>
      <object_component id="oc-244">
         <name>ClbXbarRegsFile</name>
         <uninitialized>true</uninitialized>
         <run_address>0x7a40</run_address>
         <size>0x40</size>
         <input_file_ref idref="fl-48"/>
      </object_component>
      <object_component id="oc-238">
         <name>ClkCfgRegsFile</name>
         <uninitialized>true</uninitialized>
         <run_address>0x5d200</run_address>
         <size>0x32</size>
         <input_file_ref idref="fl-48"/>
      </object_component>
      <object_component id="oc-21b">
         <name>Cmpss1RegsFile</name>
         <uninitialized>true</uninitialized>
         <run_address>0x5c80</run_address>
         <size>0x1b</size>
         <input_file_ref idref="fl-48"/>
      </object_component>
      <object_component id="oc-21c">
         <name>Cmpss2RegsFile</name>
         <uninitialized>true</uninitialized>
         <run_address>0x5ca0</run_address>
         <size>0x1b</size>
         <input_file_ref idref="fl-48"/>
      </object_component>
      <object_component id="oc-21d">
         <name>Cmpss3RegsFile</name>
         <uninitialized>true</uninitialized>
         <run_address>0x5cc0</run_address>
         <size>0x1b</size>
         <input_file_ref idref="fl-48"/>
      </object_component>
      <object_component id="oc-21e">
         <name>Cmpss4RegsFile</name>
         <uninitialized>true</uninitialized>
         <run_address>0x5ce0</run_address>
         <size>0x1b</size>
         <input_file_ref idref="fl-48"/>
      </object_component>
      <object_component id="oc-21f">
         <name>Cmpss5RegsFile</name>
         <uninitialized>true</uninitialized>
         <run_address>0x5d00</run_address>
         <size>0x1b</size>
         <input_file_ref idref="fl-48"/>
      </object_component>
      <object_component id="oc-220">
         <name>Cmpss6RegsFile</name>
         <uninitialized>true</uninitialized>
         <run_address>0x5d20</run_address>
         <size>0x1b</size>
         <input_file_ref idref="fl-48"/>
      </object_component>
      <object_component id="oc-221">
         <name>Cmpss7RegsFile</name>
         <uninitialized>true</uninitialized>
         <run_address>0x5d40</run_address>
         <size>0x1b</size>
         <input_file_ref idref="fl-48"/>
      </object_component>
      <object_component id="oc-222">
         <name>Cmpss8RegsFile</name>
         <uninitialized>true</uninitialized>
         <run_address>0x5d60</run_address>
         <size>0x1b</size>
         <input_file_ref idref="fl-48"/>
      </object_component>
      <object_component id="oc-1fe">
         <name>CpuTimer0RegsFile</name>
         <uninitialized>true</uninitialized>
         <run_address>0xc00</run_address>
         <size>0x8</size>
         <input_file_ref idref="fl-48"/>
      </object_component>
      <object_component id="oc-1ff">
         <name>CpuTimer1RegsFile</name>
         <uninitialized>true</uninitialized>
         <run_address>0xc08</run_address>
         <size>0x8</size>
         <input_file_ref idref="fl-48"/>
      </object_component>
      <object_component id="oc-200">
         <name>CpuTimer2RegsFile</name>
         <uninitialized>true</uninitialized>
         <run_address>0xc10</run_address>
         <size>0x8</size>
         <input_file_ref idref="fl-48"/>
      </object_component>
      <object_component id="oc-251">
         <name>CpuSysRegsFile</name>
         <uninitialized>true</uninitialized>
         <run_address>0x5d300</run_address>
         <size>0x82</size>
         <input_file_ref idref="fl-48"/>
      </object_component>
      <object_component id="oc-1fa">
         <name>DacaRegsFile</name>
         <uninitialized>true</uninitialized>
         <run_address>0x5c00</run_address>
         <size>0x7</size>
         <input_file_ref idref="fl-48"/>
      </object_component>
      <object_component id="oc-1fb">
         <name>DacbRegsFile</name>
         <uninitialized>true</uninitialized>
         <run_address>0x5c10</run_address>
         <size>0x7</size>
         <input_file_ref idref="fl-48"/>
      </object_component>
      <object_component id="oc-1fc">
         <name>DaccRegsFile</name>
         <uninitialized>true</uninitialized>
         <run_address>0x5c20</run_address>
         <size>0x7</size>
         <input_file_ref idref="fl-48"/>
      </object_component>
      <object_component id="oc-1f8">
         <name>DcsmCommonRegsFile</name>
         <uninitialized>true</uninitialized>
         <run_address>0x5f070</run_address>
         <size>0x6</size>
         <input_file_ref idref="fl-48"/>
      </object_component>
      <object_component id="oc-225">
         <name>DcsmZ1RegsFile</name>
         <uninitialized>true</uninitialized>
         <run_address>0x5f000</run_address>
         <size>0x22</size>
         <input_file_ref idref="fl-48"/>
      </object_component>
      <object_component id="oc-226">
         <name>DcsmZ2RegsFile</name>
         <uninitialized>true</uninitialized>
         <run_address>0x5f040</run_address>
         <size>0x22</size>
         <input_file_ref idref="fl-48"/>
      </object_component>
      <object_component id="oc-264">
         <name>DevCfgRegsFile</name>
         <uninitialized>true</uninitialized>
         <run_address>0x5d000</run_address>
         <size>0x12e</size>
         <input_file_ref idref="fl-48"/>
      </object_component>
      <object_component id="oc-212">
         <name>DmaClaSrcSelRegsFile</name>
         <uninitialized>true</uninitialized>
         <run_address>0x7980</run_address>
         <size>0x1a</size>
         <input_file_ref idref="fl-48"/>
      </object_component>
      <object_component id="oc-252">
         <name>DmaRegsFile</name>
         <uninitialized>true</uninitialized>
         <run_address>0x1000</run_address>
         <size>0xe0</size>
         <input_file_ref idref="fl-48"/>
      </object_component>
      <object_component id="oc-213">
         <name>ECap1RegsFile</name>
         <uninitialized>true</uninitialized>
         <run_address>0x5000</run_address>
         <size>0x1a</size>
         <input_file_ref idref="fl-48"/>
      </object_component>
      <object_component id="oc-215">
         <name>ECap2RegsFile</name>
         <uninitialized>true</uninitialized>
         <run_address>0x5020</run_address>
         <size>0x1a</size>
         <input_file_ref idref="fl-48"/>
      </object_component>
      <object_component id="oc-216">
         <name>ECap3RegsFile</name>
         <uninitialized>true</uninitialized>
         <run_address>0x5040</run_address>
         <size>0x1a</size>
         <input_file_ref idref="fl-48"/>
      </object_component>
      <object_component id="oc-217">
         <name>ECap4RegsFile</name>
         <uninitialized>true</uninitialized>
         <run_address>0x5060</run_address>
         <size>0x1a</size>
         <input_file_ref idref="fl-48"/>
      </object_component>
      <object_component id="oc-218">
         <name>ECap5RegsFile</name>
         <uninitialized>true</uninitialized>
         <run_address>0x5080</run_address>
         <size>0x1a</size>
         <input_file_ref idref="fl-48"/>
      </object_component>
      <object_component id="oc-219">
         <name>ECap6RegsFile</name>
         <uninitialized>true</uninitialized>
         <run_address>0x50a0</run_address>
         <size>0x1a</size>
         <input_file_ref idref="fl-48"/>
      </object_component>
      <object_component id="oc-201">
         <name>Emif1ConfigRegsFile</name>
         <uninitialized>true</uninitialized>
         <run_address>0x5f480</run_address>
         <size>0xa</size>
         <input_file_ref idref="fl-48"/>
      </object_component>
      <object_component id="oc-202">
         <name>Emif2ConfigRegsFile</name>
         <uninitialized>true</uninitialized>
         <run_address>0x5f4a0</run_address>
         <size>0xa</size>
         <input_file_ref idref="fl-48"/>
      </object_component>
      <object_component id="oc-232">
         <name>Emif1RegsFile</name>
         <uninitialized>true</uninitialized>
         <run_address>0x47000</run_address>
         <size>0x28</size>
         <input_file_ref idref="fl-48"/>
      </object_component>
      <object_component id="oc-233">
         <name>Emif2RegsFile</name>
         <uninitialized>true</uninitialized>
         <run_address>0x47800</run_address>
         <size>0x28</size>
         <input_file_ref idref="fl-48"/>
      </object_component>
      <object_component id="oc-253">
         <name>EPwm1RegsFile</name>
         <uninitialized>true</uninitialized>
         <run_address>0x4000</run_address>
         <size>0x100</size>
         <input_file_ref idref="fl-48"/>
      </object_component>
      <object_component id="oc-255">
         <name>EPwm2RegsFile</name>
         <uninitialized>true</uninitialized>
         <run_address>0x4100</run_address>
         <size>0x100</size>
         <input_file_ref idref="fl-48"/>
      </object_component>
      <object_component id="oc-256">
         <name>EPwm3RegsFile</name>
         <uninitialized>true</uninitialized>
         <run_address>0x4200</run_address>
         <size>0x100</size>
         <input_file_ref idref="fl-48"/>
      </object_component>
      <object_component id="oc-257">
         <name>EPwm4RegsFile</name>
         <uninitialized>true</uninitialized>
         <run_address>0x4300</run_address>
         <size>0x100</size>
         <input_file_ref idref="fl-48"/>
      </object_component>
      <object_component id="oc-258">
         <name>EPwm5RegsFile</name>
         <uninitialized>true</uninitialized>
         <run_address>0x4400</run_address>
         <size>0x100</size>
         <input_file_ref idref="fl-48"/>
      </object_component>
      <object_component id="oc-259">
         <name>EPwm6RegsFile</name>
         <uninitialized>true</uninitialized>
         <run_address>0x4500</run_address>
         <size>0x100</size>
         <input_file_ref idref="fl-48"/>
      </object_component>
      <object_component id="oc-25a">
         <name>EPwm7RegsFile</name>
         <uninitialized>true</uninitialized>
         <run_address>0x4600</run_address>
         <size>0x100</size>
         <input_file_ref idref="fl-48"/>
      </object_component>
      <object_component id="oc-25b">
         <name>EPwm8RegsFile</name>
         <uninitialized>true</uninitialized>
         <run_address>0x4700</run_address>
         <size>0x100</size>
         <input_file_ref idref="fl-48"/>
      </object_component>
      <object_component id="oc-25c">
         <name>EPwm9RegsFile</name>
         <uninitialized>true</uninitialized>
         <run_address>0x4800</run_address>
         <size>0x100</size>
         <input_file_ref idref="fl-48"/>
      </object_component>
      <object_component id="oc-25d">
         <name>EPwm10RegsFile</name>
         <uninitialized>true</uninitialized>
         <run_address>0x4900</run_address>
         <size>0x100</size>
         <input_file_ref idref="fl-48"/>
      </object_component>
      <object_component id="oc-25e">
         <name>EPwm11RegsFile</name>
         <uninitialized>true</uninitialized>
         <run_address>0x4a00</run_address>
         <size>0x100</size>
         <input_file_ref idref="fl-48"/>
      </object_component>
      <object_component id="oc-25f">
         <name>EPwm12RegsFile</name>
         <uninitialized>true</uninitialized>
         <run_address>0x4b00</run_address>
         <size>0x100</size>
         <input_file_ref idref="fl-48"/>
      </object_component>
      <object_component id="oc-245">
         <name>EPwmXbarRegsFile</name>
         <uninitialized>true</uninitialized>
         <run_address>0x7a00</run_address>
         <size>0x40</size>
         <input_file_ref idref="fl-48"/>
      </object_component>
      <object_component id="oc-227">
         <name>EQep1RegsFile</name>
         <uninitialized>true</uninitialized>
         <run_address>0x5100</run_address>
         <size>0x22</size>
         <input_file_ref idref="fl-48"/>
      </object_component>
      <object_component id="oc-229">
         <name>EQep2RegsFile</name>
         <uninitialized>true</uninitialized>
         <run_address>0x5140</run_address>
         <size>0x22</size>
         <input_file_ref idref="fl-48"/>
      </object_component>
      <object_component id="oc-22a">
         <name>EQep3RegsFile</name>
         <uninitialized>true</uninitialized>
         <run_address>0x5180</run_address>
         <size>0x22</size>
         <input_file_ref idref="fl-48"/>
      </object_component>
      <object_component id="oc-268">
         <name>Flash0CtrlRegsFile</name>
         <uninitialized>true</uninitialized>
         <run_address>0x5f800</run_address>
         <size>0x182</size>
         <input_file_ref idref="fl-48"/>
      </object_component>
      <object_component id="oc-234">
         <name>Flash0EccRegsFile</name>
         <uninitialized>true</uninitialized>
         <run_address>0x5fb00</run_address>
         <size>0x28</size>
         <input_file_ref idref="fl-48"/>
      </object_component>
      <object_component id="oc-1f5">
         <name>FlashPumpSemaphoreRegsFile</name>
         <uninitialized>true</uninitialized>
         <run_address>0x50024</run_address>
         <size>0x2</size>
         <input_file_ref idref="fl-48"/>
      </object_component>
      <object_component id="oc-267">
         <name>GpioCtrlRegsFile</name>
         <uninitialized>true</uninitialized>
         <run_address>0x7c00</run_address>
         <size>0x180</size>
         <input_file_ref idref="fl-48"/>
      </object_component>
      <object_component id="oc-237">
         <name>GpioDataRegsFile</name>
         <uninitialized>true</uninitialized>
         <run_address>0x7f00</run_address>
         <size>0x30</size>
         <input_file_ref idref="fl-48"/>
      </object_component>
      <object_component id="oc-22b">
         <name>I2caRegsFile</name>
         <uninitialized>true</uninitialized>
         <run_address>0x7300</run_address>
         <size>0x22</size>
         <input_file_ref idref="fl-48"/>
      </object_component>
      <object_component id="oc-22d">
         <name>I2cbRegsFile</name>
         <uninitialized>true</uninitialized>
         <run_address>0x7340</run_address>
         <size>0x22</size>
         <input_file_ref idref="fl-48"/>
      </object_component>
      <object_component id="oc-223">
         <name>InputXbarRegsFile</name>
         <uninitialized>true</uninitialized>
         <run_address>0x7900</run_address>
         <size>0x20</size>
         <input_file_ref idref="fl-48"/>
      </object_component>
      <object_component id="oc-22e">
         <name>IpcRegsFile</name>
         <uninitialized>true</uninitialized>
         <run_address>0x50000</run_address>
         <size>0x24</size>
         <input_file_ref idref="fl-48"/>
      </object_component>
      <object_component id="oc-239">
         <name>MemoryErrorRegsFile</name>
         <uninitialized>true</uninitialized>
         <run_address>0x5f500</run_address>
         <size>0x3a</size>
         <input_file_ref idref="fl-48"/>
      </object_component>
      <object_component id="oc-24b">
         <name>MemCfgRegsFile</name>
         <uninitialized>true</uninitialized>
         <run_address>0x5f400</run_address>
         <size>0x76</size>
         <input_file_ref idref="fl-48"/>
      </object_component>
      <object_component id="oc-22f">
         <name>McbspaRegsFile</name>
         <uninitialized>true</uninitialized>
         <run_address>0x6000</run_address>
         <size>0x24</size>
         <input_file_ref idref="fl-48"/>
      </object_component>
      <object_component id="oc-231">
         <name>McbspbRegsFile</name>
         <uninitialized>true</uninitialized>
         <run_address>0x6040</run_address>
         <size>0x24</size>
         <input_file_ref idref="fl-48"/>
      </object_component>
      <object_component id="oc-1fd">
         <name>NmiIntruptRegsFile</name>
         <uninitialized>true</uninitialized>
         <run_address>0x7060</run_address>
         <size>0x7</size>
         <input_file_ref idref="fl-48"/>
      </object_component>
      <object_component id="oc-246">
         <name>OutputXbarRegsFile</name>
         <uninitialized>true</uninitialized>
         <run_address>0x7a80</run_address>
         <size>0x40</size>
         <input_file_ref idref="fl-48"/>
      </object_component>
      <object_component id="oc-21a">
         <name>PieCtrlRegsFile</name>
         <uninitialized>true</uninitialized>
         <run_address>0xce0</run_address>
         <size>0x1a</size>
         <input_file_ref idref="fl-48"/>
      </object_component>
      <object_component id="oc-1f6">
         <name>RomPrefetchRegsFile</name>
         <uninitialized>true</uninitialized>
         <run_address>0x5e608</run_address>
         <size>0x2</size>
         <input_file_ref idref="fl-48"/>
      </object_component>
      <object_component id="oc-1f7">
         <name>RomWaitStateRegsFile</name>
         <uninitialized>true</uninitialized>
         <run_address>0x5f540</run_address>
         <size>0x2</size>
         <input_file_ref idref="fl-48"/>
      </object_component>
      <object_component id="oc-205">
         <name>SciaRegsFile</name>
         <uninitialized>true</uninitialized>
         <run_address>0x7200</run_address>
         <size>0x10</size>
         <input_file_ref idref="fl-48"/>
      </object_component>
      <object_component id="oc-207">
         <name>ScibRegsFile</name>
         <uninitialized>true</uninitialized>
         <run_address>0x7210</run_address>
         <size>0x10</size>
         <input_file_ref idref="fl-48"/>
      </object_component>
      <object_component id="oc-208">
         <name>ScicRegsFile</name>
         <uninitialized>true</uninitialized>
         <run_address>0x7220</run_address>
         <size>0x10</size>
         <input_file_ref idref="fl-48"/>
      </object_component>
      <object_component id="oc-209">
         <name>ScidRegsFile</name>
         <uninitialized>true</uninitialized>
         <run_address>0x7230</run_address>
         <size>0x10</size>
         <input_file_ref idref="fl-48"/>
      </object_component>
      <object_component id="oc-247">
         <name>Sdfm1RegsFile</name>
         <uninitialized>true</uninitialized>
         <run_address>0x5e00</run_address>
         <size>0x48</size>
         <input_file_ref idref="fl-48"/>
      </object_component>
      <object_component id="oc-249">
         <name>Sdfm2RegsFile</name>
         <uninitialized>true</uninitialized>
         <run_address>0x5e80</run_address>
         <size>0x48</size>
         <input_file_ref idref="fl-48"/>
      </object_component>
      <object_component id="oc-20a">
         <name>SpiaRegsFile</name>
         <uninitialized>true</uninitialized>
         <run_address>0x6100</run_address>
         <size>0x10</size>
         <input_file_ref idref="fl-48"/>
      </object_component>
      <object_component id="oc-20c">
         <name>SpibRegsFile</name>
         <uninitialized>true</uninitialized>
         <run_address>0x6110</run_address>
         <size>0x10</size>
         <input_file_ref idref="fl-48"/>
      </object_component>
      <object_component id="oc-20d">
         <name>SpicRegsFile</name>
         <uninitialized>true</uninitialized>
         <run_address>0x6120</run_address>
         <size>0x10</size>
         <input_file_ref idref="fl-48"/>
      </object_component>
      <object_component id="oc-1f9">
         <name>SyncSocRegsFile</name>
         <uninitialized>true</uninitialized>
         <run_address>0x7940</run_address>
         <size>0x6</size>
         <input_file_ref idref="fl-48"/>
      </object_component>
      <object_component id="oc-24a">
         <name>UppRegsFile</name>
         <uninitialized>true</uninitialized>
         <run_address>0x6200</run_address>
         <size>0x48</size>
         <input_file_ref idref="fl-48"/>
      </object_component>
      <object_component id="oc-235">
         <name>WdRegsFile</name>
         <uninitialized>true</uninitialized>
         <run_address>0x7000</run_address>
         <size>0x2b</size>
         <input_file_ref idref="fl-48"/>
      </object_component>
      <object_component id="oc-204">
         <name>XbarRegsFile</name>
         <uninitialized>true</uninitialized>
         <run_address>0x7920</run_address>
         <size>0xe</size>
         <input_file_ref idref="fl-48"/>
      </object_component>
      <object_component id="oc-203">
         <name>XintRegsFile</name>
         <uninitialized>true</uninitialized>
         <run_address>0x7070</run_address>
         <size>0xb</size>
         <input_file_ref idref="fl-48"/>
      </object_component>
      <object_component id="oc-8f">
         <name>.debug_info</name>
         <load_address>0x0</load_address>
         <run_address>0x0</run_address>
         <size>0x23e85</size>
         <input_file_ref idref="fl-2"/>
      </object_component>
      <object_component id="oc-97">
         <name>.debug_info</name>
         <load_address>0x23e85</load_address>
         <run_address>0x23e85</run_address>
         <size>0x9d77</size>
         <input_file_ref idref="fl-3"/>
      </object_component>
      <object_component id="oc-9d">
         <name>.debug_info</name>
         <load_address>0x2dbfc</load_address>
         <run_address>0x2dbfc</run_address>
         <size>0x2a5b</size>
         <input_file_ref idref="fl-4"/>
      </object_component>
      <object_component id="oc-a2">
         <name>.debug_info</name>
         <load_address>0x30657</load_address>
         <run_address>0x30657</run_address>
         <size>0x49b</size>
         <input_file_ref idref="fl-5"/>
      </object_component>
      <object_component id="oc-a7">
         <name>.debug_info</name>
         <load_address>0x30af2</load_address>
         <run_address>0x30af2</run_address>
         <size>0x7da6</size>
         <input_file_ref idref="fl-6"/>
      </object_component>
      <object_component id="oc-ae">
         <name>.debug_info</name>
         <load_address>0x38898</load_address>
         <run_address>0x38898</run_address>
         <size>0x5c2e</size>
         <input_file_ref idref="fl-7"/>
      </object_component>
      <object_component id="oc-b3">
         <name>.debug_info</name>
         <load_address>0x3e4c6</load_address>
         <run_address>0x3e4c6</run_address>
         <size>0x621</size>
         <input_file_ref idref="fl-8"/>
      </object_component>
      <object_component id="oc-b9">
         <name>.debug_info</name>
         <load_address>0x3eae7</load_address>
         <run_address>0x3eae7</run_address>
         <size>0x5c6</size>
         <input_file_ref idref="fl-9"/>
      </object_component>
      <object_component id="oc-be">
         <name>.debug_info</name>
         <load_address>0x3f0ad</load_address>
         <run_address>0x3f0ad</run_address>
         <size>0x4e7</size>
         <input_file_ref idref="fl-a"/>
      </object_component>
      <object_component id="oc-c3">
         <name>.debug_info</name>
         <load_address>0x3f594</load_address>
         <run_address>0x3f594</run_address>
         <size>0x9cd</size>
         <input_file_ref idref="fl-b"/>
      </object_component>
      <object_component id="oc-c8">
         <name>.debug_info</name>
         <load_address>0x3ff61</load_address>
         <run_address>0x3ff61</run_address>
         <size>0x48c5</size>
         <input_file_ref idref="fl-c"/>
      </object_component>
      <object_component id="oc-d0">
         <name>.debug_info</name>
         <load_address>0x44826</load_address>
         <run_address>0x44826</run_address>
         <size>0x145</size>
         <input_file_ref idref="fl-d"/>
      </object_component>
      <object_component id="oc-d3">
         <name>.debug_info</name>
         <load_address>0x4496b</load_address>
         <run_address>0x4496b</run_address>
         <size>0x822</size>
         <input_file_ref idref="fl-e"/>
      </object_component>
      <object_component id="oc-db">
         <name>.debug_info</name>
         <load_address>0x4518d</load_address>
         <run_address>0x4518d</run_address>
         <size>0xfe</size>
         <input_file_ref idref="fl-f"/>
      </object_component>
      <object_component id="oc-de">
         <name>.debug_info</name>
         <load_address>0x4528b</load_address>
         <run_address>0x4528b</run_address>
         <size>0x4447</size>
         <input_file_ref idref="fl-10"/>
      </object_component>
      <object_component id="oc-e4">
         <name>.debug_info</name>
         <load_address>0x496d2</load_address>
         <run_address>0x496d2</run_address>
         <size>0x471b</size>
         <input_file_ref idref="fl-11"/>
      </object_component>
      <object_component id="oc-e9">
         <name>.debug_info</name>
         <load_address>0x4dded</load_address>
         <run_address>0x4dded</run_address>
         <size>0x13e43</size>
         <input_file_ref idref="fl-12"/>
      </object_component>
      <object_component id="oc-ee">
         <name>.debug_info</name>
         <load_address>0x61c30</load_address>
         <run_address>0x61c30</run_address>
         <size>0xfaec</size>
         <input_file_ref idref="fl-13"/>
      </object_component>
      <object_component id="oc-f3">
         <name>.debug_info</name>
         <load_address>0x7171c</load_address>
         <run_address>0x7171c</run_address>
         <size>0xf3d1</size>
         <input_file_ref idref="fl-14"/>
      </object_component>
      <object_component id="oc-f8">
         <name>.debug_info</name>
         <load_address>0x80aed</load_address>
         <run_address>0x80aed</run_address>
         <size>0x5535</size>
         <input_file_ref idref="fl-15"/>
      </object_component>
      <object_component id="oc-fd">
         <name>.debug_info</name>
         <load_address>0x86022</load_address>
         <run_address>0x86022</run_address>
         <size>0x1a0ea</size>
         <input_file_ref idref="fl-16"/>
      </object_component>
      <object_component id="oc-102">
         <name>.debug_info</name>
         <load_address>0xa010c</load_address>
         <run_address>0xa010c</run_address>
         <size>0xf3d0</size>
         <input_file_ref idref="fl-17"/>
      </object_component>
      <object_component id="oc-107">
         <name>.debug_info</name>
         <load_address>0xaf4dc</load_address>
         <run_address>0xaf4dc</run_address>
         <size>0x162d</size>
         <input_file_ref idref="fl-18"/>
      </object_component>
      <object_component id="oc-10c">
         <name>.debug_info</name>
         <load_address>0xb0b09</load_address>
         <run_address>0xb0b09</run_address>
         <size>0x19ae</size>
         <input_file_ref idref="fl-19"/>
      </object_component>
      <object_component id="oc-117">
         <name>.debug_info</name>
         <load_address>0xb24b7</load_address>
         <run_address>0xb24b7</run_address>
         <size>0x48cc</size>
         <input_file_ref idref="fl-1a"/>
      </object_component>
      <object_component id="oc-11c">
         <name>.debug_info</name>
         <load_address>0xb6d83</load_address>
         <run_address>0xb6d83</run_address>
         <size>0x17d51</size>
         <input_file_ref idref="fl-1b"/>
      </object_component>
      <object_component id="oc-121">
         <name>.debug_info</name>
         <load_address>0xcead4</load_address>
         <run_address>0xcead4</run_address>
         <size>0x1036a</size>
         <input_file_ref idref="fl-1c"/>
      </object_component>
      <object_component id="oc-126">
         <name>.debug_info</name>
         <load_address>0xdee3e</load_address>
         <run_address>0xdee3e</run_address>
         <size>0x3584</size>
         <input_file_ref idref="fl-1d"/>
      </object_component>
      <object_component id="oc-12b">
         <name>.debug_info</name>
         <load_address>0xe23c2</load_address>
         <run_address>0xe23c2</run_address>
         <size>0x672e</size>
         <input_file_ref idref="fl-1e"/>
      </object_component>
      <object_component id="oc-130">
         <name>.debug_info</name>
         <load_address>0xe8af0</load_address>
         <run_address>0xe8af0</run_address>
         <size>0x188</size>
         <input_file_ref idref="fl-1f"/>
      </object_component>
      <object_component id="oc-132">
         <name>.debug_info</name>
         <load_address>0xe8c78</load_address>
         <run_address>0xe8c78</run_address>
         <size>0xfcb8</size>
         <input_file_ref idref="fl-20"/>
      </object_component>
      <object_component id="oc-137">
         <name>.debug_info</name>
         <load_address>0xf8930</load_address>
         <run_address>0xf8930</run_address>
         <size>0xcf54</size>
         <input_file_ref idref="fl-21"/>
      </object_component>
      <object_component id="oc-13c">
         <name>.debug_info</name>
         <load_address>0x105884</load_address>
         <run_address>0x105884</run_address>
         <size>0x4ede</size>
         <input_file_ref idref="fl-22"/>
      </object_component>
      <object_component id="oc-142">
         <name>.debug_info</name>
         <load_address>0x10a762</load_address>
         <run_address>0x10a762</run_address>
         <size>0x10973</size>
         <input_file_ref idref="fl-23"/>
      </object_component>
      <object_component id="oc-147">
         <name>.debug_info</name>
         <load_address>0x11b0d5</load_address>
         <run_address>0x11b0d5</run_address>
         <size>0x29e9</size>
         <input_file_ref idref="fl-24"/>
      </object_component>
      <object_component id="oc-14c">
         <name>.debug_info</name>
         <load_address>0x11dabe</load_address>
         <run_address>0x11dabe</run_address>
         <size>0x340e</size>
         <input_file_ref idref="fl-25"/>
      </object_component>
      <object_component id="oc-153">
         <name>.debug_info</name>
         <load_address>0x120ecc</load_address>
         <run_address>0x120ecc</run_address>
         <size>0x1f9e</size>
         <input_file_ref idref="fl-26"/>
      </object_component>
      <object_component id="oc-158">
         <name>.debug_info</name>
         <load_address>0x122e6a</load_address>
         <run_address>0x122e6a</run_address>
         <size>0x102f2</size>
         <input_file_ref idref="fl-27"/>
      </object_component>
      <object_component id="oc-15c">
         <name>.debug_info</name>
         <load_address>0x13315c</load_address>
         <run_address>0x13315c</run_address>
         <size>0x101</size>
         <input_file_ref idref="fl-28"/>
      </object_component>
      <object_component id="oc-15f">
         <name>.debug_info</name>
         <load_address>0x13325d</load_address>
         <run_address>0x13325d</run_address>
         <size>0x111a</size>
         <input_file_ref idref="fl-29"/>
      </object_component>
      <object_component id="oc-166">
         <name>.debug_info</name>
         <load_address>0x134377</load_address>
         <run_address>0x134377</run_address>
         <size>0x483</size>
         <input_file_ref idref="fl-2a"/>
      </object_component>
      <object_component id="oc-16b">
         <name>.debug_info</name>
         <load_address>0x1347fa</load_address>
         <run_address>0x1347fa</run_address>
         <size>0x180</size>
         <input_file_ref idref="fl-2b"/>
      </object_component>
      <object_component id="oc-16d">
         <name>.debug_info</name>
         <load_address>0x13497a</load_address>
         <run_address>0x13497a</run_address>
         <size>0x4c3</size>
         <input_file_ref idref="fl-2c"/>
      </object_component>
      <object_component id="oc-172">
         <name>.debug_info</name>
         <load_address>0x134e3d</load_address>
         <run_address>0x134e3d</run_address>
         <size>0x99e</size>
         <input_file_ref idref="fl-2d"/>
      </object_component>
      <object_component id="oc-177">
         <name>.debug_info</name>
         <load_address>0x1357db</load_address>
         <run_address>0x1357db</run_address>
         <size>0x3bd</size>
         <input_file_ref idref="fl-2e"/>
      </object_component>
      <object_component id="oc-17c">
         <name>.debug_info</name>
         <load_address>0x135b98</load_address>
         <run_address>0x135b98</run_address>
         <size>0x37f</size>
         <input_file_ref idref="fl-2f"/>
      </object_component>
      <object_component id="oc-181">
         <name>.debug_info</name>
[...]
         <name>_InputXbarRegs</name>
         <value>0x7900</value>
         <object_component_ref idref="oc-223"/>
      </symbol>
      <symbol id="sm-85b">
         <name>_EPwmXbarRegs</name>
         <value>0x7a00</value>
         <object_component_ref idref="oc-245"/>
      </symbol>
      <symbol id="sm-85c">
         <name>_Cmpss7Regs</name>
         <value>0x5d40</value>
         <object_component_ref idref="oc-221"/>
      </symbol>
      <symbol id="sm-85d">
         <name>_DcsmZ2Regs</name>
         <value>0x5f040</value>
         <object_component_ref idref="oc-226"/>
      </symbol>
      <symbol id="sm-85e">
         <name>_EPwm4Regs</name>
         <value>0x4300</value>
         <object_component_ref idref="oc-257"/>
      </symbol>
      <symbol id="sm-85f">
         <name>_FlashPumpSemaphoreRegs</name>
         <value>0x50024</value>
         <object_component_ref idref="oc-1f5"/>
      </symbol>
      <symbol id="sm-860">
         <name>_ECap5Regs</name>
         <value>0x5080</value>
         <object_component_ref idref="oc-218"/>
      </symbol>
      <symbol id="sm-861">
         <name>_I2cbRegs</name>
         <value>0x7340</value>
         <object_component_ref idref="oc-22d"/>
      </symbol>
      <symbol id="sm-862">
         <name>_CpuTimer1Regs</name>
         <value>0xc08</value>
         <object_component_ref idref="oc-1ff"/>
      </symbol>
      <symbol id="sm-863">
         <name>_RomPrefetchRegs</name>
         <value>0x5e608</value>
         <object_component_ref idref="oc-1f6"/>
      </symbol>
      <symbol id="sm-864">
         <name>_Clb4LogicCtrlRegs</name>
         <value>0x3d00</value>
         <object_component_ref idref="oc-243"/>
      </symbol>
      <symbol id="sm-865">
         <name>_Cmpss4Regs</name>
         <value>0x5ce0</value>
         <object_component_ref idref="oc-21e"/>
      </symbol>
      <symbol id="sm-866">
         <name>_Clb1DataExchRegs</name>
         <value>0x3200</value>
         <object_component_ref idref="oc-260"/>
      </symbol>
      <symbol id="sm-867">
         <name>_EPwm5Regs</name>
         <value>0x4400</value>
         <object_component_ref idref="oc-258"/>
      </symbol>
      <symbol id="sm-868">
         <name>_UppRegs</name>
         <value>0x6200</value>
         <object_component_ref idref="oc-24a"/>
      </symbol>
      <symbol id="sm-869">
         <name>_SpiaRegs</name>
         <value>0x6100</value>
         <object_component_ref idref="oc-20a"/>
      </symbol>
      <symbol id="sm-86a">
         <name>_CpuSysRegs</name>
         <value>0x5d300</value>
         <object_component_ref idref="oc-251"/>
      </symbol>
      <symbol id="sm-86b">
         <name>_CanbRegs</name>
         <value>0x4a000</value>
         <object_component_ref idref="oc-266"/>
      </symbol>
      <symbol id="sm-86c">
         <name>_ECap6Regs</name>
         <value>0x50a0</value>
         <object_component_ref idref="oc-219"/>
      </symbol>
      <symbol id="sm-86d">
         <name>_ClbXbarRegs</name>
         <value>0x7a40</value>
         <object_component_ref idref="oc-244"/>
      </symbol>
      <symbol id="sm-86e">
         <name>_DmaRegs</name>
         <value>0x1000</value>
         <object_component_ref idref="oc-252"/>
      </symbol>
      <symbol id="sm-86f">
         <name>_XintRegs</name>
         <value>0x7070</value>
         <object_component_ref idref="oc-203"/>
      </symbol>
      <symbol id="sm-870">
         <name>_CpuTimer0Regs</name>
         <value>0xc00</value>
         <object_component_ref idref="oc-1fe"/>
      </symbol>
      <symbol id="sm-871">
         <name>_Cmpss5Regs</name>
         <value>0x5d00</value>
         <object_component_ref idref="oc-21f"/>
      </symbol>
      <symbol id="sm-872">
         <name>_Emif1Regs</name>
         <value>0x47000</value>
         <object_component_ref idref="oc-232"/>
      </symbol>
      <symbol id="sm-873">
         <name>_AccessProtectionRegs</name>
         <value>0x5f4c0</value>
         <object_component_ref idref="oc-236"/>
      </symbol>
      <symbol id="sm-874">
         <name>_MemCfgRegs</name>
         <value>0x5f400</value>
         <object_component_ref idref="oc-24b"/>
      </symbol>
      <symbol id="sm-875">
         <name>_DacaRegs</name>
         <value>0x5c00</value>
         <object_component_ref idref="oc-1fa"/>
      </symbol>
      <symbol id="sm-876">
         <name>_McbspbRegs</name>
         <value>0x6040</value>
         <object_component_ref idref="oc-231"/>
      </symbol>
      <symbol id="sm-877">
         <name>_EPwm6Regs</name>
         <value>0x4500</value>
         <object_component_ref idref="oc-259"/>
      </symbol>
      <symbol id="sm-878">
         <name>_AdcaRegs</name>
         <value>0x7400</value>
         <object_component_ref idref="oc-24c"/>
      </symbol>
      <symbol id="sm-879">
         <name>_SciaRegs</name>
         <value>0x7200</value>
         <object_component_ref idref="oc-205"/>
      </symbol>
      <symbol id="sm-87a">
         <name>_EPwm11Regs</name>
         <value>0x4a00</value>
         <object_component_ref idref="oc-25e"/>
      </symbol>
      <symbol id="sm-87b">
         <name>_GpioDataRegs</name>
         <value>0x7f00</value>
         <object_component_ref idref="oc-237"/>
      </symbol>
      <symbol id="sm-87c">
         <name>_Sdfm1Regs</name>
         <value>0x5e00</value>
         <object_component_ref idref="oc-247"/>
      </symbol>
      <symbol id="sm-87d">
         <name>_Cmpss2Regs</name>
         <value>0x5ca0</value>
         <object_component_ref idref="oc-21c"/>
      </symbol>
      <symbol id="sm-87e">
         <name>_Emif2Regs</name>
         <value>0x47800</value>
         <object_component_ref idref="oc-233"/>
      </symbol>
      <symbol id="sm-87f">
         <name>_DcsmZ1Regs</name>
         <value>0x5f000</value>
         <object_component_ref idref="oc-225"/>
      </symbol>
      <symbol id="sm-880">
         <name>_Flash0CtrlRegs</name>
         <value>0x5f800</value>
         <object_component_ref idref="oc-268"/>
      </symbol>
      <symbol id="sm-881">
         <name>_EPwm7Regs</name>
         <value>0x4600</value>
         <object_component_ref idref="oc-25a"/>
      </symbol>
      <symbol id="sm-882">
         <name>_SpicRegs</name>
         <value>0x6120</value>
         <object_component_ref idref="oc-20d"/>
      </symbol>
      <symbol id="sm-883">
         <name>_Clb4DataExchRegs</name>
         <value>0x3e00</value>
         <object_component_ref idref="oc-263"/>
      </symbol>
      <symbol id="sm-884">
         <name>_EPwm10Regs</name>
         <value>0x4900</value>
         <object_component_ref idref="oc-25d"/>
      </symbol>
      <symbol id="sm-885">
         <name>_CpuTimer2Regs</name>
         <value>0xc10</value>
         <object_component_ref idref="oc-200"/>
      </symbol>
      <symbol id="sm-886">
         <name>_Clb3LogicCfgRegs</name>
         <value>0x3800</value>
         <object_component_ref idref="oc-23e"/>
      </symbol>
      <symbol id="sm-887">
         <name>_DmaClaSrcSelRegs</name>
         <value>0x7980</value>
         <object_component_ref idref="oc-212"/>
      </symbol>
      <symbol id="sm-888">
         <name>_AnalogSubsysRegs</name>
         <value>0x5d180</value>
         <object_component_ref idref="oc-23a"/>
      </symbol>
      <symbol id="sm-889">
         <name>_Cmpss3Regs</name>
         <value>0x5cc0</value>
         <object_component_ref idref="oc-21d"/>
      </symbol>
      <symbol id="sm-88a">
         <name>_DaccRegs</name>
         <value>0x5c20</value>
         <object_component_ref idref="oc-1fc"/>
      </symbol>
      <symbol id="sm-88b">
         <name>_PieCtrlRegs</name>
         <value>0xce0</value>
         <object_component_ref idref="oc-21a"/>
      </symbol>
      <symbol id="sm-88c">
         <name>_DevCfgRegs</name>
         <value>0x5d000</value>
         <object_component_ref idref="oc-264"/>
      </symbol>
      <symbol id="sm-88d">
         <name>_SpibRegs</name>
         <value>0x6110</value>
         <object_component_ref idref="oc-20c"/>
      </symbol>
      <symbol id="sm-88e">
         <name>_Clb1LogicCtrlRegs</name>
         <value>0x3100</value>
         <object_component_ref idref="oc-240"/>
      </symbol>
      <symbol id="sm-88f">
         <name>_AdccRegs</name>
         <value>0x7500</value>
         <object_component_ref idref="oc-24f"/>
      </symbol>
      <symbol id="sm-890">
         <name>_ScicRegs</name>
         <value>0x7220</value>
         <object_component_ref idref="oc-208"/>
      </symbol>
      <symbol id="sm-891">
         <name>_ECap1Regs</name>
         <value>0x5000</value>
         <object_component_ref idref="oc-213"/>
      </symbol>
      <symbol id="sm-892">
         <name>_OutputXbarRegs</name>
         <value>0x7a80</value>
         <object_component_ref idref="oc-246"/>
      </symbol>
      <symbol id="sm-893">
         <name>_MemoryErrorRegs</name>
         <value>0x5f500</value>
         <object_component_ref idref="oc-239"/>
      </symbol>
      <symbol id="sm-894">
         <name>_Cla1Regs</name>
         <value>0x1400</value>
         <object_component_ref idref="oc-23b"/>
      </symbol>
      <symbol id="sm-895">
         <name>_EQep1Regs</name>
         <value>0x5100</value>
         <object_component_ref idref="oc-227"/>
      </symbol>
      <symbol id="sm-896">
         <name>_DacbRegs</name>
         <value>0x5c10</value>
         <object_component_ref idref="oc-1fb"/>
      </symbol>
      <symbol id="sm-897">
         <name>_Clb2DataExchRegs</name>
         <value>0x3600</value>
         <object_component_ref idref="oc-261"/>
      </symbol>
      <symbol id="sm-898">
         <name>_Clb4LogicCfgRegs</name>
         <value>0x3c00</value>
         <object_component_ref idref="oc-23f"/>
      </symbol>
      <symbol id="sm-899">
         <name>_McbspaRegs</name>
         <value>0x6000</value>
         <object_component_ref idref="oc-22f"/>
      </symbol>
      <symbol id="sm-89a">
         <name>_EPwm1Regs</name>
         <value>0x4000</value>
         <object_component_ref idref="oc-253"/>
      </symbol>
      <symbol id="sm-89b">
         <name>_Clb3LogicCtrlRegs</name>
         <value>0x3900</value>
         <object_component_ref idref="oc-242"/>
      </symbol>
      <symbol id="sm-89c">
         <name>_AdcbRegs</name>
         <value>0x7480</value>
         <object_component_ref idref="oc-24e"/>
      </symbol>
      <symbol id="sm-89d">
         <name>_ScibRegs</name>
         <value>0x7210</value>
         <object_component_ref idref="oc-207"/>
      </symbol>
      <symbol id="sm-89e">
         <name>_AdcaResultRegs</name>
         <value>0xb00</value>
         <object_component_ref idref="oc-20e"/>
      </symbol>
      <symbol id="sm-89f">
         <name>_ECap2Regs</name>
         <value>0x5020</value>
         <object_component_ref idref="oc-215"/>
      </symbol>
      <symbol id="sm-8a0">
         <name>_EPwm12Regs</name>
         <value>0x4b00</value>
         <object_component_ref idref="oc-25f"/>
      </symbol>
      <symbol id="sm-8a1">
         <name>_AdcbResultRegs</name>
         <value>0xb20</value>
         <object_component_ref idref="oc-20f"/>
      </symbol>
      <symbol id="sm-8a2">
         <name>_Clb1LogicCfgRegs</name>
         <value>0x3000</value>
         <object_component_ref idref="oc-23c"/>
      </symbol>
      <symbol id="sm-8a3">
         <name>_AdccResultRegs</name>
         <value>0xb40</value>
         <object_component_ref idref="oc-210"/>
      </symbol>
      <symbol id="sm-8a4">
         <name>_Emif1ConfigRegs</name>
         <value>0x5f480</value>
         <object_component_ref idref="oc-201"/>
      </symbol>
      <symbol id="sm-8a5">
         <name>_Sdfm2Regs</name>
         <value>0x5e80</value>
         <object_component_ref idref="oc-249"/>
      </symbol>
      <symbol id="sm-8a6">
         <name>_AdcdResultRegs</name>
         <value>0xb60</value>
         <object_component_ref idref="oc-211"/>
      </symbol>
      <symbol id="sm-8a7">
         <name>_EQep2Regs</name>
         <value>0x5140</value>
         <object_component_ref idref="oc-229"/>
      </symbol>
      <symbol id="sm-8a8">
         <name>_Cmpss1Regs</name>
         <value>0x5c80</value>
         <object_component_ref idref="oc-21b"/>
      </symbol>
      <symbol id="sm-8a9">
         <name>_EPwm8Regs</name>
         <value>0x4700</value>
         <object_component_ref idref="oc-25b"/>
      </symbol>
      <symbol id="sm-8aa">
         <name>_Emif2ConfigRegs</name>
         <value>0x5f4a0</value>
         <object_component_ref idref="oc-202"/>
      </symbol>
      <symbol id="sm-8ab">
         <name>_DcsmCommonRegs</name>
         <value>0x5f070</value>
         <object_component_ref idref="oc-1f8"/>
      </symbol>
      <symbol id="sm-8ac">
         <name>_EPwm2Regs</name>
         <value>0x4100</value>
         <object_component_ref idref="oc-255"/>
      </symbol>
      <symbol id="sm-8ad">
         <name>_ECap3Regs</name>
         <value>0x5040</value>
         <object_component_ref idref="oc-216"/>
      </symbol>
      <symbol id="sm-8ae">
         <name>_Cmpss8Regs</name>
         <value>0x5d60</value>
         <object_component_ref idref="oc-222"/>
      </symbol>
      <symbol id="sm-8af">
         <name>_EQep3Regs</name>
         <value>0x5180</value>
         <object_component_ref idref="oc-22a"/>
      </symbol>
      <symbol id="sm-8b0">
         <name>_SyncSocRegs</name>
         <value>0x7940</value>
         <object_component_ref idref="oc-1f9"/>
      </symbol>
      <symbol id="sm-8b1">
         <name>_EPwm9Regs</name>
         <value>0x4800</value>
         <object_component_ref idref="oc-25c"/>
      </symbol>
      <symbol id="sm-8b2">
         <name>_NmiIntruptRegs</name>
         <value>0x7060</value>
         <object_component_ref idref="oc-1fd"/>
      </symbol>
      <symbol id="sm-8b3">
         <name>_EPwm3Regs</name>
         <value>0x4200</value>
         <object_component_ref idref="oc-256"/>
      </symbol>
      <symbol id="sm-8b4">
         <name>_I2caRegs</name>
         <value>0x7300</value>
         <object_component_ref idref="oc-22b"/>
      </symbol>
      <symbol id="sm-8c2">
         <name>_cos</name>
         <value>0x8456f</value>
         <object_component_ref idref="oc-2d0"/>
      </symbol>
      <symbol id="sm-8c3">
         <name>_cosf</name>
         <value>0x8456f</value>
         <object_component_ref idref="oc-2d0"/>
      </symbol>
      <symbol id="sm-8d4">
         <name>_round</name>
         <value>0x83fc1</value>
         <object_component_ref idref="oc-2d5"/>
      </symbol>
      <symbol id="sm-8d5">
         <name>_roundf</name>
         <value>0x83fc1</value>
         <object_component_ref idref="oc-2d5"/>
      </symbol>
      <symbol id="sm-8e3">
         <name>_sin</name>
         <value>0x84509</value>
         <object_component_ref idref="oc-2cf"/>
      </symbol>
      <symbol id="sm-8e4">
         <name>_sinf</name>
         <value>0x84509</value>
         <object_component_ref idref="oc-2cf"/>
      </symbol>
      <symbol id="sm-900">
         <name>_c_int00</name>
         <value>0x84732</value>
         <object_component_ref idref="oc-8e"/>
      </symbol>
      <symbol id="sm-901">
         <name>__stack</name>
         <value>0x400</value>
         <object_component_ref idref="oc-27a"/>
      </symbol>
      <symbol id="sm-912">
         <name>FS$$DIV</name>
         <value>0x84481</value>
         <object_component_ref idref="oc-280"/>
      </symbol>
      <symbol id="sm-91e">
         <name>LL$$AND</name>
         <value>0x848af</value>
         <object_component_ref idref="oc-285"/>
      </symbol>
      <symbol id="sm-91f">
         <name>LL$$OR</name>
         <value>0x848b7</value>
         <object_component_ref idref="oc-285"/>
      </symbol>
      <symbol id="sm-920">
         <name>LL$$XOR</name>
         <value>0x848bf</value>
         <object_component_ref idref="oc-285"/>
      </symbol>
      <symbol id="sm-92f">
         <name>_copy_in</name>
         <value>0x84851</value>
         <object_component_ref idref="oc-2ca"/>
      </symbol>
      <symbol id="sm-941">
         <name>_memcpy</name>
         <value>0x84892</value>
         <object_component_ref idref="oc-2e0"/>
      </symbol>
      <symbol id="sm-94e">
         <name>__system_pre_init</name>
         <value>0x83ffd</value>
         <object_component_ref idref="oc-2c9"/>
      </symbol>
      <symbol id="sm-95c">
         <name>__system_post_cinit</name>
         <value>0x83fff</value>
         <object_component_ref idref="oc-2cb"/>
      </symbol>
      <symbol id="sm-971">
         <name>C$$EXIT</name>
         <value>0x847da</value>
         <object_component_ref idref="oc-2cd"/>
      </symbol>
      <symbol id="sm-972">
         <name>_exit</name>
         <value>0x847dc</value>
         <object_component_ref idref="oc-2cd"/>
      </symbol>
      <symbol id="sm-974">
         <name>___TI_cleanup_ptr</name>
         <value>0xab7c</value>
         <object_component_ref idref="oc-2a0"/>
      </symbol>
      <symbol id="sm-975">
         <name>___TI_enable_exit_profile_output</name>
         <value>0xab7a</value>
         <object_component_ref idref="oc-2a0"/>
      </symbol>
      <symbol id="sm-976">
         <name>_abort</name>
         <value>0x847da</value>
         <object_component_ref idref="oc-2cd"/>
      </symbol>
      <symbol id="sm-978">
         <name>___TI_dtors_ptr</name>
         <value>0xab7e</value>
         <object_component_ref idref="oc-2a0"/>
      </symbol>
      <symbol id="sm-98c">
         <name>__unlock</name>
         <value>0xab8e</value>
         <object_component_ref idref="oc-2f2"/>
      </symbol>
      <symbol id="sm-98d">
         <name>__lock</name>
         <value>0xab8c</value>
         <object_component_ref idref="oc-2e1"/>
      </symbol>
      <symbol id="sm-98e">
         <name>__register_lock</name>
         <value>0x848dd</value>
         <object_component_ref idref="oc-2ec"/>
      </symbol>
      <symbol id="sm-990">
         <name>__nop</name>
         <value>0x848e1</value>
         <object_component_ref idref="oc-2ec"/>
      </symbol>
      <symbol id="sm-992">
         <name>__register_unlock</name>
         <value>0x848d9</value>
         <object_component_ref idref="oc-2ec"/>
      </symbol>
      <symbol id="sm-9a2">
         <name>__args_main</name>
         <value>0x848c7</value>
         <object_component_ref idref="oc-2cc"/>
      </symbol>
      <symbol id="sm-9c2">
         <name>_floorf</name>
         <value>0x8462b</value>
         <object_component_ref idref="oc-2eb"/>
      </symbol>
      <symbol id="sm-9c4">
         <name>_floor</name>
         <value>0x8462b</value>
         <object_component_ref idref="oc-2eb"/>
      </symbol>
      <symbol id="sm-9cf">
         <name>_DQ0_ABC_F_FUNC</name>
         <value>0x846f1</value>
         <object_component_ref idref="oc-2ba"/>
      </symbol>
      <symbol id="sm-9d0">
         <name>_DQ0_ABC_F_init</name>
         <value>0x846db</value>
         <object_component_ref idref="oc-2ba"/>
      </symbol>
      <symbol id="sm-9db">
         <name>_ABC_DQ0_POS_F_init</name>
         <value>0x845d2</value>
         <object_component_ref idref="oc-2bf"/>
      </symbol>
      <symbol id="sm-9dc">
         <name>_ABC_DQ0_POS_F_FUNC</name>
         <value>0x845e8</value>
         <object_component_ref idref="oc-2bf"/>
      </symbol>
      <symbol id="sm-9e7">
         <name>_ABC_DQ0_NEG_F_init</name>
         <value>0x84684</value>
         <object_component_ref idref="oc-2c4"/>
      </symbol>
      <symbol id="sm-9e8">
         <name>_ABC_DQ0_NEG_F_FUNC</name>
         <value>0x8469a</value>
         <object_component_ref idref="oc-2c4"/>
      </symbol>
   </symbol_table>
   <title>Link successful</title>
</link_info>
